Archive member included because of file (symbol)

..\mruby-1.0.0\build\PICrouter\lib\libmruby.a(class.o)
                              build/default/debug/picrouter.o (mrb_define_method)
..\mruby-1.0.0\build\PICrouter\lib\libmruby.a(error.o)
                              ..\mruby-1.0.0\build\PICrouter\lib\libmruby.a(class.o) (mrb_raise)
..\mruby-1.0.0\build\PICrouter\lib\libmruby.a(gc.o)
                              ..\mruby-1.0.0\build\PICrouter\lib\libmruby.a(class.o) (mrb_free)
..\mruby-1.0.0\build\PICrouter\lib\libmruby.a(hash.o)
                              ..\mruby-1.0.0\build\PICrouter\lib\libmruby.a(gc.o) (mrb_gc_mark_hash)
..\mruby-1.0.0\build\PICrouter\lib\libmruby.a(kernel.o)
                              ..\mruby-1.0.0\build\PICrouter\lib\libmruby.a(error.o) (mrb_obj_clone)
..\mruby-1.0.0\build\PICrouter\lib\libmruby.a(object.o)
                              ..\mruby-1.0.0\build\PICrouter\lib\libmruby.a(error.o) (mrb_obj_equal)
..\mruby-1.0.0\build\PICrouter\lib\libmruby.a(print.o)
                              ..\mruby-1.0.0\build\PICrouter\lib\libmruby.a(error.o) (mrb_p)
..\mruby-1.0.0\build\PICrouter\lib\libmruby.a(proc.o)
                              ..\mruby-1.0.0\build\PICrouter\lib\libmruby.a(class.o) (mrb_proc_new_cfunc)
..\mruby-1.0.0\build\PICrouter\lib\libmruby.a(state.o)
                              build/default/debug/picrouter.o (mrb_open_allocf)
..\mruby-1.0.0\build\PICrouter\lib\libmruby.a(string.o)
                              ..\mruby-1.0.0\build\PICrouter\lib\libmruby.a(class.o) (mrb_str_modify)
..\mruby-1.0.0\build\PICrouter\lib\libmruby.a(symbol.o)
                              ..\mruby-1.0.0\build\PICrouter\lib\libmruby.a(class.o) (mrb_intern_static)
..\mruby-1.0.0\build\PICrouter\lib\libmruby.a(variable.o)
                              ..\mruby-1.0.0\build\PICrouter\lib\libmruby.a(gc.o) (mrb_gc_mark_gv)
..\mruby-1.0.0\build\PICrouter\lib\libmruby.a(vm.o)
                              ..\mruby-1.0.0\build\PICrouter\lib\libmruby.a(error.o) (mrb_longjmp)
..\mruby-1.0.0\build\PICrouter\lib\libmruby.a(array.o)
                              ..\mruby-1.0.0\build\PICrouter\lib\libmruby.a(string.o) (mrb_ary_pop)
..\mruby-1.0.0\build\PICrouter\lib\libmruby.a(backtrace.o)
                              ..\mruby-1.0.0\build\PICrouter\lib\libmruby.a(print.o) (mrb_print_backtrace)
..\mruby-1.0.0\build\PICrouter\lib\libmruby.a(debug.o)
                              ..\mruby-1.0.0\build\PICrouter\lib\libmruby.a(error.o) (mrb_debug_get_filename)
..\mruby-1.0.0\build\PICrouter\lib\libmruby.a(etc.o)
                              ..\mruby-1.0.0\build\PICrouter\lib\libmruby.a(kernel.o) (mrb_obj_id)
..\mruby-1.0.0\build\PICrouter\lib\libmruby.a(init.o)
                              ..\mruby-1.0.0\build\PICrouter\lib\libmruby.a(state.o) (mrb_init_core)
..\mruby-1.0.0\build\PICrouter\lib\libmruby.a(numeric.o)
                              ..\mruby-1.0.0\build\PICrouter\lib\libmruby.a(object.o) (mrb_flo_to_fixnum)
..\mruby-1.0.0\build\PICrouter\lib\libmruby.a(range.o)
                              ..\mruby-1.0.0\build\PICrouter\lib\libmruby.a(vm.o) (mrb_range_new)
..\mruby-1.0.0\build\PICrouter\lib\libmruby.a(mrblib.o)
                              ..\mruby-1.0.0\build\PICrouter\lib\libmruby.a(init.o) (mrb_init_mrblib)
..\mruby-1.0.0\build\PICrouter\lib\libmruby.a(compar.o)
                              ..\mruby-1.0.0\build\PICrouter\lib\libmruby.a(init.o) (mrb_init_comparable)
..\mruby-1.0.0\build\PICrouter\lib\libmruby.a(enum.o)
                              ..\mruby-1.0.0\build\PICrouter\lib\libmruby.a(init.o) (mrb_init_enumerable)
..\mruby-1.0.0\build\PICrouter\lib\libmruby.a(load.o)
                              ..\mruby-1.0.0\build\PICrouter\lib\libmruby.a(mrblib.o) (mrb_load_irep)
..\mruby-1.0.0\build\PICrouter\lib\libmruby.a(crc.o)
                              ..\mruby-1.0.0\build\PICrouter\lib\libmruby.a(load.o) (calc_crc_16_ccitt)
c:/program files (x86)/microchip/xc32/v1.22/bin/../lib/gcc/pic32mx/4.5.2/../../../../pic32mx/lib/mips16\libmchp_peripheral.a(read_core_timer_lib.o)
                              build/default/debug/_ext/1340694758/ETHPIC32ExtPhy.o (ReadCoreTimer)
c:/program files (x86)/microchip/xc32/v1.22/bin/../lib/gcc/pic32mx/4.5.2/../../../../pic32mx/lib/mips16\libmchp_peripheral_32MX795F512H.a(eth_ack_packet_lib.o)
                              build/default/debug/_ext/1340694758/ETHPIC32IntMac.o (EthRxAcknowledgeBuffer)
c:/program files (x86)/microchip/xc32/v1.22/bin/../lib/gcc/pic32mx/4.5.2/../../../../pic32mx/lib/mips16\libmchp_peripheral_32MX795F512H.a(eth_descriptors_add_lib.o)
                              build/default/debug/_ext/1340694758/ETHPIC32IntMac.o (EthDescriptorsPoolAdd)
c:/program files (x86)/microchip/xc32/v1.22/bin/../lib/gcc/pic32mx/4.5.2/../../../../pic32mx/lib/mips16\libmchp_peripheral_32MX795F512H.a(eth_init_lib.o)
                              build/default/debug/_ext/1340694758/ETHPIC32IntMac.o (EthInit)
[...]
Memory Configuration

Name             Origin             Length             Attributes
kseg0_program_mem 0x9d004490         0x0007cb70         xr
kseg0_boot_mem   0x9d003000         0x00000000
exception_mem    0x9d003000         0x00001000
kseg1_boot_mem   0x9d004000         0x00000490
debug_exec_mem   0xbfc02000         0x00000ff0
config3          0xbfc02ff0         0x00000004
config2          0xbfc02ff4         0x00000004
config1          0xbfc02ff8         0x00000004
config0          0xbfc02ffc         0x00000004
kseg1_data_mem   0xa0000000         0x00020000         w !x
sfrs             0xbf800000         0x00100000
configsfrs       0xbfc02ff0         0x00000010
*default*        0x00000000         0xffffffff

Linker script and memory map

LOAD c:/program files (x86)/microchip/xc32/v1.22/bin/../lib/gcc/pic32mx/4.5.2/../../../../pic32mx/lib/mips16/crt0.o
LOAD build/default/debug/_ext/454704213/analog.o
LOAD build/default/debug/_ext/454704213/iosetting.o
LOAD build/default/debug/_ext/454704213/TimeDelay.o
LOAD build/default/debug/_ext/454704213/usb_config.o
LOAD build/default/debug/_ext/454704213/usb_descriptors.o
LOAD build/default/debug/_ext/454704213/osc.o
LOAD build/default/debug/_ext/454704213/sram.o
LOAD build/default/debug/_ext/454704213/usb_callback.o
LOAD build/default/debug/_ext/1340694758/ARP.o
LOAD build/default/debug/_ext/1340694758/DHCP.o
LOAD build/default/debug/_ext/1340694758/DHCPs.o
LOAD build/default/debug/_ext/1340694758/ETHPIC32ExtPhy.o
LOAD build/default/debug/_ext/1340694758/ETHPIC32ExtPhyDP83848.o
LOAD build/default/debug/_ext/1340694758/ETHPIC32IntMac.o
LOAD build/default/debug/_ext/1340694758/Helpers.o
LOAD build/default/debug/_ext/1340694758/ICMP.o
LOAD build/default/debug/_ext/1340694758/IP.o
LOAD build/default/debug/_ext/1340694758/NBNS.o
LOAD build/default/debug/_ext/1340694758/StackTsk.o
LOAD build/default/debug/_ext/1340694758/Tick.o
LOAD build/default/debug/_ext/1340694758/UDP.o
LOAD build/default/debug/_ext/1340694758/ZeroconfHelper.o
LOAD build/default/debug/_ext/1340694758/ZeroconfLinkLocal.o
LOAD build/default/debug/_ext/1340694758/ZeroconfMulticastDNS.o
LOAD build/default/debug/_ext/1798056102/usb_device.o
LOAD build/default/debug/_ext/1798056102/usb_function_hid.o
LOAD build/default/debug/_ext/1798056102/usb_host.o
LOAD build/default/debug/_ext/1798056102/usb_host_cdc.o
LOAD build/default/debug/_ext/1798056102/usb_host_cdc_interface.o
LOAD build/default/debug/_ext/1798056102/usb_host_hid.o
LOAD build/default/debug/_ext/1798056102/usb_host_hid_parser.o
LOAD build/default/debug/_ext/1798056102/usb_host_midi.o
LOAD build/default/debug/picrouter.o
LOAD build/default/debug/mrb_picrouter.o
LOAD ..\mruby-1.0.0\build\PICrouter\lib\libmruby.a
                0x00000001                __MPLAB_BUILD = 0x1
                0x00000400                PROVIDE (_min_stack_size, 0x400)
LOAD c:/program files (x86)/microchip/xc32/v1.22/bin/../lib/gcc/pic32mx/4.5.2/../../../../pic32mx/lib/./proc/32MX795F512H\processor.o
START GROUP
LOAD c:/program files (x86)/microchip/xc32/v1.22/bin/../lib/gcc/pic32mx/4.5.2/../../../../pic32mx/lib/mips16\libmchp_peripheral.a
END GROUP
START GROUP
LOAD c:/program files (x86)/microchip/xc32/v1.22/bin/../lib/gcc/pic32mx/4.5.2/../../../../pic32mx/lib/mips16\libmchp_peripheral_32MX795F512H.a
END GROUP
                0x00000001                PROVIDE (_vector_spacing, 0x1)
                0x9d003000                _ebase_address = 0x9d003000
                0x9d004000                _RESET_ADDR = 0x9d004000
                0x9d004380                _BEV_EXCPT_ADDR = 0x9d004380
                0x9d004480                _DBG_EXCPT_ADDR = 0x9d004480
                0xbfc02000                _DBG_CODE_ADDR = 0xbfc02000
                0x00000ff0                _DBG_CODE_SIZE = 0xff0
                0x9d003180                _GEN_EXCPT_ADDR = (_ebase_address + 0x180)

.config_BFC02FF0
 *(.config_BFC02FF0)

.config_BFC02FF4
 *(.config_BFC02FF4)

.config_BFC02FF8
 *(.config_BFC02FF8)

.config_BFC02FFC
 *(.config_BFC02FFC)
                0xbfc02000                PROVIDE (_DBG_CODE_ADDR, 0xbfc02000)
                0x00000ff0                PROVIDE (_DBG_CODE_SIZE, 0xff0)

.reset          0x9d004000      0x1f4
 *(.reset)
 .reset         0x9d004000       0x10 c:/program files (x86)/microchip/xc32/v1.22/bin/../lib/gcc/pic32mx/4.5.2/../../../../pic32mx/lib/mips16/crt0.o
                0x9d004000                _reset
 *(.reset.startup)
 .reset.startup
                0x9d004010      0x1e4 c:/program files (x86)/microchip/xc32/v1.22/bin/../lib/gcc/pic32mx/4.5.2/../../../../pic32mx/lib/mips16/crt0.o

.bev_excpt      0x9d004380       0x10
 *(.bev_handler)
 .bev_handler   0x9d004380       0x10 c:/program files (x86)/microchip/xc32/v1.22/bin/../lib/gcc/pic32mx/4.5.2/../../../../pic32mx/lib/mips16/crt0.o

.dbg_excpt      0x9d004480        0x0
                0x9d004480                . = (. + DEFINED (_DEBUGGER)?0x8:0x0)

.dbg_code       0xbfc02000        0x0
                0xbfc02000                . = (. + DEFINED (_DEBUGGER)?_DBG_CODE_SIZE:0x0)

.app_excpt      0x9d003180       0x10
 *(.gen_handler)
 .gen_handler   0x9d003180       0x10 c:/program files (x86)/microchip/xc32/v1.22/bin/../lib/gcc/pic32mx/4.5.2/../../../../pic32mx/lib/mips16/crt0.o

.vector_0       0x9d003200        0x0
 *(.vector_0)
                0x00000001                ASSERT (((_vector_spacing == 0x0) || (SIZEOF (.vector_0) <= (_vector_spacing << 0x5))), function at exception vector 0 too large)

.vector_1       0x9d003220        0x0
 *(.vector_1)
                0x00000001                ASSERT (((_vector_spacing == 0x0) || (SIZEOF (.vector_1) <= (_vector_spacing << 0x5))), function at exception vector 1 too large)

.vector_2       0x9d003240        0x0
 *(.vector_2)
                0x00000001                ASSERT (((_vector_spacing == 0x0) || (SIZEOF (.vector_2) <= (_vector_spacing << 0x5))), function at exception vector 2 too large)

.vector_3       0x9d003260        0x0
 *(.vector_3)
                0x00000001                ASSERT (((_vector_spacing == 0x0) || (SIZEOF (.vector_3) <= (_vector_spacing << 0x5))), function at exception vector 3 too large)

.vector_4       0x9d003280        0x8
 *(.vector_4)
 .vector_4      0x9d003280        0x8 build/default/debug/_ext/1340694758/Tick.o
                0x9d003280                __vector_dispatch_4
                0x00000001                ASSERT (((_vector_spacing == 0x0) || (SIZEOF (.vector_4) <= (_vector_spacing << 0x5))), function at exception vector 4 too large)

.vector_5       0x9d0032a0        0x0
 *(.vector_5)
                0x00000001                ASSERT (((_vector_spacing == 0x0) || (SIZEOF (.vector_5) <= (_vector_spacing << 0x5))), function at exception vector 5 too large)

.vector_6       0x9d0032c0        0x0
 *(.vector_6)
                0x00000001                ASSERT (((_vector_spacing == 0x0) || (SIZEOF (.vector_6) <= (_vector_spacing << 0x5))), function at exception vector 6 too large)

.vector_7       0x9d0032e0        0x0
 *(.vector_7)
                0x00000001                ASSERT (((_vector_spacing == 0x0) || (SIZEOF (.vector_7) <= (_vector_spacing << 0x5))), function at exception vector 7 too large)

.vector_8       0x9d003300        0x0
 *(.vector_8)
                0x00000001                ASSERT (((_vector_spacing == 0x0) || (SIZEOF (.vector_8) <= (_vector_spacing << 0x5))), function at exception vector 8 too large)

.vector_9       0x9d003320        0x0
 *(.vector_9)
                0x00000001                ASSERT (((_vector_spacing == 0x0) || (SIZEOF (.vector_9) <= (_vector_spacing << 0x5))), function at exception vector 9 too large)

.vector_10      0x9d003340        0x0
 *(.vector_10)
                0x00000001                ASSERT (((_vector_spacing == 0x0) || (SIZEOF (.vector_10) <= (_vector_spacing << 0x5))), function at exception vector 10 too large)

.vector_11      0x9d003360        0x0
 *(.vector_11)
                0x00000001                ASSERT (((_vector_spacing == 0x0) || (SIZEOF (.vector_11) <= (_vector_spacing << 0x5))), function at exception vector 11 too large)

.vector_12      0x9d003380        0x0
 *(.vector_12)
                0x00000001                ASSERT (((_vector_spacing == 0x0) || (SIZEOF (.vector_12) <= (_vector_spacing << 0x5))), function at exception vector 12 too large)

.vector_13      0x9d0033a0        0x0
 *(.vector_13)
                0x00000001                ASSERT (((_vector_spacing == 0x0) || (SIZEOF (.vector_13) <= (_vector_spacing << 0x5))), function at exception vector 13 too large)

.vector_14      0x9d0033c0        0x0
 *(.vector_14)
                0x00000001                ASSERT (((_vector_spacing == 0x0) || (SIZEOF (.vector_14) <= (_vector_spacing << 0x5))), function at exception vector 14 too large)

.vector_15      0x9d0033e0        0x0
 *(.vector_15)
                0x00000001                ASSERT (((_vector_spacing == 0x0) || (SIZEOF (.vector_15) <= (_vector_spacing << 0x5))), function at exception vector 15 too large)

.vector_16      0x9d003400        0x0
 *(.vector_16)
                0x00000001                ASSERT (((_vector_spacing == 0x0) || (SIZEOF (.vector_16) <= (_vector_spacing << 0x5))), function at exception vector 16 too large)

.vector_17      0x9d003420        0x0
 *(.vector_17)
                0x00000001                ASSERT (((_vector_spacing == 0x0) || (SIZEOF (.vector_17) <= (_vector_spacing << 0x5))), function at exception vector 17 too large)

.vector_18      0x9d003440        0x0
 *(.vector_18)
                0x00000001                ASSERT (((_vector_spacing == 0x0) || (SIZEOF (.vector_18) <= (_vector_spacing << 0x5))), function at exception vector 18 too large)

.vector_19      0x9d003460        0x0
 *(.vector_19)
                0x00000001                ASSERT (((_vector_spacing == 0x0) || (SIZEOF (.vector_19) <= (_vector_spacing << 0x5))), function at exception vector 19 too large)

.vector_20      0x9d003480        0x8
 *(.vector_20)
 .vector_20     0x9d003480        0x8 build/default/debug/picrouter.o
                0x9d003480                __vector_dispatch_20
                0x00000001                ASSERT (((_vector_spacing == 0x0) || (SIZEOF (.vector_20) <= (_vector_spacing << 0x5))), function at exception vector 20 too large)

.vector_21      0x9d0034a0        0x0
 *(.vector_21)
                0x00000001                ASSERT (((_vector_spacing == 0x0) || (SIZEOF (.vector_21) <= (_vector_spacing << 0x5))), function at exception vector 21 too large)

.vector_22      0x9d0034c0        0x0
 *(.vector_22)
                0x00000001                ASSERT (((_vector_spacing == 0x0) || (SIZEOF (.vector_22) <= (_vector_spacing << 0x5))), function at exception vector 22 too large)

.vector_23      0x9d0034e0        0x0
 *(.vector_23)
                0x00000001                ASSERT (((_vector_spacing == 0x0) || (SIZEOF (.vector_23) <= (_vector_spacing << 0x5))), function at exception vector 23 too large)

.vector_24      0x9d003500        0x0
 *(.vector_24)
                0x00000001                ASSERT (((_vector_spacing == 0x0) || (SIZEOF (.vector_24) <= (_vector_spacing << 0x5))), function at exception vector 24 too large)

.vector_25      0x9d003520        0x0
 *(.vector_25)
                0x00000001                ASSERT (((_vector_spacing == 0x0) || (SIZEOF (.vector_25) <= (_vector_spacing << 0x5))), function at exception vector 25 too large)

.vector_26      0x9d003540        0x0
 *(.vector_26)
                0x00000001                ASSERT (((_vector_spacing == 0x0) || (SIZEOF (.vector_26) <= (_vector_spacing << 0x5))), function at exception vector 26 too large)

.vector_27      0x9d003560        0x0
 *(.vector_27)
                0x00000001                ASSERT (((_vector_spacing == 0x0) || (SIZEOF (.vector_27) <= (_vector_spacing << 0x5))), function at exception vector 27 too large)

.vector_28      0x9d003580        0x0
 *(.vector_28)
                0x00000001                ASSERT (((_vector_spacing == 0x0) || (SIZEOF (.vector_28) <= (_vector_spacing << 0x5))), function at exception vector 28 too large)

.vector_29      0x9d0035a0        0x0
 *(.vector_29)
                0x00000001                ASSERT (((_vector_spacing == 0x0) || (SIZEOF (.vector_29) <= (_vector_spacing << 0x5))), function at exception vector 29 too large)

.vector_30      0x9d0035c0        0x0
 *(.vector_30)
                0x00000001                ASSERT (((_vector_spacing == 0x0) || (SIZEOF (.vector_30) <= (_vector_spacing << 0x5))), function at exception vector 30 too large)

.vector_31      0x9d0035e0        0x0
 *(.vector_31)
                0x00000001                ASSERT (((_vector_spacing == 0x0) || (SIZEOF (.vector_31) <= (_vector_spacing << 0x5))), function at exception vector 31 too large)

.vector_32      0x9d003600        0x0
 *(.vector_32)
                0x00000001                ASSERT (((_vector_spacing == 0x0) || (SIZEOF (.vector_32) <= (_vector_spacing << 0x5))), function at exception vector 32 too large)

.vector_33      0x9d003620        0x0
 *(.vector_33)
                0x00000001                ASSERT (((_vector_spacing == 0x0) || (SIZEOF (.vector_33) <= (_vector_spacing << 0x5))), function at exception vector 33 too large)

.vector_34      0x9d003640        0x0
 *(.vector_34)
                0x00000001                ASSERT (((_vector_spacing == 0x0) || (SIZEOF (.vector_34) <= (_vector_spacing << 0x5))), function at exception vector 34 too large)

.vector_35      0x9d003660        0x0
 *(.vector_35)
                0x00000001                ASSERT (((_vector_spacing == 0x0) || (SIZEOF (.vector_35) <= (_vector_spacing << 0x5))), function at exception vector 35 too large)

.vector_36      0x9d003680        0x0
 *(.vector_36)
                0x00000001                ASSERT (((_vector_spacing == 0x0) || (SIZEOF (.vector_36) <= (_vector_spacing << 0x5))), function at exception vector 36 too large)

.vector_37      0x9d0036a0        0x0
 *(.vector_37)
                0x00000001                ASSERT (((_vector_spacing == 0x0) || (SIZEOF (.vector_37) <= (_vector_spacing << 0x5))), function at exception vector 37 too large)

.vector_38      0x9d0036c0        0x0
 *(.vector_38)
                0x00000001                ASSERT (((_vector_spacing == 0x0) || (SIZEOF (.vector_38) <= (_vector_spacing << 0x5))), function at exception vector 38 too large)

.vector_39      0x9d0036e0        0x0
 *(.vector_39)
                0x00000001                ASSERT (((_vector_spacing == 0x0) || (SIZEOF (.vector_39) <= (_vector_spacing << 0x5))), function at exception vector 39 too large)

.vector_40      0x9d003700        0x0
 *(.vector_40)
                0x00000001                ASSERT (((_vector_spacing == 0x0) || (SIZEOF (.vector_40) <= (_vector_spacing << 0x5))), function at exception vector 40 too large)

.vector_41      0x9d003720        0x0
 *(.vector_41)
                0x00000001                ASSERT (((_vector_spacing == 0x0) || (SIZEOF (.vector_41) <= (_vector_spacing << 0x5))), function at exception vector 41 too large)

.vector_42      0x9d003740        0x0
 *(.vector_42)
                0x00000001                ASSERT (((_vector_spacing == 0x0) || (SIZEOF (.vector_42) <= (_vector_spacing << 0x5))), function at exception vector 42 too large)

.vector_43      0x9d003760        0x0
 *(.vector_43)
                0x00000001                ASSERT (((_vector_spacing == 0x0) || (SIZEOF (.vector_43) <= (_vector_spacing << 0x5))), function at exception vector 43 too large)

.vector_44      0x9d003780        0x0
 *(.vector_44)
                0x00000001                ASSERT (((_vector_spacing == 0x0) || (SIZEOF (.vector_44) <= (_vector_spacing << 0x5))), function at exception vector 44 too large)

.vector_45      0x9d0037a0        0x8
 *(.vector_45)
 .vector_45     0x9d0037a0        0x8 build/default/debug/_ext/1798056102/usb_host.o
                0x9d0037a0                __vector_dispatch_45
                0x00000001                ASSERT (((_vector_spacing == 0x0) || (SIZEOF (.vector_45) <= (_vector_spacing << 0x5))), function at exception vector 45 too large)

.vector_46      0x9d0037c0        0x0
 *(.vector_46)
                0x00000001                ASSERT (((_vector_spacing == 0x0) || (SIZEOF (.vector_46) <= (_vector_spacing << 0x5))), function at exception vector 46 too large)

.vector_47      0x9d0037e0        0x0
 *(.vector_47)
                0x00000001                ASSERT (((_vector_spacing == 0x0) || (SIZEOF (.vector_47) <= (_vector_spacing << 0x5))), function at exception vector 47 too large)

.vector_48      0x9d003800        0x0
 *(.vector_48)
                0x00000001                ASSERT (((_vector_spacing == 0x0) || (SIZEOF (.vector_48) <= (_vector_spacing << 0x5))), function at exception vector 48 too large)

.vector_49      0x9d003820        0x0
 *(.vector_49)
                0x00000001                ASSERT (((_vector_spacing == 0x0) || (SIZEOF (.vector_49) <= (_vector_spacing << 0x5))), function at exception vector 49 too large)

.vector_50      0x9d003840        0x0
 *(.vector_50)
                0x00000001                ASSERT (((_vector_spacing == 0x0) || (SIZEOF (.vector_50) <= (_vector_spacing << 0x5))), function at exception vector 50 too large)

.vector_51      0x9d003860        0x0
 *(.vector_51)
                0x00000001                ASSERT (((_vector_spacing == 0x0) || (SIZEOF (.vector_51) <= (_vector_spacing << 0x5))), function at exception vector 51 too large)

.vector_52      0x9d003880        0x0
 *(.vector_52)
                0x00000001                ASSERT (((_vector_spacing == 0x0) || (SIZEOF (.vector_52) <= (_vector_spacing << 0x5))), function at exception vector 52 too large)

.vector_53      0x9d0038a0        0x0
 *(.vector_53)
                0x00000001                ASSERT (((_vector_spacing == 0x0) || (SIZEOF (.vector_53) <= (_vector_spacing << 0x5))), function at exception vector 53 too large)

.vector_54      0x9d0038c0        0x0
 *(.vector_54)
                0x00000001                ASSERT (((_vector_spacing == 0x0) || (SIZEOF (.vector_54) <= (_vector_spacing << 0x5))), function at exception vector 54 too large)

.vector_55      0x9d0038e0        0x0
 *(.vector_55)
                0x00000001                ASSERT (((_vector_spacing == 0x0) || (SIZEOF (.vector_55) <= (_vector_spacing << 0x5))), function at exception vector 55 too large)

.vector_56      0x9d003900        0x0
 *(.vector_56)
                0x00000001                ASSERT (((_vector_spacing == 0x0) || (SIZEOF (.vector_56) <= (_vector_spacing << 0x5))), function at exception vector 56 too large)

.vector_57      0x9d003920        0x0
 *(.vector_57)
                0x00000001                ASSERT (((_vector_spacing == 0x0) || (SIZEOF (.vector_57) <= (_vector_spacing << 0x5))), function at exception vector 57 too large)

.vector_58      0x9d003940        0x0
 *(.vector_58)
                0x00000001                ASSERT (((_vector_spacing == 0x0) || (SIZEOF (.vector_58) <= (_vector_spacing << 0x5))), function at exception vector 58 too large)

.vector_59      0x9d003960        0x0
 *(.vector_59)
                0x00000001                ASSERT (((_vector_spacing == 0x0) || (SIZEOF (.vector_59) <= (_vector_spacing << 0x5))), function at exception vector 59 too large)

.vector_60      0x9d003980        0x0
 *(.vector_60)
                0x00000001                ASSERT (((_vector_spacing == 0x0) || (SIZEOF (.vector_60) <= (_vector_spacing << 0x5))), function at exception vector 60 too large)

.vector_61      0x9d0039a0        0x0
 *(.vector_61)
                0x00000001                ASSERT (((_vector_spacing == 0x0) || (SIZEOF (.vector_61) <= (_vector_spacing << 0x5))), function at exception vector 61 too large)

.vector_62      0x9d0039c0        0x0
 *(.vector_62)
                0x00000001                ASSERT (((_vector_spacing == 0x0) || (SIZEOF (.vector_62) <= (_vector_spacing << 0x5))), function at exception vector 62 too large)

.vector_63      0x9d0039e0        0x0
 *(.vector_63)
                0x00000001                ASSERT (((_vector_spacing == 0x0) || (SIZEOF (.vector_63) <= (_vector_spacing << 0x5))), function at exception vector 63 too large)

.startup
 *(.startup)

.text           0x9d004490        0x0
 *(.stub .gnu.linkonce.t.*)
 *(.text.*personality*)
 *(.mips16.fn.*)
 *(.mips16.call.*)
 *(.gnu.warning)
                0x9d004490                . = ALIGN (0x4)

.init           0x9d004490        0x0
 *crti.o(.init)
 *crtbegin.o(.init)
 *(EXCLUDE_FILE(*crtn.o *crtend?.o *crtend.o) .init)
 *crtend.o(.init)
 *crtn.o(.init)
                0x9d004490                . = ALIGN (0x4)

.fini           0x9d004490        0x0
 *(.fini)
                0x9d004490                . = ALIGN (0x4)

.preinit_array  0x9d004490        0x0
                0x9d004490                PROVIDE (__preinit_array_start, .)
 *(.preinit_array)
                0x9d004490                PROVIDE (__preinit_array_end, .)
                0x9d004490                . = ALIGN (0x4)

.init_array     0x9d004490        0x0
                0x9d004490                PROVIDE (__init_array_start, .)
 *(SORT(.init_array.*))
 *(.init_array)
                0x9d004490                PROVIDE (__init_array_end, .)
                0x9d004490                . = ALIGN (0x4)

.fini_array     0x9d004490        0x0
                0x9d004490                PROVIDE (__fini_array_start, .)
 *(SORT(.fini_array.*))
 *(.fini_array)
                0x9d004490                PROVIDE (__fini_array_end, .)
                0x9d004490                . = ALIGN (0x4)

.ctors          0x9d004490        0x0
 *crtbegin.o(.ctors)
 *crtbegin?.o(.ctors)
 *(EXCLUDE_FILE(*crtend?.o *crtend.o) .ctors)
 *(SORT(.ctors.*))
 *(.ctors)
                0x9d004490                . = ALIGN (0x4)

.dtors          0x9d004490        0x0
 *crtbegin.o(.dtors)
 *crtbegin?.o(.dtors)
 *(EXCLUDE_FILE(*crtend?.o *crtend.o) .dtors)
 *(SORT(.dtors.*))
 *(.dtors)
                0x9d004490                . = ALIGN (0x4)

.rodata         0x9d004490        0x0
 *(.gnu.linkonce.r.*)
 *(.rodata1)
                0x9d004490                . = ALIGN (0x4)

.sdata2         0x9d003000        0x0
 *(.sdata2 .sdata2.* .gnu.linkonce.s2.*)
                0x9d003000                . = ALIGN (0x4)

.sbss2          0x9d003000        0x0
 *(.sbss2 .sbss2.* .gnu.linkonce.sb2.*)
                0x9d003000                . = ALIGN (0x4)

.eh_frame_hdr
 *(.eh_frame_hdr)
                0x9d003000                . = ALIGN (0x4)

.eh_frame
 *(.eh_frame)
                0x9d003000                . = ALIGN (0x4)

.gcc_except_table
 *(.gcc_except_table .gcc_except_table.*)
                0x9d003000                . = ALIGN (0x4)

.dbg_data       0xa0000000        0x0
                0xa0000000                . = (. + DEFINED (_DEBUGGER)?0x200:0x0)

.jcr            0xa0000000        0x0
 *(.jcr)
                0xa0000000                . = ALIGN (0x4)

.eh_frame       0xa0000000       0x40
 *(.eh_frame)
 .eh_frame      0xa0000000       0x28 c:/program files (x86)/microchip/xc32/v1.22/bin/../lib/gcc/pic32mx/4.5.2/mips16\libgcc.a(_udivdi3.o)
 .eh_frame      0xa0000028       0x18 c:/program files (x86)/microchip/xc32/v1.22/bin/../lib/gcc/pic32mx/4.5.2/mips16\libgcc.a(_umoddi3.o)
                0xa0000040                . = ALIGN (0x4)

.gcc_except_table
 *(.gcc_except_table .gcc_except_table.*)
                0xa0000040                . = ALIGN (0x4)

.persist        0xa0000040        0x4
                0xa0000040                _persist_begin = .
 *(.persist .persist.*)
 *(.pbss .pbss.*)
 .pbss.NextPort
                0xa0000040        0x2 build/default/debug/_ext/1340694758/UDP.o
                0xa0000044                . = ALIGN (0x4)
 *fill*         0xa0000042        0x2 
                0xa0000044                _persist_end = .

.data           0xa0000044        0x0
 *(.gnu.linkonce.d.*)
 *(.data1)
                0xa0000044                . = ALIGN (0x4)
                0xa0000044                . = .
                0xa0008040                _gp = (ALIGN (0x10) + 0x7ff0)

.got            0xa0000044        0x0
 *(.got.plt)
 *(.got)
                0xa0000044                . = ALIGN (0x4)

.sdata          0xa0000044       0x14
                0xa0000044                _sdata_begin = .
 *(.sdata .sdata.* .gnu.linkonce.s.*)
 .sdata.remotePort.remotePort
                0xa0000044        0x2 build/default/debug/_ext/454704213/osc.o
 *fill*         0xa0000046        0x2 
 .sdata.remoteIP.remoteIP
                0xa0000048        0x4 build/default/debug/_ext/454704213/osc.o
 .sdata.LastPutSocket.LastPutSocket
                0xa000004c        0x1 build/default/debug/_ext/1340694758/UDP.o
 *fill*         0xa000004d        0x3 
 .sdata.call_iseq.call_iseq
                0xa0000050        0x4 ..\mruby-1.0.0\build\PICrouter\lib\libmruby.a(proc.o)
 .sdata         0xa0000054        0x4 c:/program files (x86)/microchip/xc32/v1.22/bin/../lib/gcc/pic32mx/4.5.2/../../../../pic32mx/lib/mips16\libpic32.a(xc32_uart.o)
                0xa0000054                __XC_UART
                0xa0000058                . = ALIGN (0x4)
                0xa0000058                _sdata_end = .

.lit8
 *(.lit8)

.lit4
 *(.lit4)
                0xa0000058                . = ALIGN (0x4)
                0xa0000058                _data_end = .
                0xa0000058                _bss_begin = .

.sbss           0xa0000058      0x18c
                0xa0000058                _sbss_begin = .
 *(.dynsbss)
 *(.sbss .sbss.* .gnu.linkonce.sb.*)
 .sbss.currentSection.currentSection
                0xa0000058        0x4 build/default/debug/_ext/454704213/analog.o
 .sbss.currentPosition.currentPosition
                0xa000005c        0x4 build/default/debug/_ext/454704213/analog.o
 .sbss.currentPosition1.currentPosition1
                0xa0000060        0x4 build/default/debug/_ext/454704213/analog.o
 .sbss.prevPosition.prevPosition
                0xa0000064        0x4 build/default/debug/_ext/454704213/analog.o
 .sbss.currentDirection.currentDirection
                0xa0000068        0x4 build/default/debug/_ext/454704213/analog.o
 .sbss.prevDirection.prevDirection
                0xa000006c        0x4 build/default/debug/_ext/454704213/analog.o
 .sbss.prevSection.prevSection
                0xa0000070        0x4 build/default/debug/_ext/454704213/analog.o
 .sbss.centerPosition.centerPosition
                0xa0000074        0x4 build/default/debug/_ext/454704213/analog.o
 .sbss.currentDirection1.currentDirection1
                0xa0000078        0x4 build/default/debug/_ext/454704213/analog.o
 .sbss.DiscoverSocket.DiscoverSocket
                0xa000007c        0x1 build/default/debug/_ext/454704213/osc.o
 .sbss.TxSocket.TxSocket
                0xa000007d        0x1 build/default/debug/_ext/454704213/osc.o
 *fill*         0xa000007e        0x2 
 .sbss.initSendFlag.initSendFlag
                0xa0000080        0x4 build/default/debug/_ext/454704213/osc.o
 .sbss.stdPrefix.stdPrefix
                0xa0000084        0x4 build/default/debug/_ext/454704213/osc.o
 .sbss.chCompletedFlag.chCompletedFlag
                0xa0000088        0x4 build/default/debug/_ext/454704213/osc.o
 .sbss._stackMgrTxNotReady._stackMgrTxNotReady
                0xa000008c        0x4 build/default/debug/_ext/1340694758/ETHPIC32IntMac.o
                0xa000008c                _stackMgrTxNotReady
 .sbss._CurrRdPtr._CurrRdPtr
                0xa0000090        0x4 build/default/debug/_ext/1340694758/ETHPIC32IntMac.o
 .sbss._CurrWrPtr._CurrWrPtr
                0xa0000094        0x4 build/default/debug/_ext/1340694758/ETHPIC32IntMac.o
 .sbss._pTxCurrDcpt._pTxCurrDcpt
                0xa0000098        0x4 build/default/debug/_ext/1340694758/ETHPIC32IntMac.o
 .sbss._TxCurrSize._TxCurrSize
                0xa000009c        0x2 build/default/debug/_ext/1340694758/ETHPIC32IntMac.o
 *fill*         0xa000009e        0x2 
 .sbss._TxLastDcptIx._TxLastDcptIx
                0xa00000a0        0x4 build/default/debug/_ext/1340694758/ETHPIC32IntMac.o
 .sbss.IPHeaderLen.IPHeaderLen
                0xa00000a4        0x1 build/default/debug/_ext/1340694758/IP.o
 *fill*         0xa00000a5        0x1 
 .sbss._Identifier._Identifier
                0xa00000a6        0x2 build/default/debug/_ext/1340694758/IP.o
 .sbss.dwInternalTicks.dwInternalTicks
                0xa00000a8        0x4 build/default/debug/_ext/1340694758/Tick.o
 .sbss.wPutOffset.wPutOffset
                0xa00000ac        0x2 build/default/debug/_ext/1340694758/UDP.o
 .sbss.numTimerInterrupts.numTimerInterrupts
                0xa00000ae        0x2 build/default/debug/_ext/1798056102/usb_host.o
 .sbss.usbHostState.usbHostState
                0xa00000b0        0x2 build/default/debug/_ext/1798056102/usb_host.o
 *fill*         0xa00000b2        0x2 
 .sbss.pCurrentEndpoint.pCurrentEndpoint
                0xa00000b4        0x4 build/default/debug/_ext/1798056102/usb_host.o
 .sbss.usbBusInfo.usbBusInfo
                0xa00000b8        0x4 build/default/debug/_ext/1798056102/usb_host.o
 .sbss.total_size.total_size
                0xa00000bc        0x4 build/default/debug/picrouter.o
                0xa00000bc                total_size
 .sbss.max_usage_size.max_usage_size
                0xa00000c0        0x4 build/default/debug/picrouter.o
                0xa00000c0                max_usage_size
 .sbss.max_reached.max_reached
                0xa00000c4        0x4 build/default/debug/picrouter.o
                0xa00000c4                max_reached
 .sbss.malloc_count.malloc_count
                0xa00000c8        0x4 build/default/debug/picrouter.o
                0xa00000c8                malloc_count
 .sbss.sendOSCTaskIndex.sendOSCTaskIndex
                0xa00000cc        0x1 build/default/debug/picrouter.o
 .sbss.swState1.swState1
                0xa00000cd        0x1 build/default/debug/picrouter.o
 .sbss.swState0.swState0
                0xa00000ce        0x1 build/default/debug/picrouter.o
 *fill*         0xa00000cf        0x1 
 .sbss          0xa00000d0       0x20 c:/program files (x86)/microchip/xc32/v1.22/bin/../lib/gcc/pic32mx/4.5.2/../../../../pic32mx/lib/mips16\libmchp_peripheral_32MX795F512H.a(eth_descriptors_add_lib.o)
                0xa00000d0                _EthTxFreeList
                0xa00000d8                _EthTxBusyList
                0xa00000e0                _EthRxFreeList
                0xa00000e8                _EthRxBusyList
 .sbss          0xa00000f0        0x4 c:/program files (x86)/microchip/xc32/v1.22/bin/../lib/gcc/pic32mx/4.5.2/../../../../pic32mx/lib/mips16\libpic32.a(errno.o)
                0xa00000f0                errno
 .sbss          0xa00000f4        0x1 c:/program files (x86)/microchip/xc32/v1.22/bin/../lib/gcc/pic32mx/4.5.2/../../../../pic32mx/lib/mips16\libc.a(_iob.o)
                0xa00000f4                _outdone
 *fill*         0xa00000f5        0x3 
 .sbss          0xa00000f8       0x10 c:/program files (x86)/microchip/xc32/v1.22/bin/../lib/gcc/pic32mx/4.5.2/../../../../pic32mx/lib/mips16\libc.a(malloc.o)
                0xa00000f8                __allocp
                0xa00000fc                __alloct
                0xa0000100                __allocx
 .sbss          0xa0000108        0x8 c:/program files (x86)/microchip/xc32/v1.22/bin/../lib/gcc/pic32mx/4.5.2/../../../../pic32mx/lib/mips16\libpic32.a(sbrk.o)
                0xa0000108                _minbrk
                0xa000010c                _maxbrk
 *(.scommon)
 .scommon       0xa0000110       0x14 build/default/debug/_ext/454704213/usb_callback.o
                0xa0000110                msCounter
                0xa0000114                deviceHandle
                0xa0000118                endpointBuffers
                0xa000011c                ProcState
                0xa0000120                APPL_CDC_State
 .scommon       0xa0000124        0x4 build/default/debug/_ext/1340694758/ETHPIC32ExtPhy.o
                0xa0000124                _PhyAdd
 .scommon       0xa0000128        0x5 build/default/debug/_ext/1340694758/UDP.o
                0xa0000128                UDPRxCount
                0xa000012a                UDPTxCount
                0xa000012c                activeUDPSocket
 *fill*         0xa000012d        0x3 
 .scommon       0xa0000130       0x69 build/default/debug/_ext/1798056102/usb_device.o
                0xa0000130                BothEP0OutUOWNsSet
                0xa0000134                USBDeferStatusStagePacket
                0xa0000138                USBStatusStageEnabledFlag1
                0xa000013c                USBActiveConfiguration
                0xa0000140                USBStatusStageEnabledFlag2
                0xa0000144                shortPacketStatus
                0xa0000148                USTATcopy
                0xa000014c                SetupPkt
                0xa0000154                USBBusIsSuspended
                0xa0000158                ep_data_out
                0xa0000160                pBDTEntryEP0OutNext
                0xa0000164                controlTransferState
                0xa0000168                pBDTEntryEP0OutCurrent
                0xa000016c                pDst
                0xa0000170                endpoint_number
                0xa0000174                USBDeferINDataStagePackets
                0xa0000178                USBDeferOUTDataStagePackets
                0xa000017c                USBDeviceState
                0xa0000180                CtrlTrfData
                0xa0000188                USBStatusStageTimeoutCounter
                0xa000018c                RemoteWakeup
                0xa0000190                USBAlternateInterface
                0xa0000194                ep_data_in
 .scommon       0xa0000199        0x2 build/default/debug/_ext/1798056102/usb_function_hid.o
                0xa0000199                idle_rate
                0xa000019a                active_protocol
 *fill*         0xa000019b        0x1 
 .scommon       0xa000019c        0x2 build/default/debug/_ext/1798056102/usb_host.o
                0xa000019c                usbOverrideHostState
 *fill*         0xa000019e        0x2 
 .scommon       0xa00001a0       0x14 build/default/debug/_ext/1798056102/usb_host_cdc.o
                0xa00001a0                CDC_DEV_LINE_CODING_Buffer
                0xa00001a8                CDC_LINE_CODING_Buffer
                0xa00001b0                CDC_CONTROL_SIGNAL_Buffer
 .scommon       0xa00001b4       0x2c build/default/debug/picrouter.o
                0xa00001b4                width
                0xa00001b8                currentState
                0xa00001b9                ErrorDriver
                0xa00001bc                OSCTranslatedToUSB
                0xa00001c0                heap_bottom
                0xa00001c4                midiData
                0xa00001c8                NumOfBytesRcvd
                0xa00001cc                freq
                0xa00001d0                cdcOutDataLength
                0xa00001d1                prevState
                0xa00001d4                mrb
                0xa00001d8                duty
 .scommon       0xa00001e0        0x4 c:/program files (x86)/microchip/xc32/v1.22/bin/../lib/gcc/pic32mx/4.5.2/../../../../pic32mx/lib/mips16\libpic32.a(setjmp.o)
                0xa00001e0                _nofpu
                0xa00001e4                _sbss_end = .
                0xa00001e4                . = ALIGN (0x4)

.bss            0xa0000200      0x4bc
 *(.dynbss)
 *(COMMON)
 COMMON         0xa0000200       0x33 build/default/debug/_ext/454704213/analog.o
                0xa0000200                AppConfig
 *fill*         0xa0000233        0x1 
 COMMON         0xa0000234       0xe0 build/default/debug/_ext/1340694758/UDP.o
                0xa0000234                UDPSocketInfo
 *fill*         0xa0000314       0xec 
 COMMON         0xa0000400      0x2bb build/default/debug/_ext/1798056102/usb_device.o
                0xa0000400                pBDTEntryOut
                0xa0000414                pBDTEntryIn
                0xa0000600                BDT
                0xa00006a0                inPipes
                0xa00006b0                outPipes
                0xa00006bc                . = ALIGN ((. != 0x0)?0x4:0x1)
 *fill*         0xa00006bb        0x1 
                0xa00006bc                . = ALIGN (0x4)
                0xa00006bc                _end = .
                0xa00006bc                _bss_end = .
                0x00020000                _bmxdudba_address = 0x20000
                0x00020000                _bmxdupba_address = 0x20000

/DISCARD/
 *(.pdr)
 *(.rel.dyn)
 *(.note.GNU-stack)
 *(.note.GNU-stack)
 *(.gnu_debuglink)
 *(.gnu.lto_*)
 *(.discard)

.gptab.sdata
 *(.gptab.data)
 *(.gptab.sdata)

.gptab.sbss
 *(.gptab.bss)
 *(.gptab.sbss)

.mdebug.abi32   0xa00006bc        0x0
 *(.mdebug.abi32)
 .mdebug.abi32  0xa00006bc        0x0 build/default/debug/_ext/454704213/analog.o
 .mdebug.abi32  0xa00006bc        0x0 build/default/debug/_ext/454704213/iosetting.o
 .mdebug.abi32  0xa00006bc        0x0 build/default/debug/_ext/454704213/TimeDelay.o
 .mdebug.abi32  0xa00006bc        0x0 build/default/debug/_ext/454704213/usb_config.o
 .mdebug.abi32  0xa00006bc        0x0 build/default/debug/_ext/454704213/usb_descriptors.o
 .mdebug.abi32  0xa00006bc        0x0 build/default/debug/_ext/454704213/osc.o
 .mdebug.abi32  0xa00006bc        0x0 build/default/debug/_ext/454704213/sram.o
 .mdebug.abi32  0xa00006bc        0x0 build/default/debug/_ext/454704213/usb_callback.o
 .mdebug.abi32  0xa00006bc        0x0 build/default/debug/_ext/1340694758/ARP.o
 .mdebug.abi32  0xa00006bc        0x0 build/default/debug/_ext/1340694758/DHCP.o
 .mdebug.abi32  0xa00006bc        0x0 build/default/debug/_ext/1340694758/DHCPs.o
 .mdebug.abi32  0xa00006bc        0x0 build/default/debug/_ext/1340694758/ETHPIC32ExtPhy.o
 .mdebug.abi32  0xa00006bc        0x0 build/default/debug/_ext/1340694758/ETHPIC32ExtPhyDP83848.o
 .mdebug.abi32  0xa00006bc        0x0 build/default/debug/_ext/1340694758/ETHPIC32IntMac.o
 .mdebug.abi32  0xa00006bc        0x0 build/default/debug/_ext/1340694758/Helpers.o
 .mdebug.abi32  0xa00006bc        0x0 build/default/debug/_ext/1340694758/ICMP.o
 .mdebug.abi32  0xa00006bc        0x0 build/default/debug/_ext/1340694758/IP.o
 .mdebug.abi32  0xa00006bc        0x0 build/default/debug/_ext/1340694758/NBNS.o
 .mdebug.abi32  0xa00006bc        0x0 build/default/debug/_ext/1340694758/StackTsk.o
 .mdebug.abi32  0xa00006bc        0x0 build/default/debug/_ext/1340694758/Tick.o
 .mdebug.abi32  0xa00006bc        0x0 build/default/debug/_ext/1340694758/UDP.o
 .mdebug.abi32  0xa00006bc        0x0 build/default/debug/_ext/1340694758/ZeroconfHelper.o
 .mdebug.abi32  0xa00006bc        0x0 build/default/debug/_ext/1340694758/ZeroconfLinkLocal.o
 .mdebug.abi32  0xa00006bc        0x0 build/default/debug/_ext/1340694758/ZeroconfMulticastDNS.o
 .mdebug.abi32  0xa00006bc        0x0 build/default/debug/_ext/1798056102/usb_device.o
 .mdebug.abi32  0xa00006bc        0x0 build/default/debug/_ext/1798056102/usb_function_hid.o
 .mdebug.abi32  0xa00006bc        0x0 build/default/debug/_ext/1798056102/usb_host.o
 .mdebug.abi32  0xa00006bc        0x0 build/default/debug/_ext/1798056102/usb_host_cdc.o
 .mdebug.abi32  0xa00006bc        0x0 build/default/debug/_ext/1798056102/usb_host_cdc_interface.o
 .mdebug.abi32  0xa00006bc        0x0 build/default/debug/_ext/1798056102/usb_host_hid.o
 .mdebug.abi32  0xa00006bc        0x0 build/default/debug/_ext/1798056102/usb_host_hid_parser.o
 .mdebug.abi32  0xa00006bc        0x0 build/default/debug/_ext/1798056102/usb_host_midi.o
 .mdebug.abi32  0xa00006bc        0x0 build/default/debug/picrouter.o
 .mdebug.abi32  0xa00006bc        0x0 build/default/debug/mrb_picrouter.o
 .mdebug.abi32  0xa00006bc        0x0 ..\mruby-1.0.0\build\PICrouter\lib\libmruby.a(class.o)
 .mdebug.abi32  0xa00006bc        0x0 ..\mruby-1.0.0\build\PICrouter\lib\libmruby.a(error.o)
 .mdebug.abi32  0xa00006bc        0x0 ..\mruby-1.0.0\build\PICrouter\lib\libmruby.a(gc.o)
 .mdebug.abi32  0xa00006bc        0x0 ..\mruby-1.0.0\build\PICrouter\lib\libmruby.a(hash.o)
 .mdebug.abi32  0xa00006bc        0x0 ..\mruby-1.0.0\build\PICrouter\lib\libmruby.a(kernel.o)
 .mdebug.abi32  0xa00006bc        0x0 ..\mruby-1.0.0\build\PICrouter\lib\libmruby.a(object.o)
 .mdebug.abi32  0xa00006bc        0x0 ..\mruby-1.0.0\build\PICrouter\lib\libmruby.a(print.o)
 .mdebug.abi32  0xa00006bc        0x0 ..\mruby-1.0.0\build\PICrouter\lib\libmruby.a(proc.o)
 .mdebug.abi32  0xa00006bc        0x0 ..\mruby-1.0.0\build\PICrouter\lib\libmruby.a(state.o)
 .mdebug.abi32  0xa00006bc        0x0 ..\mruby-1.0.0\build\PICrouter\lib\libmruby.a(string.o)
 .mdebug.abi32  0xa00006bc        0x0 ..\mruby-1.0.0\build\PICrouter\lib\libmruby.a(symbol.o)
 .mdebug.abi32  0xa00006bc        0x0 ..\mruby-1.0.0\build\PICrouter\lib\libmruby.a(variable.o)
 .mdebug.abi32  0xa00006bc        0x0 ..\mruby-1.0.0\build\PICrouter\lib\libmruby.a(vm.o)
 .mdebug.abi32  0xa00006bc        0x0 ..\mruby-1.0.0\build\PICrouter\lib\libmruby.a(array.o)
 .mdebug.abi32  0xa00006bc        0x0 ..\mruby-1.0.0\build\PICrouter\lib\libmruby.a(backtrace.o)
 .mdebug.abi32  0xa00006bc        0x0 ..\mruby-1.0.0\build\PICrouter\lib\libmruby.a(debug.o)
 .mdebug.abi32  0xa00006bc        0x0 ..\mruby-1.0.0\build\PICrouter\lib\libmruby.a(etc.o)
 .mdebug.abi32  0xa00006bc        0x0 ..\mruby-1.0.0\build\PICrouter\lib\libmruby.a(init.o)
 .mdebug.abi32  0xa00006bc        0x0 ..\mruby-1.0.0\build\PICrouter\lib\libmruby.a(numeric.o)
 .mdebug.abi32  0xa00006bc        0x0 ..\mruby-1.0.0\build\PICrouter\lib\libmruby.a(range.o)
 .mdebug.abi32  0xa00006bc        0x0 ..\mruby-1.0.0\build\PICrouter\lib\libmruby.a(mrblib.o)
 .mdebug.abi32  0xa00006bc        0x0 ..\mruby-1.0.0\build\PICrouter\lib\libmruby.a(compar.o)
 .mdebug.abi32  0xa00006bc        0x0 ..\mruby-1.0.0\build\PICrouter\lib\libmruby.a(enum.o)
 .mdebug.abi32  0xa00006bc        0x0 ..\mruby-1.0.0\build\PICrouter\lib\libmruby.a(load.o)
 .mdebug.abi32  0xa00006bc        0x0 ..\mruby-1.0.0\build\PICrouter\lib\libmruby.a(crc.o)
 .mdebug.abi32  0xa00006bc        0x0 c:/program files (x86)/microchip/xc32/v1.22/bin/../lib/gcc/pic32mx/4.5.2/../../../../pic32mx/lib/mips16\libmchp_peripheral.a(read_core_timer_lib.o)
 .mdebug.abi32  0xa00006bc        0x0 c:/program files (x86)/microchip/xc32/v1.22/bin/../lib/gcc/pic32mx/4.5.2/../../../../pic32mx/lib/mips16\libmchp_peripheral_32MX795F512H.a(eth_ack_packet_lib.o)
 .mdebug.abi32  0xa00006bc        0x0 c:/program files (x86)/microchip/xc32/v1.22/bin/../lib/gcc/pic32mx/4.5.2/../../../../pic32mx/lib/mips16\libmchp_peripheral_32MX795F512H.a(eth_descriptors_add_lib.o)
 .mdebug.abi32  0xa00006bc        0x0 c:/program files (x86)/microchip/xc32/v1.22/bin/../lib/gcc/pic32mx/4.5.2/../../../../pic32mx/lib/mips16\libmchp_peripheral_32MX795F512H.a(eth_init_lib.o)
 .mdebug.abi32  0xa00006bc        0x0 c:/program files (x86)/microchip/xc32/v1.22/bin/../lib/gcc/pic32mx/4.5.2/../../../../pic32mx/lib/mips16\libmchp_peripheral_32MX795F512H.a(eth_mac_open_lib.o)
 .mdebug.abi32  0xa00006bc        0x0 c:/program files (x86)/microchip/xc32/v1.22/bin/../lib/gcc/pic32mx/4.5.2/../../../../pic32mx/lib/mips16\libmchp_peripheral_32MX795F512H.a(eth_mac_set_address_max_lib.o)
 .mdebug.abi32  0xa00006bc        0x0 c:/program files (x86)/microchip/xc32/v1.22/bin/../lib/gcc/pic32mx/4.5.2/../../../../pic32mx/lib/mips16\libmchp_peripheral_32MX795F512H.a(eth_rx_buffers_append_lib.o)
 .mdebug.abi32  0xa00006bc        0x0 c:/program files (x86)/microchip/xc32/v1.22/bin/../lib/gcc/pic32mx/4.5.2/../../../../pic32mx/lib/mips16\libmchp_peripheral_32MX795F512H.a(eth_rx_filters_lib.o)
 .mdebug.abi32  0xa00006bc        0x0 c:/program files (x86)/microchip/xc32/v1.22/bin/../lib/gcc/pic32mx/4.5.2/../../../../pic32mx/lib/mips16\libmchp_peripheral_32MX795F512H.a(eth_rx_get_packet_lib.o)
 .mdebug.abi32  0xa00006bc        0x0 c:/program files (x86)/microchip/xc32/v1.22/bin/../lib/gcc/pic32mx/4.5.2/../../../../pic32mx/lib/mips16\libmchp_peripheral_32MX795F512H.a(eth_rx_set_buffer_size_lib.o)
 .mdebug.abi32  0xa00006bc        0x0 c:/program files (x86)/microchip/xc32/v1.22/bin/../lib/gcc/pic32mx/4.5.2/../../../../pic32mx/lib/mips16\libmchp_peripheral_32MX795F512H.a(eth_tx_packet_lib.o)
 .mdebug.abi32  0xa00006bc        0x0 c:/program files (x86)/microchip/xc32/v1.22/bin/../lib/gcc/pic32mx/4.5.2/../../../../pic32mx/lib/mips16\libmchp_peripheral_32MX795F512H.a(_eth_append_busy_list_lib.o)
 .mdebug.abi32  0xa00006bc        0x0 c:/program files (x86)/microchip/xc32/v1.22/bin/../lib/gcc/pic32mx/4.5.2/../../../../pic32mx/lib/mips16\libmchp_peripheral_32MX795F512H.a(eth_miim_access.o)
 .mdebug.abi32  0xa00006bc        0x0 c:/program files (x86)/microchip/xc32/v1.22/bin/../lib/gcc/pic32mx/4.5.2/../../../../pic32mx/lib/mips16\libmchp_peripheral_32MX795F512H.a(soft_reset_lib.o)
 .mdebug.abi32  0xa00006bc        0x0 c:/program files (x86)/microchip/xc32/v1.22/bin/../lib/gcc/pic32mx/4.5.2/../../../../pic32mx/lib/mips16\libmchp_peripheral_32MX795F512H.a(pcache.o)
 .mdebug.abi32  0xa00006bc        0x0 c:/program files (x86)/microchip/xc32/v1.22/bin/../lib/gcc/pic32mx/4.5.2/../../../../pic32mx/lib/mips16\libmchp_peripheral_32MX795F512H.a(int_disable_interrupts_lib.o)
 .mdebug.abi32  0xa00006bc        0x0 c:/program files (x86)/microchip/xc32/v1.22/bin/../lib/gcc/pic32mx/4.5.2/../../../../pic32mx/lib/mips16\libmchp_peripheral_32MX795F512H.a(int_restore_interrupts_lib.o)
 .mdebug.abi32  0xa00006bc        0x0 c:/program files (x86)/microchip/xc32/v1.22/bin/../lib/gcc/pic32mx/4.5.2/../../../../pic32mx/lib/mips16\libmchp_peripheral_32MX795F512H.a(int_enable_mv_int_lib.o)
 .mdebug.abi32  0xa00006bc        0x0 c:/program files (x86)/microchip/xc32/v1.22/bin/../lib/gcc/pic32mx/4.5.2/../../../../pic32mx/lib/mips16\libmchp_peripheral_32MX795F512H.a(int_tbl_lib.o)
 .mdebug.abi32  0xa00006bc        0x0 c:/program files (x86)/microchip/xc32/v1.22/bin/../lib/gcc/pic32mx/4.5.2/../../../../pic32mx/lib/mips16\libmchp_peripheral_32MX795F512H.a(spi_chn_close_lib.o)
 .mdebug.abi32  0xa00006bc        0x0 c:/program files (x86)/microchip/xc32/v1.22/bin/../lib/gcc/pic32mx/4.5.2/../../../../pic32mx/lib/mips16\libmchp_peripheral_32MX795F512H.a(spi_chn_open_lib.o)
 .mdebug.abi32  0xa00006bc        0x0 c:/program files (x86)/microchip/xc32/v1.22/bin/../lib/gcc/pic32mx/4.5.2/../../../../pic32mx/lib/mips16\libmchp_peripheral_32MX795F512H.a(spi_io_tbl_libp.o)
 .mdebug.abi32  0xa00006bc        0x0 c:/program files (x86)/microchip/xc32/v1.22/bin/../lib/gcc/pic32mx/4.5.2/../../../../pic32mx/lib/mips16\libmchp_peripheral_32MX795F512H.a(spi_map_tbl_libp.o)
 .mdebug.abi32  0xa00006bc        0x0 c:/program files (x86)/microchip/xc32/v1.22/bin/../lib/gcc/pic32mx/4.5.2/../../../../pic32mx/lib/mips16\libmchp_peripheral_32MX795F512H.a(spi_getc_spi2_lib_legacy.o)
 .mdebug.abi32  0xa00006bc        0x0 c:/program files (x86)/microchip/xc32/v1.22/bin/../lib/gcc/pic32mx/4.5.2/../../../../pic32mx/lib/mips16\libmchp_peripheral_32MX795F512H.a(nvm_erase_page_lib.o)
 .mdebug.abi32  0xa00006bc        0x0 c:/program files (x86)/microchip/xc32/v1.22/bin/../lib/gcc/pic32mx/4.5.2/../../../../pic32mx/lib/mips16\libmchp_peripheral_32MX795F512H.a(nvm_operation_lib.o)
 .mdebug.abi32  0xa00006bc        0x0 c:/program files (x86)/microchip/xc32/v1.22/bin/../lib/gcc/pic32mx/4.5.2/../../../../pic32mx/lib/mips16\libmchp_peripheral_32MX795F512H.a(nvm_write_word_lib.o)
 .mdebug.abi32  0xa00006bc        0x0 c:/program files (x86)/microchip/xc32/v1.22/bin/../lib/gcc/pic32mx/4.5.2/../../../../pic32mx/lib/mips16\libmchp_peripheral_32MX795F512H.a(port_reset_pins_lib.o)
 .mdebug.abi32  0xa00006bc        0x0 c:/program files (x86)/microchip/xc32/v1.22/bin/../lib/gcc/pic32mx/4.5.2/../../../../pic32mx/lib/mips16\libmchp_peripheral_32MX795F512H.a(port_set_pins_digital_in_lib.o)
 .mdebug.abi32  0xa00006bc        0x0 c:/program files (x86)/microchip/xc32/v1.22/bin/../lib/gcc/pic32mx/4.5.2/../../../../pic32mx/lib/mips16\libmchp_peripheral_32MX795F512H.a(port_set_pins_digital_out_lib.o)
 .mdebug.abi32  0xa00006bc        0x0 c:/program files (x86)/microchip/xc32/v1.22/bin/../lib/gcc/pic32mx/4.5.2/../../../../pic32mx/lib/mips16\libmchp_peripheral_32MX795F512H.a(_ports_tbl_libp.o)
 .mdebug.abi32  0xa00006bc        0x0 c:/program files (x86)/microchip/xc32/v1.22/bin/../lib/gcc/pic32mx/4.5.2/../../../../pic32mx/lib/mips16\libmchp_peripheral_32MX795F512H.a(I2CConfigure.o)
 .mdebug.abi32  0xa00006bc        0x0 c:/program files (x86)/microchip/xc32/v1.22/bin/../lib/gcc/pic32mx/4.5.2/../../../../pic32mx/lib/mips16\libmchp_peripheral_32MX795F512H.a(I2CEnable.o)
 .mdebug.abi32  0xa00006bc        0x0 c:/program files (x86)/microchip/xc32/v1.22/bin/../lib/gcc/pic32mx/4.5.2/../../../../pic32mx/lib/mips16\libmchp_peripheral_32MX795F512H.a(I2CSetFrequency.o)
 .mdebug.abi32  0xa00006bc        0x0 c:/program files (x86)/microchip/xc32/v1.22/bin/../lib/gcc/pic32mx/4.5.2/../../../../pic32mx/lib/mips16\libmchp_peripheral_32MX795F512H.a(I2CSetSlaveAddress.o)
 .mdebug.abi32  0xa00006bc        0x0 c:/program files (x86)/microchip/xc32/v1.22/bin/../lib/gcc/pic32mx/4.5.2/../../../../pic32mx/lib/mips16\libmchp_peripheral_32MX795F512H.a(int_enable_interrupts_lib.o)
 .mdebug.abi32  0xa00006bc        0x0 c:/program files (x86)/microchip/xc32/v1.22/bin/../lib/gcc/pic32mx/4.5.2/../../../../pic32mx/lib/mips16\libmchp_peripheral_32MX795F512H.a(I2CPrivate.o)
 .mdebug.abi32  0xa00006bc        0x0 c:/program files (x86)/microchip/xc32/v1.22/bin/../lib/gcc/pic32mx/4.5.2/mips16\libgcc.a(_floatdisf.o)
 .mdebug.abi32  0xa00006bc        0x0 c:/program files (x86)/microchip/xc32/v1.22/bin/../lib/gcc/pic32mx/4.5.2/mips16\libgcc.a(_udivdi3.o)
 .mdebug.abi32  0xa00006bc        0x0 c:/program files (x86)/microchip/xc32/v1.22/bin/../lib/gcc/pic32mx/4.5.2/mips16\libgcc.a(_umoddi3.o)
 .mdebug.abi32  0xa00006bc        0x0 c:/program files (x86)/microchip/xc32/v1.22/bin/../lib/gcc/pic32mx/4.5.2/mips16\libgcc.a(_clz.o)
 .mdebug.abi32  0xa00006bc        0x0 c:/program files (x86)/microchip/xc32/v1.22/bin/../lib/gcc/pic32mx/4.5.2/../../../../pic32mx/lib/mips16\libpic32.a(default-bootstrap-exception-handler.o)
 .mdebug.abi32  0xa00006bc        0x0 c:/program files (x86)/microchip/xc32/v1.22/bin/../lib/gcc/pic32mx/4.5.2/../../../../pic32mx/lib/mips16\libpic32.a(default-on-reset.o)
 .mdebug.abi32  0xa00006bc        0x0 c:/program files (x86)/microchip/xc32/v1.22/bin/../lib/gcc/pic32mx/4.5.2/../../../../pic32mx/lib/mips16\libpic32.a(default-on-bootstrap.o)
 .mdebug.abi32  0xa00006bc        0x0 c:/program files (x86)/microchip/xc32/v1.22/bin/../lib/gcc/pic32mx/4.5.2/../../../../pic32mx/lib/mips16\libpic32.a(errno.o)
 .mdebug.abi32  0xa00006bc        0x0 c:/program files (x86)/microchip/xc32/v1.22/bin/../lib/gcc/pic32mx/4.5.2/../../../../pic32mx/lib/mips16\libm.a(w_powf.o)
 .mdebug.abi32  0xa00006bc        0x0 c:/program files (x86)/microchip/xc32/v1.22/bin/../lib/gcc/pic32mx/4.5.2/../../../../pic32mx/lib/mips16\libm.a(w_log10f.o)
 .mdebug.abi32  0xa00006bc        0x0 c:/program files (x86)/microchip/xc32/v1.22/bin/../lib/gcc/pic32mx/4.5.2/../../../../pic32mx/lib/mips16\libm.a(s_lib_ver.o)
 .mdebug.abi32  0xa00006bc        0x0 c:/program files (x86)/microchip/xc32/v1.22/bin/../lib/gcc/pic32mx/4.5.2/../../../../pic32mx/lib/mips16\libe.a(_unordsf2.o)
 .mdebug.abi32  0xa00006bc        0x0 c:/program files (x86)/microchip/xc32/v1.22/bin/../lib/gcc/pic32mx/4.5.2/../../../../pic32mx/lib/mips16\libpic32.a(isinf.o)
 .mdebug.abi32  0xa00006bc        0x0 c:/program files (x86)/microchip/xc32/v1.22/bin/../lib/gcc/pic32mx/4.5.2/../../../../pic32mx/lib/mips16\libc.a(_iob.o)
 .mdebug.abi32  0xa00006bc        0x0 c:/program files (x86)/microchip/xc32/v1.22/bin/../lib/gcc/pic32mx/4.5.2/../../../../pic32mx/lib/mips16\libc.a(_fputc_simple.o)
 .mdebug.abi32  0xa00006bc        0x0 c:/program files (x86)/microchip/xc32/v1.22/bin/../lib/gcc/pic32mx/4.5.2/../../../../pic32mx/lib/mips16\libc.a(fread.o)
 .mdebug.abi32  0xa00006bc        0x0 c:/program files (x86)/microchip/xc32/v1.22/bin/../lib/gcc/pic32mx/4.5.2/../../../../pic32mx/lib/mips16\libc.a(fseek.o)
 .mdebug.abi32  0xa00006bc        0x0 c:/program files (x86)/microchip/xc32/v1.22/bin/../lib/gcc/pic32mx/4.5.2/../../../../pic32mx/lib/mips16\libc.a(fwrite.o)
 .mdebug.abi32  0xa00006bc        0x0 c:/program files (x86)/microchip/xc32/v1.22/bin/../lib/gcc/pic32mx/4.5.2/../../../../pic32mx/lib/mips16\libc.a(atoi.o)
 .mdebug.abi32  0xa00006bc        0x0 c:/program files (x86)/microchip/xc32/v1.22/bin/../lib/gcc/pic32mx/4.5.2/../../../../pic32mx/lib/mips16\libc.a(calloc.o)
 .mdebug.abi32  0xa00006bc        0x0 c:/program files (x86)/microchip/xc32/v1.22/bin/../lib/gcc/pic32mx/4.5.2/../../../../pic32mx/lib/mips16\libc.a(ctype.o)
 .mdebug.abi32  0xa00006bc        0x0 c:/program files (x86)/microchip/xc32/v1.22/bin/../lib/gcc/pic32mx/4.5.2/../../../../pic32mx/lib/mips16\libc.a(ctypef.o)
 .mdebug.abi32  0xa00006bc        0x0 c:/program files (x86)/microchip/xc32/v1.22/bin/../lib/gcc/pic32mx/4.5.2/../../../../pic32mx/lib/mips16\libc.a(malloc.o)
 .mdebug.abi32  0xa00006bc        0x0 c:/program files (x86)/microchip/xc32/v1.22/bin/../lib/gcc/pic32mx/4.5.2/../../../../pic32mx/lib/mips16\libc.a(memchr.o)
 .mdebug.abi32  0xa00006bc        0x0 c:/program files (x86)/microchip/xc32/v1.22/bin/../lib/gcc/pic32mx/4.5.2/../../../../pic32mx/lib/mips16\libc.a(memcmp.o)
 .mdebug.abi32  0xa00006bc        0x0 c:/program files (x86)/microchip/xc32/v1.22/bin/../lib/gcc/pic32mx/4.5.2/../../../../pic32mx/lib/mips16\libc.a(memcpy.o)
 .mdebug.abi32  0xa00006bc        0x0 c:/program files (x86)/microchip/xc32/v1.22/bin/../lib/gcc/pic32mx/4.5.2/../../../../pic32mx/lib/mips16\libc.a(memmove.o)
 .mdebug.abi32  0xa00006bc        0x0 c:/program files (x86)/microchip/xc32/v1.22/bin/../lib/gcc/pic32mx/4.5.2/../../../../pic32mx/lib/mips16\libc.a(memset.o)
 .mdebug.abi32  0xa00006bc        0x0 c:/program files (x86)/microchip/xc32/v1.22/bin/../lib/gcc/pic32mx/4.5.2/../../../../pic32mx/lib/mips16\libc.a(signal.o)
 .mdebug.abi32  0xa00006bc        0x0 c:/program files (x86)/microchip/xc32/v1.22/bin/../lib/gcc/pic32mx/4.5.2/../../../../pic32mx/lib/mips16\libc.a(strchr.o)
 .mdebug.abi32  0xa00006bc        0x0 c:/program files (x86)/microchip/xc32/v1.22/bin/../lib/gcc/pic32mx/4.5.2/../../../../pic32mx/lib/mips16\libc.a(strcmp.o)
 .mdebug.abi32  0xa00006bc        0x0 c:/program files (x86)/microchip/xc32/v1.22/bin/../lib/gcc/pic32mx/4.5.2/../../../../pic32mx/lib/mips16\libc.a(strlen.o)
 .mdebug.abi32  0xa00006bc        0x0 c:/program files (x86)/microchip/xc32/v1.22/bin/../lib/gcc/pic32mx/4.5.2/../../../../pic32mx/lib/mips16\libc.a(strncpy.o)
 .mdebug.abi32  0xa00006bc        0x0 c:/program files (x86)/microchip/xc32/v1.22/bin/../lib/gcc/pic32mx/4.5.2/../../../../pic32mx/lib/mips16\libc.a(strtod.o)
 .mdebug.abi32  0xa00006bc        0x0 c:/program files (x86)/microchip/xc32/v1.22/bin/../lib/gcc/pic32mx/4.5.2/../../../../pic32mx/lib/mips16\libc.a(strstr.o)
 .mdebug.abi32  0xa00006bc        0x0 c:/program files (x86)/microchip/xc32/v1.22/bin/../lib/gcc/pic32mx/4.5.2/../../../../pic32mx/lib/mips16\libc.a(strtok.o)
 .mdebug.abi32  0xa00006bc        0x0 c:/program files (x86)/microchip/xc32/v1.22/bin/../lib/gcc/pic32mx/4.5.2/../../../../pic32mx/lib/mips16\libc.a(strtol.o)
 .mdebug.abi32  0xa00006bc        0x0 c:/program files (x86)/microchip/xc32/v1.22/bin/../lib/gcc/pic32mx/4.5.2/../../../../pic32mx/lib/mips16\libc.a(exit.o)
 .mdebug.abi32  0xa00006bc        0x0 c:/program files (x86)/microchip/xc32/v1.22/bin/../lib/gcc/pic32mx/4.5.2/../../../../pic32mx/lib/mips16\libc.a(doprnt.o)
 .mdebug.abi32  0xa00006bc        0x0 c:/program files (x86)/microchip/xc32/v1.22/bin/../lib/gcc/pic32mx/4.5.2/../../../../pic32mx/lib/mips16\libc.a(printf_cdnopuxX.eo)
 .mdebug.abi32  0xa00006bc        0x0 c:/program files (x86)/microchip/xc32/v1.22/bin/../lib/gcc/pic32mx/4.5.2/../../../../pic32mx/lib/mips16\libc.a(sprintf_cdnopsuxX.eo)
 .mdebug.abi32  0xa00006bc        0x0 c:/program files (x86)/microchip/xc32/v1.22/bin/../lib/gcc/pic32mx/4.5.2/../../../../pic32mx/lib/mips16\libc.a(vsnprintf.o)
 .mdebug.abi32  0xa00006bc        0x0 c:/program files (x86)/microchip/xc32/v1.22/bin/../lib/gcc/pic32mx/4.5.2/../../../../pic32mx/lib/mips16\libc.a(_flsbuf_simple.o)
 .mdebug.abi32  0xa00006bc        0x0 c:/program files (x86)/microchip/xc32/v1.22/bin/../lib/gcc/pic32mx/4.5.2/../../../../pic32mx/lib/mips16\libc.a(stdclean_simple.o)
 .mdebug.abi32  0xa00006bc        0x0 c:/program files (x86)/microchip/xc32/v1.22/bin/../lib/gcc/pic32mx/4.5.2/../../../../pic32mx/lib/mips16\libc.a(fflush.o)
 .mdebug.abi32  0xa00006bc        0x0 c:/program files (x86)/microchip/xc32/v1.22/bin/../lib/gcc/pic32mx/4.5.2/../../../../pic32mx/lib/mips16\libc.a(fgetc.o)
 .mdebug.abi32  0xa00006bc        0x0 c:/program files (x86)/microchip/xc32/v1.22/bin/../lib/gcc/pic32mx/4.5.2/../../../../pic32mx/lib/mips16\libc.a(powersf.o)
 .mdebug.abi32  0xa00006bc        0x0 c:/program files (x86)/microchip/xc32/v1.22/bin/../lib/gcc/pic32mx/4.5.2/../../../../pic32mx/lib/mips16\libc.a(strcspn.o)
 .mdebug.abi32  0xa00006bc        0x0 c:/program files (x86)/microchip/xc32/v1.22/bin/../lib/gcc/pic32mx/4.5.2/../../../../pic32mx/lib/mips16\libc.a(strncmp.o)
 .mdebug.abi32  0xa00006bc        0x0 c:/program files (x86)/microchip/xc32/v1.22/bin/../lib/gcc/pic32mx/4.5.2/../../../../pic32mx/lib/mips16\libc.a(strspn.o)
 .mdebug.abi32  0xa00006bc        0x0 c:/program files (x86)/microchip/xc32/v1.22/bin/../lib/gcc/pic32mx/4.5.2/../../../../pic32mx/lib/mips16\libc.a(doprnt_cdnopsuxX.eo)
 .mdebug.abi32  0xa00006bc        0x0 c:/program files (x86)/microchip/xc32/v1.22/bin/../lib/gcc/pic32mx/4.5.2/../../../../pic32mx/lib/mips16\libc.a(filbuf.o)
 .mdebug.abi32  0xa00006bc        0x0 c:/program files (x86)/microchip/xc32/v1.22/bin/../lib/gcc/pic32mx/4.5.2/../../../../pic32mx/lib/mips16\libpic32.a(sbrk.o)
 .mdebug.abi32  0xa00006bc        0x0 c:/program files (x86)/microchip/xc32/v1.22/bin/../lib/gcc/pic32mx/4.5.2/../../../../pic32mx/lib/mips16\libpic32.a(read.o)
 .mdebug.abi32  0xa00006bc        0x0 c:/program files (x86)/microchip/xc32/v1.22/bin/../lib/gcc/pic32mx/4.5.2/../../../../pic32mx/lib/mips16\libpic32.a(write.o)
 .mdebug.abi32  0xa00006bc        0x0 c:/program files (x86)/microchip/xc32/v1.22/bin/../lib/gcc/pic32mx/4.5.2/../../../../pic32mx/lib/mips16\libpic32.a(lseek.o)
 .mdebug.abi32  0xa00006bc        0x0 c:/program files (x86)/microchip/xc32/v1.22/bin/../lib/gcc/pic32mx/4.5.2/../../../../pic32mx/lib/mips16\libpic32.a(xc32_uart.o)
 .mdebug.abi32  0xa00006bc        0x0 c:/program files (x86)/microchip/xc32/v1.22/bin/../lib/gcc/pic32mx/4.5.2/../../../../pic32mx/lib/mips16\libpic32.a(_mon_putc.o)
 .mdebug.abi32  0xa00006bc        0x0 c:/program files (x86)/microchip/xc32/v1.22/bin/../lib/gcc/pic32mx/4.5.2/../../../../pic32mx/lib/mips16\libe.a(_unorddf2.o)
 .mdebug.abi32  0xa00006bc        0x0 c:/program files (x86)/microchip/xc32/v1.22/bin/../lib/gcc/pic32mx/4.5.2/../../../../pic32mx/lib/mips16\libe.a(_strtod.o)
 .mdebug.abi32  0xa00006bc        0x0 c:/program files (x86)/microchip/xc32/v1.22/bin/../lib/gcc/pic32mx/4.5.2/../../../../pic32mx/lib/mips16\libe.a(_ldexp.o)
 .mdebug.abi32  0xa00006bc        0x0 c:/program files (x86)/microchip/xc32/v1.22/bin/../lib/gcc/pic32mx/4.5.2/mips16\libgcc.a(_lshrdi3.o)
 .mdebug.abi32  0xa00006bc        0x0 c:/program files (x86)/microchip/xc32/v1.22/bin/../lib/gcc/pic32mx/4.5.2/mips16\libgcc.a(_floatundisf.o)
 .mdebug.abi32  0xa00006bc        0x0 c:/program files (x86)/microchip/xc32/v1.22/bin/../lib/gcc/pic32mx/4.5.2/mips16\libgcc.a(floatunsisf.o)

.mdebug.abiN32
 *(.mdebug.abiN32)

.mdebug.abi64
 *(.mdebug.abi64)

.mdebug.abiO64
 *(.mdebug.abiO64)

.mdebug.eabi32
 *(.mdebug.eabi32)

.mdebug.eabi64
 *(.mdebug.eabi64)

.gcc_compiled_long32
 *(.gcc_compiled_long32)

.gcc_compiled_long64
 *(.gcc_compiled_long64)

.stab
 *(.stab)

.stabstr
 *(.stabstr)

.stab.excl
 *(.stab.excl)

.stab.exclstr
 *(.stab.exclstr)

.stab.index
 *(.stab.index)

.stab.indexstr
 *(.stab.indexstr)

.comment        0x00000000      0x265
 *(.comment)
 .comment       0x00000000       0x3c build/default/debug/_ext/454704213/analog.o
                                 0x3d (size before relaxing)
 .comment       0x00000000       0x3d build/default/debug/_ext/454704213/iosetting.o
 .comment       0x00000000       0x3d build/default/debug/_ext/454704213/TimeDelay.o
 .comment       0x00000000       0x3d build/default/debug/_ext/454704213/usb_config.o
 .comment       0x00000000       0x3d build/default/debug/_ext/454704213/usb_descriptors.o
 .comment       0x00000000       0x3d build/default/debug/_ext/454704213/osc.o
 .comment       0x00000000       0x3d build/default/debug/_ext/454704213/sram.o
 .comment       0x00000000       0x3d build/default/debug/_ext/454704213/usb_callback.o
 .comment       0x00000000       0x3d build/default/debug/_ext/1340694758/ARP.o
 .comment       0x00000000       0x3d build/default/debug/_ext/1340694758/DHCP.o
 .comment       0x00000000       0x3d build/default/debug/_ext/1340694758/DHCPs.o
 .comment       0x00000000       0x3d build/default/debug/_ext/1340694758/ETHPIC32ExtPhy.o
 .comment       0x00000000       0x3d build/default/debug/_ext/1340694758/ETHPIC32ExtPhyDP83848.o
 .comment       0x00000000       0x3d build/default/debug/_ext/1340694758/ETHPIC32IntMac.o
 .comment       0x00000000       0x3d build/default/debug/_ext/1340694758/Helpers.o
 .comment       0x00000000       0x3d build/default/debug/_ext/1340694758/ICMP.o
 .comment       0x00000000       0x3d build/default/debug/_ext/1340694758/IP.o
 .comment       0x00000000       0x3d build/default/debug/_ext/1340694758/NBNS.o
 .comment       0x00000000       0x3d build/default/debug/_ext/1340694758/StackTsk.o
 .comment       0x00000000       0x3d build/default/debug/_ext/1340694758/Tick.o
 .comment       0x00000000       0x3d build/default/debug/_ext/1340694758/UDP.o
 .comment       0x00000000       0x3d build/default/debug/_ext/1340694758/ZeroconfHelper.o
 .comment       0x00000000       0x3d build/default/debug/_ext/1340694758/ZeroconfLinkLocal.o
 .comment       0x00000000       0x3d build/default/debug/_ext/1340694758/ZeroconfMulticastDNS.o
 .comment       0x00000000       0x3d build/default/debug/_ext/1798056102/usb_device.o
 .comment       0x00000000       0x3d build/default/debug/_ext/1798056102/usb_function_hid.o
 .comment       0x00000000       0x3d build/default/debug/_ext/1798056102/usb_host.o
 .comment       0x00000000       0x3d build/default/debug/_ext/1798056102/usb_host_cdc.o
 .comment       0x00000000       0x3d build/default/debug/_ext/1798056102/usb_host_cdc_interface.o
 .comment       0x00000000       0x3d build/default/debug/_ext/1798056102/usb_host_hid.o
 .comment       0x00000000       0x3d build/default/debug/_ext/1798056102/usb_host_hid_parser.o
 .comment       0x00000000       0x3d build/default/debug/_ext/1798056102/usb_host_midi.o
 .comment       0x00000000       0x3d build/default/debug/picrouter.o
 .comment       0x00000000       0x3d build/default/debug/mrb_picrouter.o
 .comment       0x00000000       0x3d ..\mruby-1.0.0\build\PICrouter\lib\libmruby.a(class.o)
 .comment       0x00000000       0x3d ..\mruby-1.0.0\build\PICrouter\lib\libmruby.a(error.o)
 .comment       0x00000000       0x3d ..\mruby-1.0.0\build\PICrouter\lib\libmruby.a(gc.o)
 .comment       0x00000000       0x3d ..\mruby-1.0.0\build\PICrouter\lib\libmruby.a(hash.o)
 .comment       0x00000000       0x3d ..\mruby-1.0.0\build\PICrouter\lib\libmruby.a(kernel.o)
 .comment       0x00000000       0x3d ..\mruby-1.0.0\build\PICrouter\lib\libmruby.a(object.o)
 .comment       0x00000000       0x3d ..\mruby-1.0.0\build\PICrouter\lib\libmruby.a(print.o)
 .comment       0x00000000       0x3d ..\mruby-1.0.0\build\PICrouter\lib\libmruby.a(proc.o)
 .comment       0x00000000       0x3d ..\mruby-1.0.0\build\PICrouter\lib\libmruby.a(state.o)
 .comment       0x00000000       0x3d ..\mruby-1.0.0\build\PICrouter\lib\libmruby.a(string.o)
 .comment       0x00000000       0x3d ..\mruby-1.0.0\build\PICrouter\lib\libmruby.a(symbol.o)
 .comment       0x00000000       0x3d ..\mruby-1.0.0\build\PICrouter\lib\libmruby.a(variable.o)
 .comment       0x00000000       0x3d ..\mruby-1.0.0\build\PICrouter\lib\libmruby.a(vm.o)
 .comment       0x00000000       0x3d ..\mruby-1.0.0\build\PICrouter\lib\libmruby.a(array.o)
 .comment       0x00000000       0x3d ..\mruby-1.0.0\build\PICrouter\lib\libmruby.a(backtrace.o)
 .comment       0x00000000       0x3d ..\mruby-1.0.0\build\PICrouter\lib\libmruby.a(debug.o)
 .comment       0x00000000       0x3d ..\mruby-1.0.0\build\PICrouter\lib\libmruby.a(etc.o)
 .comment       0x00000000       0x3d ..\mruby-1.0.0\build\PICrouter\lib\libmruby.a(init.o)
 .comment       0x00000000       0x3d ..\mruby-1.0.0\build\PICrouter\lib\libmruby.a(numeric.o)
 .comment       0x00000000       0x3d ..\mruby-1.0.0\build\PICrouter\lib\libmruby.a(range.o)
 .comment       0x00000000       0x3d ..\mruby-1.0.0\build\PICrouter\lib\libmruby.a(mrblib.o)
 .comment       0x00000000       0x3d ..\mruby-1.0.0\build\PICrouter\lib\libmruby.a(compar.o)
 .comment       0x00000000       0x3d ..\mruby-1.0.0\build\PICrouter\lib\libmruby.a(enum.o)
 .comment       0x00000000       0x3d ..\mruby-1.0.0\build\PICrouter\lib\libmruby.a(load.o)
 .comment       0x00000000       0x3d ..\mruby-1.0.0\build\PICrouter\lib\libmruby.a(crc.o)
 .comment       0x0000003c       0x3c c:/program files (x86)/microchip/xc32/v1.22/bin/../lib/gcc/pic32mx/4.5.2/../../../../pic32mx/lib/mips16\libmchp_peripheral.a(read_core_timer_lib.o)
                                 0x3d (size before relaxing)
 .comment       0x00000000       0x3d c:/program files (x86)/microchip/xc32/v1.22/bin/../lib/gcc/pic32mx/4.5.2/../../../../pic32mx/lib/mips16\libmchp_peripheral_32MX795F512H.a(eth_ack_packet_lib.o)
 .comment       0x00000000       0x3d c:/program files (x86)/microchip/xc32/v1.22/bin/../lib/gcc/pic32mx/4.5.2/../../../../pic32mx/lib/mips16\libmchp_peripheral_32MX795F512H.a(eth_descriptors_add_lib.o)
 .comment       0x00000000       0x3d c:/program files (x86)/microchip/xc32/v1.22/bin/../lib/gcc/pic32mx/4.5.2/../../../../pic32mx/lib/mips16\libmchp_peripheral_32MX795F512H.a(eth_init_lib.o)
 .comment       0x00000000       0x3d c:/program files (x86)/microchip/xc32/v1.22/bin/../lib/gcc/pic32mx/4.5.2/../../../../pic32mx/lib/mips16\libmchp_peripheral_32MX795F512H.a(eth_mac_open_lib.o)
 .comment       0x00000000       0x3d c:/program files (x86)/microchip/xc32/v1.22/bin/../lib/gcc/pic32mx/4.5.2/../../../../pic32mx/lib/mips16\libmchp_peripheral_32MX795F512H.a(eth_mac_set_address_max_lib.o)
 .comment       0x00000000       0x3d c:/program files (x86)/microchip/xc32/v1.22/bin/../lib/gcc/pic32mx/4.5.2/../../../../pic32mx/lib/mips16\libmchp_peripheral_32MX795F512H.a(eth_rx_buffers_append_lib.o)
 .comment       0x00000000       0x3d c:/program files (x86)/microchip/xc32/v1.22/bin/../lib/gcc/pic32mx/4.5.2/../../../../pic32mx/lib/mips16\libmchp_peripheral_32MX795F512H.a(eth_rx_filters_lib.o)
 .comment       0x00000000       0x3d c:/program files (x86)/microchip/xc32/v1.22/bin/../lib/gcc/pic32mx/4.5.2/../../../../pic32mx/lib/mips16\libmchp_peripheral_32MX795F512H.a(eth_rx_get_packet_lib.o)
 .comment       0x00000000       0x3d c:/program files (x86)/microchip/xc32/v1.22/bin/../lib/gcc/pic32mx/4.5.2/../../../../pic32mx/lib/mips16\libmchp_peripheral_32MX795F512H.a(eth_rx_set_buffer_size_lib.o)
 .comment       0x00000000       0x3d c:/program files (x86)/microchip/xc32/v1.22/bin/../lib/gcc/pic32mx/4.5.2/../../../../pic32mx/lib/mips16\libmchp_peripheral_32MX795F512H.a(eth_tx_packet_lib.o)
 .comment       0x00000000       0x3d c:/program files (x86)/microchip/xc32/v1.22/bin/../lib/gcc/pic32mx/4.5.2/../../../../pic32mx/lib/mips16\libmchp_peripheral_32MX795F512H.a(_eth_append_busy_list_lib.o)
 .comment       0x00000000       0x3d c:/program files (x86)/microchip/xc32/v1.22/bin/../lib/gcc/pic32mx/4.5.2/../../../../pic32mx/lib/mips16\libmchp_peripheral_32MX795F512H.a(eth_miim_access.o)
 .comment       0x00000000       0x3d c:/program files (x86)/microchip/xc32/v1.22/bin/../lib/gcc/pic32mx/4.5.2/../../../../pic32mx/lib/mips16\libmchp_peripheral_32MX795F512H.a(soft_reset_lib.o)
 .comment       0x00000000       0x3d c:/program files (x86)/microchip/xc32/v1.22/bin/../lib/gcc/pic32mx/4.5.2/../../../../pic32mx/lib/mips16\libmchp_peripheral_32MX795F512H.a(pcache.o)
 .comment       0x00000000       0x3d c:/program files (x86)/microchip/xc32/v1.22/bin/../lib/gcc/pic32mx/4.5.2/../../../../pic32mx/lib/mips16\libmchp_peripheral_32MX795F512H.a(int_disable_interrupts_lib.o)
 .comment       0x00000000       0x3d c:/program files (x86)/microchip/xc32/v1.22/bin/../lib/gcc/pic32mx/4.5.2/../../../../pic32mx/lib/mips16\libmchp_peripheral_32MX795F512H.a(int_restore_interrupts_lib.o)
 .comment       0x00000000       0x3d c:/program files (x86)/microchip/xc32/v1.22/bin/../lib/gcc/pic32mx/4.5.2/../../../../pic32mx/lib/mips16\libmchp_peripheral_32MX795F512H.a(int_enable_mv_int_lib.o)
 .comment       0x00000000       0x3d c:/program files (x86)/microchip/xc32/v1.22/bin/../lib/gcc/pic32mx/4.5.2/../../../../pic32mx/lib/mips16\libmchp_peripheral_32MX795F512H.a(int_tbl_lib.o)
 .comment       0x00000000       0x3d c:/program files (x86)/microchip/xc32/v1.22/bin/../lib/gcc/pic32mx/4.5.2/../../../../pic32mx/lib/mips16\libmchp_peripheral_32MX795F512H.a(spi_chn_close_lib.o)
 .comment       0x00000000       0x3d c:/program files (x86)/microchip/xc32/v1.22/bin/../lib/gcc/pic32mx/4.5.2/../../../../pic32mx/lib/mips16\libmchp_peripheral_32MX795F512H.a(spi_chn_open_lib.o)
 .comment       0x00000000       0x3d c:/program files (x86)/microchip/xc32/v1.22/bin/../lib/gcc/pic32mx/4.5.2/../../../../pic32mx/lib/mips16\libmchp_peripheral_32MX795F512H.a(spi_io_tbl_libp.o)
 .comment       0x00000000       0x3d c:/program files (x86)/microchip/xc32/v1.22/bin/../lib/gcc/pic32mx/4.5.2/../../../../pic32mx/lib/mips16\libmchp_peripheral_32MX795F512H.a(spi_map_tbl_libp.o)
 .comment       0x00000000       0x3d c:/program files (x86)/microchip/xc32/v1.22/bin/../lib/gcc/pic32mx/4.5.2/../../../../pic32mx/lib/mips16\libmchp_peripheral_32MX795F512H.a(spi_getc_spi2_lib_legacy.o)
 .comment       0x00000000       0x3d c:/program files (x86)/microchip/xc32/v1.22/bin/../lib/gcc/pic32mx/4.5.2/../../../../pic32mx/lib/mips16\libmchp_peripheral_32MX795F512H.a(nvm_erase_page_lib.o)
 .comment       0x00000000       0x3d c:/program files (x86)/microchip/xc32/v1.22/bin/../lib/gcc/pic32mx/4.5.2/../../../../pic32mx/lib/mips16\libmchp_peripheral_32MX795F512H.a(nvm_operation_lib.o)
 .comment       0x00000000       0x3d c:/program files (x86)/microchip/xc32/v1.22/bin/../lib/gcc/pic32mx/4.5.2/../../../../pic32mx/lib/mips16\libmchp_peripheral_32MX795F512H.a(nvm_write_word_lib.o)
 .comment       0x00000000       0x3d c:/program files (x86)/microchip/xc32/v1.22/bin/../lib/gcc/pic32mx/4.5.2/../../../../pic32mx/lib/mips16\libmchp_peripheral_32MX795F512H.a(port_reset_pins_lib.o)
 .comment       0x00000000       0x3d c:/program files (x86)/microchip/xc32/v1.22/bin/../lib/gcc/pic32mx/4.5.2/../../../../pic32mx/lib/mips16\libmchp_peripheral_32MX795F512H.a(port_set_pins_digital_in_lib.o)
 .comment       0x00000000       0x3d c:/program files (x86)/microchip/xc32/v1.22/bin/../lib/gcc/pic32mx/4.5.2/../../../../pic32mx/lib/mips16\libmchp_peripheral_32MX795F512H.a(port_set_pins_digital_out_lib.o)
 .comment       0x00000000       0x3d c:/program files (x86)/microchip/xc32/v1.22/bin/../lib/gcc/pic32mx/4.5.2/../../../../pic32mx/lib/mips16\libmchp_peripheral_32MX795F512H.a(_ports_tbl_libp.o)
 .comment       0x00000000       0x3d c:/program files (x86)/microchip/xc32/v1.22/bin/../lib/gcc/pic32mx/4.5.2/../../../../pic32mx/lib/mips16\libmchp_peripheral_32MX795F512H.a(I2CConfigure.o)
 .comment       0x00000000       0x3d c:/program files (x86)/microchip/xc32/v1.22/bin/../lib/gcc/pic32mx/4.5.2/../../../../pic32mx/lib/mips16\libmchp_peripheral_32MX795F512H.a(I2CEnable.o)
 .comment       0x00000000       0x3d c:/program files (x86)/microchip/xc32/v1.22/bin/../lib/gcc/pic32mx/4.5.2/../../../../pic32mx/lib/mips16\libmchp_peripheral_32MX795F512H.a(I2CSetFrequency.o)
 .comment       0x00000000       0x3d c:/program files (x86)/microchip/xc32/v1.22/bin/../lib/gcc/pic32mx/4.5.2/../../../../pic32mx/lib/mips16\libmchp_peripheral_32MX795F512H.a(I2CSetSlaveAddress.o)
 .comment       0x00000000       0x3d c:/program files (x86)/microchip/xc32/v1.22/bin/../lib/gcc/pic32mx/4.5.2/../../../../pic32mx/lib/mips16\libmchp_peripheral_32MX795F512H.a(int_enable_interrupts_lib.o)
 .comment       0x00000000       0x3d c:/program files (x86)/microchip/xc32/v1.22/bin/../lib/gcc/pic32mx/4.5.2/../../../../pic32mx/lib/mips16\libmchp_peripheral_32MX795F512H.a(I2CPrivate.o)
 .comment       0x00000000       0x3d c:/program files (x86)/microchip/xc32/v1.22/bin/../lib/gcc/pic32mx/4.5.2/mips16\libgcc.a(_floatdisf.o)
 .comment       0x00000000       0x3d c:/program files (x86)/microchip/xc32/v1.22/bin/../lib/gcc/pic32mx/4.5.2/mips16\libgcc.a(_udivdi3.o)
 .comment       0x00000000       0x3d c:/program files (x86)/microchip/xc32/v1.22/bin/../lib/gcc/pic32mx/4.5.2/mips16\libgcc.a(_umoddi3.o)
 .comment       0x00000000       0x3d c:/program files (x86)/microchip/xc32/v1.22/bin/../lib/gcc/pic32mx/4.5.2/mips16\libgcc.a(_clz.o)
 .comment       0x00000078       0x18 c:/program files (x86)/microchip/xc32/v1.22/bin/../lib/gcc/pic32mx/4.5.2/../../../../pic32mx/lib/mips16\libpic32.a(setjmp.o)
                                 0x19 (size before relaxing)
 .comment       0x00000000       0x3d c:/program files (x86)/microchip/xc32/v1.22/bin/../lib/gcc/pic32mx/4.5.2/../../../../pic32mx/lib/mips16\libpic32.a(default-bootstrap-exception-handler.o)
 .comment       0x00000000       0x3d c:/program files (x86)/microchip/xc32/v1.22/bin/../lib/gcc/pic32mx/4.5.2/../../../../pic32mx/lib/mips16\libpic32.a(default-on-reset.o)
 .comment       0x00000000       0x3d c:/program files (x86)/microchip/xc32/v1.22/bin/../lib/gcc/pic32mx/4.5.2/../../../../pic32mx/lib/mips16\libpic32.a(default-on-bootstrap.o)
 .comment       0x00000000       0x3d c:/program files (x86)/microchip/xc32/v1.22/bin/../lib/gcc/pic32mx/4.5.2/../../../../pic32mx/lib/mips16\libpic32.a(errno.o)
 .comment       0x00000000       0x3d c:/program files (x86)/microchip/xc32/v1.22/bin/../lib/gcc/pic32mx/4.5.2/../../../../pic32mx/lib/mips16\libm.a(w_powf.o)
 .comment       0x00000000       0x3d c:/program files (x86)/microchip/xc32/v1.22/bin/../lib/gcc/pic32mx/4.5.2/../../../../pic32mx/lib/mips16\libm.a(w_log10f.o)
 .comment       0x00000000       0x3d c:/program files (x86)/microchip/xc32/v1.22/bin/../lib/gcc/pic32mx/4.5.2/../../../../pic32mx/lib/mips16\libm.a(s_lib_ver.o)
 .comment       0x00000090       0x4e c:/program files (x86)/microchip/xc32/v1.22/bin/../lib/gcc/pic32mx/4.5.2/../../../../pic32mx/lib/mips16\libe.a(_unordsf2.o)
                                 0x8b (size before relaxing)
 .comment       0x00000000       0x3d c:/program files (x86)/microchip/xc32/v1.22/bin/../lib/gcc/pic32mx/4.5.2/../../../../pic32mx/lib/mips16\libpic32.a(isinf.o)
 .comment       0x00000000       0x3d c:/program files (x86)/microchip/xc32/v1.22/bin/../lib/gcc/pic32mx/4.5.2/../../../../pic32mx/lib/mips16\libc.a(_iob.o)
 .comment       0x00000000       0x3d c:/program files (x86)/microchip/xc32/v1.22/bin/../lib/gcc/pic32mx/4.5.2/../../../../pic32mx/lib/mips16\libc.a(_fputc_simple.o)
 .comment       0x00000000       0x3d c:/program files (x86)/microchip/xc32/v1.22/bin/../lib/gcc/pic32mx/4.5.2/../../../../pic32mx/lib/mips16\libc.a(fread.o)
 .comment       0x00000000       0x3d c:/program files (x86)/microchip/xc32/v1.22/bin/../lib/gcc/pic32mx/4.5.2/../../../../pic32mx/lib/mips16\libc.a(fseek.o)
 .comment       0x00000000       0x3d c:/program files (x86)/microchip/xc32/v1.22/bin/../lib/gcc/pic32mx/4.5.2/../../../../pic32mx/lib/mips16\libc.a(fwrite.o)
 .comment       0x00000000       0x3d c:/program files (x86)/microchip/xc32/v1.22/bin/../lib/gcc/pic32mx/4.5.2/../../../../pic32mx/lib/mips16\libc.a(atoi.o)
 .comment       0x00000000       0x3d c:/program files (x86)/microchip/xc32/v1.22/bin/../lib/gcc/pic32mx/4.5.2/../../../../pic32mx/lib/mips16\libc.a(calloc.o)
 .comment       0x000000de       0x4e c:/program files (x86)/microchip/xc32/v1.22/bin/../lib/gcc/pic32mx/4.5.2/../../../../pic32mx/lib/mips16\libc.a(ctype.o)
                                 0x8b (size before relaxing)
 .comment       0x0000012c       0x4f c:/program files (x86)/microchip/xc32/v1.22/bin/../lib/gcc/pic32mx/4.5.2/../../../../pic32mx/lib/mips16\libc.a(ctypef.o)
                                 0x8c (size before relaxing)
 .comment       0x00000000       0x3d c:/program files (x86)/microchip/xc32/v1.22/bin/../lib/gcc/pic32mx/4.5.2/../../../../pic32mx/lib/mips16\libc.a(malloc.o)
 .comment       0x00000000       0x3d c:/program files (x86)/microchip/xc32/v1.22/bin/../lib/gcc/pic32mx/4.5.2/../../../../pic32mx/lib/mips16\libc.a(memchr.o)
 .comment       0x00000000       0x3d c:/program files (x86)/microchip/xc32/v1.22/bin/../lib/gcc/pic32mx/4.5.2/../../../../pic32mx/lib/mips16\libc.a(memcmp.o)
 .comment       0x00000000       0x3d c:/program files (x86)/microchip/xc32/v1.22/bin/../lib/gcc/pic32mx/4.5.2/../../../../pic32mx/lib/mips16\libc.a(memcpy.o)
 .comment       0x00000000       0x3d c:/program files (x86)/microchip/xc32/v1.22/bin/../lib/gcc/pic32mx/4.5.2/../../../../pic32mx/lib/mips16\libc.a(memmove.o)
 .comment       0x00000000       0x3d c:/program files (x86)/microchip/xc32/v1.22/bin/../lib/gcc/pic32mx/4.5.2/../../../../pic32mx/lib/mips16\libc.a(memset.o)
 .comment       0x00000000       0x3d c:/program files (x86)/microchip/xc32/v1.22/bin/../lib/gcc/pic32mx/4.5.2/../../../../pic32mx/lib/mips16\libc.a(signal.o)
 .comment       0x00000000       0x3d c:/program files (x86)/microchip/xc32/v1.22/bin/../lib/gcc/pic32mx/4.5.2/../../../../pic32mx/lib/mips16\libc.a(strchr.o)
 .comment       0x00000000       0x3d c:/program files (x86)/microchip/xc32/v1.22/bin/../lib/gcc/pic32mx/4.5.2/../../../../pic32mx/lib/mips16\libc.a(strcmp.o)
 .comment       0x00000000       0x3d c:/program files (x86)/microchip/xc32/v1.22/bin/../lib/gcc/pic32mx/4.5.2/../../../../pic32mx/lib/mips16\libc.a(strlen.o)
 .comment       0x00000000       0x3d c:/program files (x86)/microchip/xc32/v1.22/bin/../lib/gcc/pic32mx/4.5.2/../../../../pic32mx/lib/mips16\libc.a(strncpy.o)
 .comment       0x00000000       0x3d c:/program files (x86)/microchip/xc32/v1.22/bin/../lib/gcc/pic32mx/4.5.2/../../../../pic32mx/lib/mips16\libc.a(strtod.o)
 .comment       0x00000000       0x3d c:/program files (x86)/microchip/xc32/v1.22/bin/../lib/gcc/pic32mx/4.5.2/../../../../pic32mx/lib/mips16\libc.a(strstr.o)
 .comment       0x00000000       0x3d c:/program files (x86)/microchip/xc32/v1.22/bin/../lib/gcc/pic32mx/4.5.2/../../../../pic32mx/lib/mips16\libc.a(strtok.o)
 .comment       0x00000000       0x3d c:/program files (x86)/microchip/xc32/v1.22/bin/../lib/gcc/pic32mx/4.5.2/../../../../pic32mx/lib/mips16\libc.a(strtol.o)
 .comment       0x00000000       0x3d c:/program files (x86)/microchip/xc32/v1.22/bin/../lib/gcc/pic32mx/4.5.2/../../../../pic32mx/lib/mips16\libc.a(exit.o)
 .comment       0x00000000       0x3d c:/program files (x86)/microchip/xc32/v1.22/bin/../lib/gcc/pic32mx/4.5.2/../../../../pic32mx/lib/mips16\libc.a(doprnt.o)
 .comment       0x00000000       0x3d c:/program files (x86)/microchip/xc32/v1.22/bin/../lib/gcc/pic32mx/4.5.2/../../../../pic32mx/lib/mips16\libc.a(printf_cdnopuxX.eo)
 .comment       0x00000000       0x3d c:/program files (x86)/microchip/xc32/v1.22/bin/../lib/gcc/pic32mx/4.5.2/../../../../pic32mx/lib/mips16\libc.a(sprintf_cdnopsuxX.eo)
 .comment       0x00000000       0x3d c:/program files (x86)/microchip/xc32/v1.22/bin/../lib/gcc/pic32mx/4.5.2/../../../../pic32mx/lib/mips16\libc.a(vsnprintf.o)
 .comment       0x00000000       0x3d c:/program files (x86)/microchip/xc32/v1.22/bin/../lib/gcc/pic32mx/4.5.2/../../../../pic32mx/lib/mips16\libc.a(_flsbuf_simple.o)
 .comment       0x00000000       0x3d c:/program files (x86)/microchip/xc32/v1.22/bin/../lib/gcc/pic32mx/4.5.2/../../../../pic32mx/lib/mips16\libc.a(stdclean_simple.o)
 .comment       0x00000000       0x3d c:/program files (x86)/microchip/xc32/v1.22/bin/../lib/gcc/pic32mx/4.5.2/../../../../pic32mx/lib/mips16\libc.a(fflush.o)
 .comment       0x00000000       0x3d c:/program files (x86)/microchip/xc32/v1.22/bin/../lib/gcc/pic32mx/4.5.2/../../../../pic32mx/lib/mips16\libc.a(fgetc.o)
 .comment       0x00000000       0x3d c:/program files (x86)/microchip/xc32/v1.22/bin/../lib/gcc/pic32mx/4.5.2/../../../../pic32mx/lib/mips16\libc.a(powersf.o)
 .comment       0x00000000       0x3d c:/program files (x86)/microchip/xc32/v1.22/bin/../lib/gcc/pic32mx/4.5.2/../../../../pic32mx/lib/mips16\libc.a(strcspn.o)
 .comment       0x00000000       0x3d c:/program files (x86)/microchip/xc32/v1.22/bin/../lib/gcc/pic32mx/4.5.2/../../../../pic32mx/lib/mips16\libc.a(strncmp.o)
 .comment       0x00000000       0x3d c:/program files (x86)/microchip/xc32/v1.22/bin/../lib/gcc/pic32mx/4.5.2/../../../../pic32mx/lib/mips16\libc.a(strspn.o)
 .comment       0x00000000       0x3d c:/program files (x86)/microchip/xc32/v1.22/bin/../lib/gcc/pic32mx/4.5.2/../../../../pic32mx/lib/mips16\libc.a(doprnt_cdnopsuxX.eo)
 .comment       0x00000000       0x3d c:/program files (x86)/microchip/xc32/v1.22/bin/../lib/gcc/pic32mx/4.5.2/../../../../pic32mx/lib/mips16\libc.a(filbuf.o)
 .comment       0x0000017b       0x4b c:/program files (x86)/microchip/xc32/v1.22/bin/../lib/gcc/pic32mx/4.5.2/../../../../pic32mx/lib/mips16\libpic32.a(sbrk.o)
                                 0x88 (size before relaxing)
 .comment       0x00000000       0x3d c:/program files (x86)/microchip/xc32/v1.22/bin/../lib/gcc/pic32mx/4.5.2/../../../../pic32mx/lib/mips16\libpic32.a(read.o)
 .comment       0x00000000       0x3d c:/program files (x86)/microchip/xc32/v1.22/bin/../lib/gcc/pic32mx/4.5.2/../../../../pic32mx/lib/mips16\libpic32.a(write.o)
 .comment       0x00000000       0x3d c:/program files (x86)/microchip/xc32/v1.22/bin/../lib/gcc/pic32mx/4.5.2/../../../../pic32mx/lib/mips16\libpic32.a(lseek.o)
 .comment       0x00000000       0x3d c:/program files (x86)/microchip/xc32/v1.22/bin/../lib/gcc/pic32mx/4.5.2/../../../../pic32mx/lib/mips16\libpic32.a(xc32_uart.o)
 .comment       0x00000000       0x3d c:/program files (x86)/microchip/xc32/v1.22/bin/../lib/gcc/pic32mx/4.5.2/../../../../pic32mx/lib/mips16\libpic32.a(_mon_putc.o)
 .comment       0x00000000       0x8b c:/program files (x86)/microchip/xc32/v1.22/bin/../lib/gcc/pic32mx/4.5.2/../../../../pic32mx/lib/mips16\libe.a(_unorddf2.o)
 .comment       0x000001c6       0x4f c:/program files (x86)/microchip/xc32/v1.22/bin/../lib/gcc/pic32mx/4.5.2/../../../../pic32mx/lib/mips16\libe.a(_strtod.o)
                                 0xda (size before relaxing)
 .comment       0x00000215       0x50 c:/program files (x86)/microchip/xc32/v1.22/bin/../lib/gcc/pic32mx/4.5.2/../../../../pic32mx/lib/mips16\libe.a(_ldexp.o)
                                 0xdb (size before relaxing)
 .comment       0x00000000       0x3d c:/program files (x86)/microchip/xc32/v1.22/bin/../lib/gcc/pic32mx/4.5.2/mips16\libgcc.a(_lshrdi3.o)
 .comment       0x00000000       0x3d c:/program files (x86)/microchip/xc32/v1.22/bin/../lib/gcc/pic32mx/4.5.2/mips16\libgcc.a(_floatundisf.o)
 .comment       0x00000000       0x3d c:/program files (x86)/microchip/xc32/v1.22/bin/../lib/gcc/pic32mx/4.5.2/mips16\libgcc.a(floatunsisf.o)

.debug
 *(.debug)

.line
 *(.line)

.debug_srcinfo
 *(.debug_srcinfo)

.debug_sfnames
 *(.debug_sfnames)

.debug_aranges  0x00000000     0x3a98
 *(.debug_aranges)
 .debug_aranges
                0x00000000       0x90 build/default/debug/_ext/454704213/analog.o
 .debug_aranges
                0x00000090      0x130 build/default/debug/_ext/454704213/iosetting.o
 .debug_aranges
                0x000001c0       0x28 build/default/debug/_ext/454704213/TimeDelay.o
 .debug_aranges
                0x000001e8      0x1f0 build/default/debug/_ext/454704213/osc.o
 .debug_aranges
                0x000003d8       0x48 build/default/debug/_ext/454704213/sram.o
 .debug_aranges
                0x00000420       0xd8 build/default/debug/_ext/454704213/usb_callback.o
 .debug_aranges
                0x000004f8       0x68 build/default/debug/_ext/1340694758/ARP.o
 .debug_aranges
                0x00000560       0x70 build/default/debug/_ext/1340694758/DHCP.o
 .debug_aranges
                0x000005d0       0x88 build/default/debug/_ext/1340694758/DHCPs.o
 .debug_aranges
                0x00000658       0x78 build/default/debug/_ext/1340694758/ETHPIC32ExtPhy.o
 .debug_aranges
                0x000006d0       0x38 build/default/debug/_ext/1340694758/ETHPIC32ExtPhyDP83848.o
 .debug_aranges
                0x00000708       0xe8 build/default/debug/_ext/1340694758/ETHPIC32IntMac.o
 .debug_aranges
                0x000007f0       0x98 build/default/debug/_ext/1340694758/Helpers.o
 .debug_aranges
                0x00000888       0x20 build/default/debug/_ext/1340694758/ICMP.o
 .debug_aranges
                0x000008a8       0x38 build/default/debug/_ext/1340694758/IP.o
 .debug_aranges
                0x000008e0       0x30 build/default/debug/_ext/1340694758/StackTsk.o
 .debug_aranges
                0x00000910       0x50 build/default/debug/_ext/1340694758/Tick.o
 .debug_aranges
                0x00000960       0xa8 build/default/debug/_ext/1340694758/UDP.o
 .debug_aranges
                0x00000a08       0x20 build/default/debug/_ext/1340694758/ZeroconfHelper.o
 .debug_aranges
                0x00000a28       0x50 build/default/debug/_ext/1340694758/ZeroconfLinkLocal.o
 .debug_aranges
                0x00000a78       0xe0 build/default/debug/_ext/1340694758/ZeroconfMulticastDNS.o
 .debug_aranges
                0x00000b58       0xd8 build/default/debug/_ext/1798056102/usb_device.o
 .debug_aranges
                0x00000c30       0x20 build/default/debug/_ext/1798056102/usb_function_hid.o
 .debug_aranges
                0x00000c50      0x140 build/default/debug/_ext/1798056102/usb_host.o
 .debug_aranges
                0x00000d90       0x68 build/default/debug/_ext/1798056102/usb_host_cdc.o
 .debug_aranges
                0x00000df8       0x40 build/default/debug/_ext/1798056102/usb_host_cdc_interface.o
 .debug_aranges
                0x00000e38       0x98 build/default/debug/_ext/1798056102/usb_host_hid.o
 .debug_aranges
                0x00000ed0       0x50 build/default/debug/_ext/1798056102/usb_host_hid_parser.o
 .debug_aranges
                0x00000f20       0x38 build/default/debug/_ext/1798056102/usb_host_midi.o
 .debug_aranges
                0x00000f58      0x198 build/default/debug/picrouter.o
 .debug_aranges
                0x000010f0      0x388 ..\mruby-1.0.0\build\PICrouter\lib\libmruby.a(class.o)
 .debug_aranges
                0x00001478      0x100 ..\mruby-1.0.0\build\PICrouter\lib\libmruby.a(error.o)
 .debug_aranges
                0x00001578      0x1d0 ..\mruby-1.0.0\build\PICrouter\lib\libmruby.a(gc.o)
 .debug_aranges
                0x00001748      0x208 ..\mruby-1.0.0\build\PICrouter\lib\libmruby.a(hash.o)
 .debug_aranges
                0x00001950      0x200 ..\mruby-1.0.0\build\PICrouter\lib\libmruby.a(kernel.o)
 .debug_aranges
                0x00001b50      0x148 ..\mruby-1.0.0\build\PICrouter\lib\libmruby.a(object.o)
 .debug_aranges
                0x00001c98       0x48 ..\mruby-1.0.0\build\PICrouter\lib\libmruby.a(print.o)
 .debug_aranges
                0x00001ce0       0x98 ..\mruby-1.0.0\build\PICrouter\lib\libmruby.a(proc.o)
 .debug_aranges
                0x00001d78       0x90 ..\mruby-1.0.0\build\PICrouter\lib\libmruby.a(state.o)
 .debug_aranges
                0x00001e08      0x2f0 ..\mruby-1.0.0\build\PICrouter\lib\libmruby.a(string.o)
 .debug_aranges
                0x000020f8      0x148 ..\mruby-1.0.0\build\PICrouter\lib\libmruby.a(symbol.o)
 .debug_aranges
                0x00002240      0x250 ..\mruby-1.0.0\build\PICrouter\lib\libmruby.a(variable.o)
 .debug_aranges
                0x00002490      0x108 ..\mruby-1.0.0\build\PICrouter\lib\libmruby.a(vm.o)
 .debug_aranges
                0x00002598      0x228 ..\mruby-1.0.0\build\PICrouter\lib\libmruby.a(array.o)
 .debug_aranges
                0x000027c0       0x48 ..\mruby-1.0.0\build\PICrouter\lib\libmruby.a(backtrace.o)
 .debug_aranges
                0x00002808       0x50 ..\mruby-1.0.0\build\PICrouter\lib\libmruby.a(debug.o)
 .debug_aranges
                0x00002858       0x80 ..\mruby-1.0.0\build\PICrouter\lib\libmruby.a(etc.o)
 .debug_aranges
                0x000028d8       0x28 ..\mruby-1.0.0\build\PICrouter\lib\libmruby.a(init.o)
 .debug_aranges
                0x00002900      0x1d0 ..\mruby-1.0.0\build\PICrouter\lib\libmruby.a(numeric.o)
 .debug_aranges
                0x00002ad0       0xd0 ..\mruby-1.0.0\build\PICrouter\lib\libmruby.a(range.o)
 .debug_aranges
                0x00002ba0       0x20 ..\mruby-1.0.0\build\PICrouter\lib\libmruby.a(mrblib.o)
 .debug_aranges
                0x00002bc0       0x20 ..\mruby-1.0.0\build\PICrouter\lib\libmruby.a(compar.o)
 .debug_aranges
                0x00002be0       0x20 ..\mruby-1.0.0\build\PICrouter\lib\libmruby.a(enum.o)
 .debug_aranges
                0x00002c00       0xf0 ..\mruby-1.0.0\build\PICrouter\lib\libmruby.a(load.o)
 .debug_aranges
                0x00002cf0       0x20 ..\mruby-1.0.0\build\PICrouter\lib\libmruby.a(crc.o)
 .debug_aranges
                0x00002d10       0x20 c:/program files (x86)/microchip/xc32/v1.22/bin/../lib/gcc/pic32mx/4.5.2/../../../../pic32mx/lib/mips16\libmchp_peripheral.a(read_core_timer_lib.o)
 .debug_aranges
                0x00002d30       0x48 c:/program files (x86)/microchip/xc32/v1.22/bin/../lib/gcc/pic32mx/4.5.2/../../../../pic32mx/lib/mips16\libmchp_peripheral_32MX795F512H.a(eth_ack_packet_lib.o)
 .debug_aranges
                0x00002d78       0x28 c:/program files (x86)/microchip/xc32/v1.22/bin/../lib/gcc/pic32mx/4.5.2/../../../../pic32mx/lib/mips16\libmchp_peripheral_32MX795F512H.a(eth_descriptors_add_lib.o)
 .debug_aranges
                0x00002da0       0x20 c:/program files (x86)/microchip/xc32/v1.22/bin/../lib/gcc/pic32mx/4.5.2/../../../../pic32mx/lib/mips16\libmchp_peripheral_32MX795F512H.a(eth_init_lib.o)
 .debug_aranges
                0x00002dc0       0x20 c:/program files (x86)/microchip/xc32/v1.22/bin/../lib/gcc/pic32mx/4.5.2/../../../../pic32mx/lib/mips16\libmchp_peripheral_32MX795F512H.a(eth_mac_open_lib.o)
 .debug_aranges
                0x00002de0       0x30 c:/program files (x86)/microchip/xc32/v1.22/bin/../lib/gcc/pic32mx/4.5.2/../../../../pic32mx/lib/mips16\libmchp_peripheral_32MX795F512H.a(eth_mac_set_address_max_lib.o)
 .debug_aranges
                0x00002e10       0x20 c:/program files (x86)/microchip/xc32/v1.22/bin/../lib/gcc/pic32mx/4.5.2/../../../../pic32mx/lib/mips16\libmchp_peripheral_32MX795F512H.a(eth_rx_buffers_append_lib.o)
 .debug_aranges
                0x00002e30       0x48 c:/program files (x86)/microchip/xc32/v1.22/bin/../lib/gcc/pic32mx/4.5.2/../../../../pic32mx/lib/mips16\libmchp_peripheral_32MX795F512H.a(eth_rx_filters_lib.o)
 .debug_aranges
                0x00002e78       0x28 c:/program files (x86)/microchip/xc32/v1.22/bin/../lib/gcc/pic32mx/4.5.2/../../../../pic32mx/lib/mips16\libmchp_peripheral_32MX795F512H.a(eth_rx_get_packet_lib.o)
 .debug_aranges
                0x00002ea0       0x20 c:/program files (x86)/microchip/xc32/v1.22/bin/../lib/gcc/pic32mx/4.5.2/../../../../pic32mx/lib/mips16\libmchp_peripheral_32MX795F512H.a(eth_rx_set_buffer_size_lib.o)
 .debug_aranges
                0x00002ec0       0x48 c:/program files (x86)/microchip/xc32/v1.22/bin/../lib/gcc/pic32mx/4.5.2/../../../../pic32mx/lib/mips16\libmchp_peripheral_32MX795F512H.a(eth_tx_packet_lib.o)
 .debug_aranges
                0x00002f08       0x20 c:/program files (x86)/microchip/xc32/v1.22/bin/../lib/gcc/pic32mx/4.5.2/../../../../pic32mx/lib/mips16\libmchp_peripheral_32MX795F512H.a(_eth_append_busy_list_lib.o)
 .debug_aranges
                0x00002f28       0x48 c:/program files (x86)/microchip/xc32/v1.22/bin/../lib/gcc/pic32mx/4.5.2/../../../../pic32mx/lib/mips16\libmchp_peripheral_32MX795F512H.a(eth_miim_access.o)
 .debug_aranges
                0x00002f70       0x20 c:/program files (x86)/microchip/xc32/v1.22/bin/../lib/gcc/pic32mx/4.5.2/../../../../pic32mx/lib/mips16\libmchp_peripheral_32MX795F512H.a(soft_reset_lib.o)
 .debug_aranges
                0x00002f90       0x28 c:/program files (x86)/microchip/xc32/v1.22/bin/../lib/gcc/pic32mx/4.5.2/../../../../pic32mx/lib/mips16\libmchp_peripheral_32MX795F512H.a(pcache.o)
 .debug_aranges
                0x00002fb8       0x20 c:/program files (x86)/microchip/xc32/v1.22/bin/../lib/gcc/pic32mx/4.5.2/../../../../pic32mx/lib/mips16\libmchp_peripheral_32MX795F512H.a(int_disable_interrupts_lib.o)
 .debug_aranges
                0x00002fd8       0x20 c:/program files (x86)/microchip/xc32/v1.22/bin/../lib/gcc/pic32mx/4.5.2/../../../../pic32mx/lib/mips16\libmchp_peripheral_32MX795F512H.a(int_restore_interrupts_lib.o)
 .debug_aranges
                0x00002ff8       0x20 c:/program files (x86)/microchip/xc32/v1.22/bin/../lib/gcc/pic32mx/4.5.2/../../../../pic32mx/lib/mips16\libmchp_peripheral_32MX795F512H.a(int_enable_mv_int_lib.o)
 .debug_aranges
                0x00003018       0x60 c:/program files (x86)/microchip/xc32/v1.22/bin/../lib/gcc/pic32mx/4.5.2/../../../../pic32mx/lib/mips16\libmchp_peripheral_32MX795F512H.a(int_tbl_lib.o)
 .debug_aranges
                0x00003078       0x20 c:/program files (x86)/microchip/xc32/v1.22/bin/../lib/gcc/pic32mx/4.5.2/../../../../pic32mx/lib/mips16\libmchp_peripheral_32MX795F512H.a(spi_chn_close_lib.o)
 .debug_aranges
                0x00003098       0x20 c:/program files (x86)/microchip/xc32/v1.22/bin/../lib/gcc/pic32mx/4.5.2/../../../../pic32mx/lib/mips16\libmchp_peripheral_32MX795F512H.a(spi_chn_open_lib.o)
 .debug_aranges
                0x000030b8       0x20 c:/program files (x86)/microchip/xc32/v1.22/bin/../lib/gcc/pic32mx/4.5.2/../../../../pic32mx/lib/mips16\libmchp_peripheral_32MX795F512H.a(spi_getc_spi2_lib_legacy.o)
 .debug_aranges
                0x000030d8       0x20 c:/program files (x86)/microchip/xc32/v1.22/bin/../lib/gcc/pic32mx/4.5.2/../../../../pic32mx/lib/mips16\libmchp_peripheral_32MX795F512H.a(nvm_erase_page_lib.o)
 .debug_aranges
                0x000030f8       0x20 c:/program files (x86)/microchip/xc32/v1.22/bin/../lib/gcc/pic32mx/4.5.2/../../../../pic32mx/lib/mips16\libmchp_peripheral_32MX795F512H.a(nvm_operation_lib.o)
 .debug_aranges