Archive member included because of file (symbol)

..\mruby-master\build\PICrouter\lib\libmruby.a(class.o)
                              build/default/production/picrouter.o (mrb_define_method)
..\mruby-master\build\PICrouter\lib\libmruby.a(error.o)
                              ..\mruby-master\build\PICrouter\lib\libmruby.a(class.o) (mrb_raise)
..\mruby-master\build\PICrouter\lib\libmruby.a(gc.o)
                              ..\mruby-master\build\PICrouter\lib\libmruby.a(class.o) (mrb_free)
..\mruby-master\build\PICrouter\lib\libmruby.a(hash.o)
                              ..\mruby-master\build\PICrouter\lib\libmruby.a(gc.o) (mrb_gc_mark_hash)
..\mruby-master\build\PICrouter\lib\libmruby.a(kernel.o)
                              ..\mruby-master\build\PICrouter\lib\libmruby.a(error.o) (mrb_obj_clone)
..\mruby-master\build\PICrouter\lib\libmruby.a(load.o)
                              build/default/production/picrouter.o (mrb_load_irep)
..\mruby-master\build\PICrouter\lib\libmruby.a(object.o)
                              ..\mruby-master\build\PICrouter\lib\libmruby.a(error.o) (mrb_obj_equal)
..\mruby-master\build\PICrouter\lib\libmruby.a(print.o)
                              ..\mruby-master\build\PICrouter\lib\libmruby.a(error.o) (mrb_p)
..\mruby-master\build\PICrouter\lib\libmruby.a(proc.o)
                              ..\mruby-master\build\PICrouter\lib\libmruby.a(load.o) (mrb_proc_new)
..\mruby-master\build\PICrouter\lib\libmruby.a(state.o)
                              build/default/production/picrouter.o (mrb_open)
..\mruby-master\build\PICrouter\lib\libmruby.a(string.o)
                              ..\mruby-master\build\PICrouter\lib\libmruby.a(class.o) (mrb_str_modify)
..\mruby-master\build\PICrouter\lib\libmruby.a(symbol.o)
                              ..\mruby-master\build\PICrouter\lib\libmruby.a(class.o) (mrb_intern2)
..\mruby-master\build\PICrouter\lib\libmruby.a(variable.o)
                              ..\mruby-master\build\PICrouter\lib\libmruby.a(gc.o) (mrb_gc_mark_gv)
..\mruby-master\build\PICrouter\lib\libmruby.a(vm.o)
                              ..\mruby-master\build\PICrouter\lib\libmruby.a(error.o) (mrb_longjmp)
..\mruby-master\build\PICrouter\lib\libmruby.a(array.o)
                              ..\mruby-master\build\PICrouter\lib\libmruby.a(string.o) (mrb_ary_pop)
..\mruby-master\build\PICrouter\lib\libmruby.a(backtrace.o)
                              ..\mruby-master\build\PICrouter\lib\libmruby.a(print.o) (mrb_print_backtrace)
..\mruby-master\build\PICrouter\lib\libmruby.a(crc.o)
                              ..\mruby-master\build\PICrouter\lib\libmruby.a(load.o) (calc_crc_16_ccitt)
..\mruby-master\build\PICrouter\lib\libmruby.a(debug.o)
                              ..\mruby-master\build\PICrouter\lib\libmruby.a(error.o) (mrb_debug_get_filename)
..\mruby-master\build\PICrouter\lib\libmruby.a(etc.o)
                              ..\mruby-master\build\PICrouter\lib\libmruby.a(kernel.o) (mrb_obj_id)
..\mruby-master\build\PICrouter\lib\libmruby.a(init.o)
                              ..\mruby-master\build\PICrouter\lib\libmruby.a(state.o) (mrb_init_core)
..\mruby-master\build\PICrouter\lib\libmruby.a(numeric.o)
                              ..\mruby-master\build\PICrouter\lib\libmruby.a(object.o) (mrb_flo_to_fixnum)
..\mruby-master\build\PICrouter\lib\libmruby.a(range.o)
                              ..\mruby-master\build\PICrouter\lib\libmruby.a(vm.o) (mrb_range_new)
..\mruby-master\build\PICrouter\lib\libmruby.a(mrblib.o)
                              ..\mruby-master\build\PICrouter\lib\libmruby.a(init.o) (mrb_init_mrblib)
..\mruby-master\build\PICrouter\lib\libmruby.a(compar.o)
                              ..\mruby-master\build\PICrouter\lib\libmruby.a(init.o) (mrb_init_comparable)
..\mruby-master\build\PICrouter\lib\libmruby.a(enum.o)
                              ..\mruby-master\build\PICrouter\lib\libmruby.a(init.o) (mrb_init_enumerable)
c:/program files (x86)/microchip/xc32/v1.22/bin/../lib/gcc/pic32mx/4.5.2/../../../../pic32mx/lib\libmchp_peripheral.a(read_core_timer_lib.o)
                              build/default/production/_ext/1340694758/ETHPIC32ExtPhy.o (ReadCoreTimer)
c:/program files (x86)/microchip/xc32/v1.22/bin/../lib/gcc/pic32mx/4.5.2/../../../../pic32mx/lib\libmchp_peripheral_32MX795F512H.a(eth_ack_packet_lib.o)
                              build/default/production/_ext/1340694758/ETHPIC32IntMac.o (EthRxAcknowledgeBuffer)
c:/program files (x86)/microchip/xc32/v1.22/bin/../lib/gcc/pic32mx/4.5.2/../../../../pic32mx/lib\libmchp_peripheral_32MX795F512H.a(eth_descriptors_add_lib.o)
                              build/default/production/_ext/1340694758/ETHPIC32IntMac.o (EthDescriptorsPoolAdd)
c:/program files (x86)/microchip/xc32/v1.22/bin/../lib/gcc/pic32mx/4.5.2/../../../../pic32mx/lib\libmchp_peripheral_32MX795F512H.a(eth_init_lib.o)
                              build/default/production/_ext/1340694758/ETHPIC32IntMac.o (EthInit)
[...]
Memory Configuration

Name             Origin             Length             Attributes
kseg0_program_mem 0x9d004490         0x0007cb70         xr
kseg0_boot_mem   0x9d003000         0x00000000
exception_mem    0x9d003000         0x00001000
kseg1_boot_mem   0x9d004000         0x00000490
debug_exec_mem   0xbfc02000         0x00000ff0
config3          0xbfc02ff0         0x00000004
config2          0xbfc02ff4         0x00000004
config1          0xbfc02ff8         0x00000004
config0          0xbfc02ffc         0x00000004
kseg1_data_mem   0xa0000000         0x00020000         w !x
sfrs             0xbf800000         0x00100000
configsfrs       0xbfc02ff0         0x00000010
*default*        0x00000000         0xffffffff

Linker script and memory map

LOAD c:/program files (x86)/microchip/xc32/v1.22/bin/../lib/gcc/pic32mx/4.5.2/../../../../pic32mx/lib/crt0.o
LOAD build/default/production/_ext/454704213/analog.o
LOAD build/default/production/_ext/454704213/iosetting.o
LOAD build/default/production/_ext/454704213/TimeDelay.o
LOAD build/default/production/_ext/454704213/usb_config.o
LOAD build/default/production/_ext/454704213/usb_descriptors.o
LOAD build/default/production/_ext/454704213/osc.o
LOAD build/default/production/_ext/454704213/sram.o
LOAD build/default/production/_ext/1340694758/ARP.o
LOAD build/default/production/_ext/1340694758/DHCP.o
LOAD build/default/production/_ext/1340694758/DHCPs.o
LOAD build/default/production/_ext/1340694758/ETHPIC32ExtPhy.o
LOAD build/default/production/_ext/1340694758/ETHPIC32ExtPhyDP83848.o
LOAD build/default/production/_ext/1340694758/ETHPIC32IntMac.o
LOAD build/default/production/_ext/1340694758/Helpers.o
LOAD build/default/production/_ext/1340694758/ICMP.o
LOAD build/default/production/_ext/1340694758/IP.o
LOAD build/default/production/_ext/1340694758/NBNS.o
LOAD build/default/production/_ext/1340694758/StackTsk.o
LOAD build/default/production/_ext/1340694758/Tick.o
LOAD build/default/production/_ext/1340694758/UDP.o
LOAD build/default/production/_ext/1340694758/ZeroconfHelper.o
LOAD build/default/production/_ext/1340694758/ZeroconfLinkLocal.o
LOAD build/default/production/_ext/1340694758/ZeroconfMulticastDNS.o
LOAD build/default/production/_ext/1798056102/usb_device.o
LOAD build/default/production/_ext/1798056102/usb_function_hid.o
LOAD build/default/production/_ext/1798056102/usb_host.o
LOAD build/default/production/_ext/1798056102/usb_host_cdc.o
LOAD build/default/production/_ext/1798056102/usb_host_cdc_interface.o
LOAD build/default/production/_ext/1798056102/usb_host_hid.o
LOAD build/default/production/_ext/1798056102/usb_host_hid_parser.o
LOAD build/default/production/_ext/1798056102/usb_host_midi.o
LOAD build/default/production/picrouter.o
LOAD build/default/production/mrb_picrouter.o
LOAD ..\mruby-master\build\PICrouter\lib\libmruby.a
                0x00000001                __MPLAB_BUILD = 0x1
                0x00000400                PROVIDE (_min_stack_size, 0x400)
LOAD c:/program files (x86)/microchip/xc32/v1.22/bin/../lib/gcc/pic32mx/4.5.2/../../../../pic32mx/lib/./proc/32MX795F512H\processor.o
START GROUP
LOAD c:/program files (x86)/microchip/xc32/v1.22/bin/../lib/gcc/pic32mx/4.5.2/../../../../pic32mx/lib\libmchp_peripheral.a
END GROUP
START GROUP
LOAD c:/program files (x86)/microchip/xc32/v1.22/bin/../lib/gcc/pic32mx/4.5.2/../../../../pic32mx/lib\libmchp_peripheral_32MX795F512H.a
END GROUP
                0x00000001                PROVIDE (_vector_spacing, 0x1)
                0x9d003000                _ebase_address = 0x9d003000
                0x9d004000                _RESET_ADDR = 0x9d004000
                0x9d004380                _BEV_EXCPT_ADDR = 0x9d004380
                0x9d004480                _DBG_EXCPT_ADDR = 0x9d004480
                0xbfc02000                _DBG_CODE_ADDR = 0xbfc02000
                0x00000ff0                _DBG_CODE_SIZE = 0xff0
                0x9d003180                _GEN_EXCPT_ADDR = (_ebase_address + 0x180)

.config_BFC02FF0
                0xbfc02ff0        0x4
 *(.config_BFC02FF0)
 .config_BFC02FF0
                0xbfc02ff0        0x4 build/default/production/picrouter.o

.config_BFC02FF4
                0xbfc02ff4        0x4
 *(.config_BFC02FF4)
 .config_BFC02FF4
                0xbfc02ff4        0x4 build/default/production/picrouter.o

.config_BFC02FF8
                0xbfc02ff8        0x4
 *(.config_BFC02FF8)
 .config_BFC02FF8
                0xbfc02ff8        0x4 build/default/production/picrouter.o

.config_BFC02FFC
                0xbfc02ffc        0x4
 *(.config_BFC02FFC)
 .config_BFC02FFC
                0xbfc02ffc        0x4 build/default/production/picrouter.o
                0xbfc02000                PROVIDE (_DBG_CODE_ADDR, 0xbfc02000)
                0x00000ff0                PROVIDE (_DBG_CODE_SIZE, 0xff0)

.reset          0x9d004000      0x1f4
 *(.reset)
 .reset         0x9d004000       0x10 c:/program files (x86)/microchip/xc32/v1.22/bin/../lib/gcc/pic32mx/4.5.2/../../../../pic32mx/lib/crt0.o
                0x9d004000                _reset
 *(.reset.startup)
 .reset.startup
                0x9d004010      0x1e4 c:/program files (x86)/microchip/xc32/v1.22/bin/../lib/gcc/pic32mx/4.5.2/../../../../pic32mx/lib/crt0.o

.bev_excpt      0x9d004380       0x10
 *(.bev_handler)
 .bev_handler   0x9d004380       0x10 c:/program files (x86)/microchip/xc32/v1.22/bin/../lib/gcc/pic32mx/4.5.2/../../../../pic32mx/lib/crt0.o

.dbg_excpt      0x9d004480        0x0
                0x9d004480                . = (. + DEFINED (_DEBUGGER)?0x8:0x0)

.dbg_code       0xbfc02000        0x0
                0xbfc02000                . = (. + DEFINED (_DEBUGGER)?_DBG_CODE_SIZE:0x0)

.app_excpt      0x9d003180       0x10
 *(.gen_handler)
 .gen_handler   0x9d003180       0x10 c:/program files (x86)/microchip/xc32/v1.22/bin/../lib/gcc/pic32mx/4.5.2/../../../../pic32mx/lib/crt0.o

.vector_0       0x9d003200        0x0
 *(.vector_0)
                0x00000001                ASSERT (((_vector_spacing == 0x0) || (SIZEOF (.vector_0) <= (_vector_spacing << 0x5))), function at exception vector 0 too large)

.vector_1       0x9d003220        0x0
 *(.vector_1)
                0x00000001                ASSERT (((_vector_spacing == 0x0) || (SIZEOF (.vector_1) <= (_vector_spacing << 0x5))), function at exception vector 1 too large)

.vector_2       0x9d003240        0x0
 *(.vector_2)
                0x00000001                ASSERT (((_vector_spacing == 0x0) || (SIZEOF (.vector_2) <= (_vector_spacing << 0x5))), function at exception vector 2 too large)

.vector_3       0x9d003260        0x0
 *(.vector_3)
                0x00000001                ASSERT (((_vector_spacing == 0x0) || (SIZEOF (.vector_3) <= (_vector_spacing << 0x5))), function at exception vector 3 too large)

.vector_4       0x9d003280        0x8
 *(.vector_4)
 .vector_4      0x9d003280        0x8 build/default/production/_ext/1340694758/Tick.o
                0x9d003280                __vector_dispatch_4
                0x00000001                ASSERT (((_vector_spacing == 0x0) || (SIZEOF (.vector_4) <= (_vector_spacing << 0x5))), function at exception vector 4 too large)

.vector_5       0x9d0032a0        0x0
 *(.vector_5)
                0x00000001                ASSERT (((_vector_spacing == 0x0) || (SIZEOF (.vector_5) <= (_vector_spacing << 0x5))), function at exception vector 5 too large)

.vector_6       0x9d0032c0        0x0
 *(.vector_6)
                0x00000001                ASSERT (((_vector_spacing == 0x0) || (SIZEOF (.vector_6) <= (_vector_spacing << 0x5))), function at exception vector 6 too large)

.vector_7       0x9d0032e0        0x0
 *(.vector_7)
                0x00000001                ASSERT (((_vector_spacing == 0x0) || (SIZEOF (.vector_7) <= (_vector_spacing << 0x5))), function at exception vector 7 too large)

.vector_8       0x9d003300        0x0
 *(.vector_8)
                0x00000001                ASSERT (((_vector_spacing == 0x0) || (SIZEOF (.vector_8) <= (_vector_spacing << 0x5))), function at exception vector 8 too large)

.vector_9       0x9d003320        0x0
 *(.vector_9)
                0x00000001                ASSERT (((_vector_spacing == 0x0) || (SIZEOF (.vector_9) <= (_vector_spacing << 0x5))), function at exception vector 9 too large)

.vector_10      0x9d003340        0x0
 *(.vector_10)
                0x00000001                ASSERT (((_vector_spacing == 0x0) || (SIZEOF (.vector_10) <= (_vector_spacing << 0x5))), function at exception vector 10 too large)

.vector_11      0x9d003360        0x0
 *(.vector_11)
                0x00000001                ASSERT (((_vector_spacing == 0x0) || (SIZEOF (.vector_11) <= (_vector_spacing << 0x5))), function at exception vector 11 too large)

.vector_12      0x9d003380        0x0
 *(.vector_12)
                0x00000001                ASSERT (((_vector_spacing == 0x0) || (SIZEOF (.vector_12) <= (_vector_spacing << 0x5))), function at exception vector 12 too large)

.vector_13      0x9d0033a0        0x0
 *(.vector_13)
                0x00000001                ASSERT (((_vector_spacing == 0x0) || (SIZEOF (.vector_13) <= (_vector_spacing << 0x5))), function at exception vector 13 too large)

.vector_14      0x9d0033c0        0x0
 *(.vector_14)
                0x00000001                ASSERT (((_vector_spacing == 0x0) || (SIZEOF (.vector_14) <= (_vector_spacing << 0x5))), function at exception vector 14 too large)

.vector_15      0x9d0033e0        0x0
 *(.vector_15)
                0x00000001                ASSERT (((_vector_spacing == 0x0) || (SIZEOF (.vector_15) <= (_vector_spacing << 0x5))), function at exception vector 15 too large)

.vector_16      0x9d003400        0x0
 *(.vector_16)
                0x00000001                ASSERT (((_vector_spacing == 0x0) || (SIZEOF (.vector_16) <= (_vector_spacing << 0x5))), function at exception vector 16 too large)

.vector_17      0x9d003420        0x0
 *(.vector_17)
                0x00000001                ASSERT (((_vector_spacing == 0x0) || (SIZEOF (.vector_17) <= (_vector_spacing << 0x5))), function at exception vector 17 too large)

.vector_18      0x9d003440        0x0
 *(.vector_18)
                0x00000001                ASSERT (((_vector_spacing == 0x0) || (SIZEOF (.vector_18) <= (_vector_spacing << 0x5))), function at exception vector 18 too large)

.vector_19      0x9d003460        0x0
 *(.vector_19)
                0x00000001                ASSERT (((_vector_spacing == 0x0) || (SIZEOF (.vector_19) <= (_vector_spacing << 0x5))), function at exception vector 19 too large)

.vector_20      0x9d003480        0x8
 *(.vector_20)
 .vector_20     0x9d003480        0x8 build/default/production/picrouter.o
                0x9d003480                __vector_dispatch_20
                0x00000001                ASSERT (((_vector_spacing == 0x0) || (SIZEOF (.vector_20) <= (_vector_spacing << 0x5))), function at exception vector 20 too large)

.vector_21      0x9d0034a0        0x0
 *(.vector_21)
                0x00000001                ASSERT (((_vector_spacing == 0x0) || (SIZEOF (.vector_21) <= (_vector_spacing << 0x5))), function at exception vector 21 too large)

.vector_22      0x9d0034c0        0x0
 *(.vector_22)
                0x00000001                ASSERT (((_vector_spacing == 0x0) || (SIZEOF (.vector_22) <= (_vector_spacing << 0x5))), function at exception vector 22 too large)

.vector_23      0x9d0034e0        0x0
 *(.vector_23)
                0x00000001                ASSERT (((_vector_spacing == 0x0) || (SIZEOF (.vector_23) <= (_vector_spacing << 0x5))), function at exception vector 23 too large)

.vector_24      0x9d003500        0x0
 *(.vector_24)
                0x00000001                ASSERT (((_vector_spacing == 0x0) || (SIZEOF (.vector_24) <= (_vector_spacing << 0x5))), function at exception vector 24 too large)

.vector_25      0x9d003520        0x0
 *(.vector_25)
                0x00000001                ASSERT (((_vector_spacing == 0x0) || (SIZEOF (.vector_25) <= (_vector_spacing << 0x5))), function at exception vector 25 too large)

.vector_26      0x9d003540        0x0
 *(.vector_26)
                0x00000001                ASSERT (((_vector_spacing == 0x0) || (SIZEOF (.vector_26) <= (_vector_spacing << 0x5))), function at exception vector 26 too large)

.vector_27      0x9d003560        0x0
 *(.vector_27)
                0x00000001                ASSERT (((_vector_spacing == 0x0) || (SIZEOF (.vector_27) <= (_vector_spacing << 0x5))), function at exception vector 27 too large)

.vector_28      0x9d003580        0x0
 *(.vector_28)
                0x00000001                ASSERT (((_vector_spacing == 0x0) || (SIZEOF (.vector_28) <= (_vector_spacing << 0x5))), function at exception vector 28 too large)

.vector_29      0x9d0035a0        0x0
 *(.vector_29)
                0x00000001                ASSERT (((_vector_spacing == 0x0) || (SIZEOF (.vector_29) <= (_vector_spacing << 0x5))), function at exception vector 29 too large)

.vector_30      0x9d0035c0        0x0
 *(.vector_30)
                0x00000001                ASSERT (((_vector_spacing == 0x0) || (SIZEOF (.vector_30) <= (_vector_spacing << 0x5))), function at exception vector 30 too large)

.vector_31      0x9d0035e0        0x0
 *(.vector_31)
                0x00000001                ASSERT (((_vector_spacing == 0x0) || (SIZEOF (.vector_31) <= (_vector_spacing << 0x5))), function at exception vector 31 too large)

.vector_32      0x9d003600        0x0
 *(.vector_32)
                0x00000001                ASSERT (((_vector_spacing == 0x0) || (SIZEOF (.vector_32) <= (_vector_spacing << 0x5))), function at exception vector 32 too large)

.vector_33      0x9d003620        0x0
 *(.vector_33)
                0x00000001                ASSERT (((_vector_spacing == 0x0) || (SIZEOF (.vector_33) <= (_vector_spacing << 0x5))), function at exception vector 33 too large)

.vector_34      0x9d003640        0x0
 *(.vector_34)
                0x00000001                ASSERT (((_vector_spacing == 0x0) || (SIZEOF (.vector_34) <= (_vector_spacing << 0x5))), function at exception vector 34 too large)

.vector_35      0x9d003660        0x0
 *(.vector_35)
                0x00000001                ASSERT (((_vector_spacing == 0x0) || (SIZEOF (.vector_35) <= (_vector_spacing << 0x5))), function at exception vector 35 too large)

.vector_36      0x9d003680        0x0
 *(.vector_36)
                0x00000001                ASSERT (((_vector_spacing == 0x0) || (SIZEOF (.vector_36) <= (_vector_spacing << 0x5))), function at exception vector 36 too large)

.vector_37      0x9d0036a0        0x0
 *(.vector_37)
                0x00000001                ASSERT (((_vector_spacing == 0x0) || (SIZEOF (.vector_37) <= (_vector_spacing << 0x5))), function at exception vector 37 too large)

.vector_38      0x9d0036c0        0x0
 *(.vector_38)
                0x00000001                ASSERT (((_vector_spacing == 0x0) || (SIZEOF (.vector_38) <= (_vector_spacing << 0x5))), function at exception vector 38 too large)

.vector_39      0x9d0036e0        0x0
 *(.vector_39)
                0x00000001                ASSERT (((_vector_spacing == 0x0) || (SIZEOF (.vector_39) <= (_vector_spacing << 0x5))), function at exception vector 39 too large)

.vector_40      0x9d003700        0x0
 *(.vector_40)
                0x00000001                ASSERT (((_vector_spacing == 0x0) || (SIZEOF (.vector_40) <= (_vector_spacing << 0x5))), function at exception vector 40 too large)

.vector_41      0x9d003720        0x0
 *(.vector_41)
                0x00000001                ASSERT (((_vector_spacing == 0x0) || (SIZEOF (.vector_41) <= (_vector_spacing << 0x5))), function at exception vector 41 too large)

.vector_42      0x9d003740        0x0
 *(.vector_42)
                0x00000001                ASSERT (((_vector_spacing == 0x0) || (SIZEOF (.vector_42) <= (_vector_spacing << 0x5))), function at exception vector 42 too large)

.vector_43      0x9d003760        0x0
 *(.vector_43)
                0x00000001                ASSERT (((_vector_spacing == 0x0) || (SIZEOF (.vector_43) <= (_vector_spacing << 0x5))), function at exception vector 43 too large)

.vector_44      0x9d003780        0x0
 *(.vector_44)
                0x00000001                ASSERT (((_vector_spacing == 0x0) || (SIZEOF (.vector_44) <= (_vector_spacing << 0x5))), function at exception vector 44 too large)

.vector_45      0x9d0037a0        0x8
 *(.vector_45)
 .vector_45     0x9d0037a0        0x8 build/default/production/_ext/1798056102/usb_host.o
                0x9d0037a0                __vector_dispatch_45
                0x00000001                ASSERT (((_vector_spacing == 0x0) || (SIZEOF (.vector_45) <= (_vector_spacing << 0x5))), function at exception vector 45 too large)

.vector_46      0x9d0037c0        0x0
 *(.vector_46)
                0x00000001                ASSERT (((_vector_spacing == 0x0) || (SIZEOF (.vector_46) <= (_vector_spacing << 0x5))), function at exception vector 46 too large)

.vector_47      0x9d0037e0        0x0
 *(.vector_47)
                0x00000001                ASSERT (((_vector_spacing == 0x0) || (SIZEOF (.vector_47) <= (_vector_spacing << 0x5))), function at exception vector 47 too large)

.vector_48      0x9d003800        0x0
 *(.vector_48)
                0x00000001                ASSERT (((_vector_spacing == 0x0) || (SIZEOF (.vector_48) <= (_vector_spacing << 0x5))), function at exception vector 48 too large)

.vector_49      0x9d003820        0x0
 *(.vector_49)
                0x00000001                ASSERT (((_vector_spacing == 0x0) || (SIZEOF (.vector_49) <= (_vector_spacing << 0x5))), function at exception vector 49 too large)

.vector_50      0x9d003840        0x0
 *(.vector_50)
                0x00000001                ASSERT (((_vector_spacing == 0x0) || (SIZEOF (.vector_50) <= (_vector_spacing << 0x5))), function at exception vector 50 too large)

.vector_51      0x9d003860        0x0
 *(.vector_51)
                0x00000001                ASSERT (((_vector_spacing == 0x0) || (SIZEOF (.vector_51) <= (_vector_spacing << 0x5))), function at exception vector 51 too large)

.vector_52      0x9d003880        0x0
 *(.vector_52)
                0x00000001                ASSERT (((_vector_spacing == 0x0) || (SIZEOF (.vector_52) <= (_vector_spacing << 0x5))), function at exception vector 52 too large)

.vector_53      0x9d0038a0        0x0
 *(.vector_53)
                0x00000001                ASSERT (((_vector_spacing == 0x0) || (SIZEOF (.vector_53) <= (_vector_spacing << 0x5))), function at exception vector 53 too large)

.vector_54      0x9d0038c0        0x0
 *(.vector_54)
                0x00000001                ASSERT (((_vector_spacing == 0x0) || (SIZEOF (.vector_54) <= (_vector_spacing << 0x5))), function at exception vector 54 too large)

.vector_55      0x9d0038e0        0x0
 *(.vector_55)
                0x00000001                ASSERT (((_vector_spacing == 0x0) || (SIZEOF (.vector_55) <= (_vector_spacing << 0x5))), function at exception vector 55 too large)

.vector_56      0x9d003900        0x0
 *(.vector_56)
                0x00000001                ASSERT (((_vector_spacing == 0x0) || (SIZEOF (.vector_56) <= (_vector_spacing << 0x5))), function at exception vector 56 too large)

.vector_57      0x9d003920        0x0
 *(.vector_57)
                0x00000001                ASSERT (((_vector_spacing == 0x0) || (SIZEOF (.vector_57) <= (_vector_spacing << 0x5))), function at exception vector 57 too large)

.vector_58      0x9d003940        0x0
 *(.vector_58)
                0x00000001                ASSERT (((_vector_spacing == 0x0) || (SIZEOF (.vector_58) <= (_vector_spacing << 0x5))), function at exception vector 58 too large)

.vector_59      0x9d003960        0x0
 *(.vector_59)
                0x00000001                ASSERT (((_vector_spacing == 0x0) || (SIZEOF (.vector_59) <= (_vector_spacing << 0x5))), function at exception vector 59 too large)

.vector_60      0x9d003980        0x0
 *(.vector_60)
                0x00000001                ASSERT (((_vector_spacing == 0x0) || (SIZEOF (.vector_60) <= (_vector_spacing << 0x5))), function at exception vector 60 too large)

.vector_61      0x9d0039a0        0x0
 *(.vector_61)
                0x00000001                ASSERT (((_vector_spacing == 0x0) || (SIZEOF (.vector_61) <= (_vector_spacing << 0x5))), function at exception vector 61 too large)

.vector_62      0x9d0039c0        0x0
 *(.vector_62)
                0x00000001                ASSERT (((_vector_spacing == 0x0) || (SIZEOF (.vector_62) <= (_vector_spacing << 0x5))), function at exception vector 62 too large)

.vector_63      0x9d0039e0        0x0
 *(.vector_63)
                0x00000001                ASSERT (((_vector_spacing == 0x0) || (SIZEOF (.vector_63) <= (_vector_spacing << 0x5))), function at exception vector 63 too large)

.startup
 *(.startup)

.text           0x9d004490        0x0
 *(.stub .gnu.linkonce.t.*)
 *(.text.*personality*)
 *(.mips16.fn.*)
 *(.mips16.call.*)
 *(.gnu.warning)
                0x9d004490                . = ALIGN (0x4)

.init           0x9d004490        0x0
 *crti.o(.init)
 *crtbegin.o(.init)
 *(EXCLUDE_FILE(*crtn.o *crtend?.o *crtend.o) .init)
 *crtend.o(.init)
 *crtn.o(.init)
                0x9d004490                . = ALIGN (0x4)

.fini           0x9d004490        0x0
 *(.fini)
                0x9d004490                . = ALIGN (0x4)

.preinit_array  0x9d004490        0x0
                0x9d004490                PROVIDE (__preinit_array_start, .)
 *(.preinit_array)
                0x9d004490                PROVIDE (__preinit_array_end, .)
                0x9d004490                . = ALIGN (0x4)

.init_array     0x9d004490        0x0
                0x9d004490                PROVIDE (__init_array_start, .)
 *(SORT(.init_array.*))
 *(.init_array)
                0x9d004490                PROVIDE (__init_array_end, .)
                0x9d004490                . = ALIGN (0x4)

.fini_array     0x9d004490        0x0
                0x9d004490                PROVIDE (__fini_array_start, .)
 *(SORT(.fini_array.*))
 *(.fini_array)
                0x9d004490                PROVIDE (__fini_array_end, .)
                0x9d004490                . = ALIGN (0x4)

.ctors          0x9d004490        0x0
 *crtbegin.o(.ctors)
 *crtbegin?.o(.ctors)
 *(EXCLUDE_FILE(*crtend?.o *crtend.o) .ctors)
 *(SORT(.ctors.*))
 *(.ctors)
                0x9d004490                . = ALIGN (0x4)

.dtors          0x9d004490        0x0
 *crtbegin.o(.dtors)
 *crtbegin?.o(.dtors)
 *(EXCLUDE_FILE(*crtend?.o *crtend.o) .dtors)
 *(SORT(.dtors.*))
 *(.dtors)
                0x9d004490                . = ALIGN (0x4)

.rodata         0x9d004490        0x0
 *(.gnu.linkonce.r.*)
 *(.rodata1)
                0x9d004490                . = ALIGN (0x4)

.sdata2         0x9d003000        0x0
 *(.sdata2 .sdata2.* .gnu.linkonce.s2.*)
                0x9d003000                . = ALIGN (0x4)

.sbss2          0x9d003000        0x0
 *(.sbss2 .sbss2.* .gnu.linkonce.sb2.*)
                0x9d003000                . = ALIGN (0x4)

.eh_frame_hdr
 *(.eh_frame_hdr)
                0x9d003000                . = ALIGN (0x4)

.eh_frame
 *(.eh_frame)
                0x9d003000                . = ALIGN (0x4)

.gcc_except_table
 *(.gcc_except_table .gcc_except_table.*)
                0x9d003000                . = ALIGN (0x4)

.dbg_data       0xa0000000        0x0
                0xa0000000                . = (. + DEFINED (_DEBUGGER)?0x200:0x0)

.jcr            0xa0000000        0x0
 *(.jcr)
                0xa0000000                . = ALIGN (0x4)

.eh_frame       0xa0000000       0x30
 *(.eh_frame)
 .eh_frame      0xa0000000       0x20 c:/program files (x86)/microchip/xc32/v1.22/bin/../lib/gcc/pic32mx/4.5.2\libgcc.a(_udivdi3.o)
 .eh_frame      0xa0000020       0x10 c:/program files (x86)/microchip/xc32/v1.22/bin/../lib/gcc/pic32mx/4.5.2\libgcc.a(_umoddi3.o)
                0xa0000030                . = ALIGN (0x4)

.gcc_except_table
 *(.gcc_except_table .gcc_except_table.*)
                0xa0000030                . = ALIGN (0x4)

.persist        0xa0000030        0x4
                0xa0000030                _persist_begin = .
 *(.persist .persist.*)
 *(.pbss .pbss.*)
 .pbss.NextPort
                0xa0000030        0x2 build/default/production/_ext/1340694758/UDP.o
                0xa0000034                . = ALIGN (0x4)
 *fill*         0xa0000032        0x2 
                0xa0000034                _persist_end = .

.data           0xa0000034        0x0
 *(.gnu.linkonce.d.*)
 *(.data1)
                0xa0000034                . = ALIGN (0x4)
                0xa0000034                . = .
                0xa0008030                _gp = (ALIGN (0x10) + 0x7ff0)

.got            0xa0000034        0x0
 *(.got.plt)
 *(.got)
                0xa0000034                . = ALIGN (0x4)

.sdata          0xa0000034       0x34
                0xa0000034                _sdata_begin = .
 *(.sdata .sdata.* .gnu.linkonce.s.*)
 .sdata.remoteIP.remoteIP
                0xa0000034        0x4 build/default/production/_ext/454704213/osc.o
 .sdata.remotePort.remotePort
                0xa0000038        0x2 build/default/production/_ext/454704213/osc.o
 .sdata.localPort.localPort
                0xa000003a        0x2 build/default/production/_ext/454704213/osc.o
 .sdata.MySocket.MySocket
                0xa000003c        0x1 build/default/production/_ext/1340694758/DHCPs.o
 *fill*         0xa000003d        0x3 
 .sdata.bDHCPServerEnabled.bDHCPServerEnabled
                0xa0000040        0x4 build/default/production/_ext/1340694758/DHCPs.o
                0xa0000040                bDHCPServerEnabled
 .sdata.smDHCPServer.smDHCPServer
                0xa0000044        0x4 build/default/production/_ext/1340694758/DHCPs.o
 .sdata.dwLFSRRandSeed.dwLFSRRandSeed
                0xa0000048        0x4 build/default/production/_ext/1340694758/Helpers.o
 .sdata.LastPutSocket.LastPutSocket
                0xa000004c        0x1 build/default/production/_ext/1340694758/UDP.o
 .sdata.SocketWithRxData.SocketWithRxData
                0xa000004d        0x1 build/default/production/_ext/1340694758/UDP.o
 *fill*         0xa000004e        0x2 
 .sdata.callbacks.callbacks
                0xa0000050        0x8 build/default/production/_ext/1340694758/ZeroconfLinkLocal.o
 .sdata.CONST_STR_local.CONST_STR_local
                0xa0000058        0x4 build/default/production/_ext/1340694758/ZeroconfMulticastDNS.o
                0xa0000058                CONST_STR_local
 .sdata.mDNS_socket.mDNS_socket
                0xa000005c        0x1 build/default/production/_ext/1340694758/ZeroconfMulticastDNS.o
                0xa000005c                mDNS_socket
 *fill*         0xa000005d        0x3 
 .sdata.call_iseq.call_iseq
                0xa0000060        0x4 ..\mruby-master\build\PICrouter\lib\libmruby.a(proc.o)
 .sdata         0xa0000064        0x4 c:/program files (x86)/microchip/xc32/v1.22/bin/../lib/gcc/pic32mx/4.5.2/../../../../pic32mx/lib\libpic32.a(xc32_uart.o)
                0xa0000064                __XC_UART
                0xa0000068                . = ALIGN (0x4)
                0xa0000068                _sdata_end = .

.lit8
 *(.lit8)

.lit4
 *(.lit4)
                0xa0000068                . = ALIGN (0x4)
                0xa0000068                _data_end = .
                0xa0000068                _bss_begin = .

.sbss           0xa0000068      0x288
                0xa0000068                _sbss_begin = .
 *(.dynsbss)
 *(.sbss .sbss.* .gnu.linkonce.sb.*)
 .sbss.currentPosition.currentPosition
                0xa0000068        0x4 build/default/production/_ext/454704213/analog.o
 .sbss.currentPosition1.currentPosition1
                0xa000006c        0x4 build/default/production/_ext/454704213/analog.o
 .sbss.prevPosition.prevPosition
                0xa0000070        0x4 build/default/production/_ext/454704213/analog.o
 .sbss.centerPosition.centerPosition
                0xa0000074        0x4 build/default/production/_ext/454704213/analog.o
 .sbss.currentSection.currentSection
                0xa0000078        0x4 build/default/production/_ext/454704213/analog.o
 .sbss.prevSection.prevSection
                0xa000007c        0x4 build/default/production/_ext/454704213/analog.o
 .sbss.currentDirection.currentDirection
                0xa0000080        0x4 build/default/production/_ext/454704213/analog.o
 .sbss.currentDirection1.currentDirection1
                0xa0000084        0x4 build/default/production/_ext/454704213/analog.o
 .sbss.prevDirection.prevDirection
                0xa0000088        0x4 build/default/production/_ext/454704213/analog.o
 .sbss.ioPwmPort.ioPwmPort
                0xa000008c        0x4 build/default/production/_ext/454704213/iosetting.o
                0xa000008c                ioPwmPort
 .sbss.ioDPort.ioDPort
                0xa0000090        0x4 build/default/production/_ext/454704213/iosetting.o
                0xa0000090                ioDPort
 .sbss.ioSpiPort.ioSpiPort
                0xa0000094        0x8 build/default/production/_ext/454704213/iosetting.o
                0xa0000094                ioSpiPort
 .sbss.RxSocket.RxSocket
                0xa000009c        0x1 build/default/production/_ext/454704213/osc.o
 .sbss.TxSocket.TxSocket
                0xa000009d        0x1 build/default/production/_ext/454704213/osc.o
 .sbss.DiscoverSocket.DiscoverSocket
                0xa000009e        0x1 build/default/production/_ext/454704213/osc.o
 *fill*         0xa000009f        0x1 
 .sbss.initReceiveFlag.initReceiveFlag
                0xa00000a0        0x4 build/default/production/_ext/454704213/osc.o
 .sbss.initSendFlag.initSendFlag
                0xa00000a4        0x4 build/default/production/_ext/454704213/osc.o
 .sbss.chCompletedFlag.chCompletedFlag
                0xa00000a8        0x4 build/default/production/_ext/454704213/osc.o
 .sbss.stdPrefix.stdPrefix
                0xa00000ac        0x4 build/default/production/_ext/454704213/osc.o
 .sbss.state_index.state_index
                0xa00000b0        0x1 build/default/production/_ext/454704213/osc.o
 .sbss.indexA.indexA
                0xa00000b1        0x1 build/default/production/_ext/454704213/osc.o
 .sbss.indexB.indexB
                0xa00000b2        0x1 build/default/production/_ext/454704213/osc.o
 .sbss.ringBufIndex.ringBufIndex
                0xa00000b3        0x1 build/default/production/_ext/454704213/osc.o
 .sbss.ringProcessIndex.ringProcessIndex
                0xa00000b4        0x1 build/default/production/_ext/454704213/osc.o
 *fill*         0xa00000b5        0x1 
 .sbss.rcvPrefixLength.rcvPrefixLength
                0xa00000b6        0x2 build/default/production/_ext/454704213/osc.o
 .sbss.rcvAddressLength.rcvAddressLength
                0xa00000b8        0x2 build/default/production/_ext/454704213/osc.o
 .sbss.rcvTypesStartIndex.rcvTypesStartIndex
                0xa00000ba        0x2 build/default/production/_ext/454704213/osc.o
 .sbss.rcvArgumentsLength.rcvArgumentsLength
                0xa00000bc        0x2 build/default/production/_ext/454704213/osc.o
 .sbss.bundleAppendIndex.bundleAppendIndex
                0xa00000be        0x2 build/default/production/_ext/454704213/osc.o
 .sbss.smARP.22093.smARP
                0xa00000c0        0x4 build/default/production/_ext/1340694758/ARP.o
 .sbss.DHCPClientInitializedOnce.DHCPClientInitializedOnce
                0xa00000c4        0x4 build/default/production/_ext/1340694758/DHCP.o
                0xa00000c4                DHCPClientInitializedOnce
 .sbss.DHCPNextLease.DHCPNextLease
                0xa00000c8        0x4 build/default/production/_ext/1340694758/DHCPs.o
 .sbss.dhcp_timer.22176.dhcp_timer
                0xa00000cc        0x4 build/default/production/_ext/1340694758/DHCPs.o
 .sbss.flag_init.22107.flag_init
                0xa00000d0        0x4 build/default/production/_ext/1340694758/DHCPs.o
 .sbss._pTxCurrDcpt._pTxCurrDcpt
                0xa00000d4        0x4 build/default/production/_ext/1340694758/ETHPIC32IntMac.o
 .sbss._TxLastDcptIx._TxLastDcptIx
                0xa00000d8        0x4 build/default/production/_ext/1340694758/ETHPIC32IntMac.o
 .sbss._TxCurrSize._TxCurrSize
                0xa00000dc        0x2 build/default/production/_ext/1340694758/ETHPIC32IntMac.o
 *fill*         0xa00000de        0x2 
 .sbss._pRxCurrBuff._pRxCurrBuff
                0xa00000e0        0x4 build/default/production/_ext/1340694758/ETHPIC32IntMac.o
 .sbss._RxCurrSize._RxCurrSize
                0xa00000e4        0x2 build/default/production/_ext/1340694758/ETHPIC32IntMac.o
 *fill*         0xa00000e6        0x2 
 .sbss._CurrWrPtr._CurrWrPtr
                0xa00000e8        0x4 build/default/production/_ext/1340694758/ETHPIC32IntMac.o
 .sbss._CurrRdPtr._CurrRdPtr
                0xa00000ec        0x4 build/default/production/_ext/1340694758/ETHPIC32IntMac.o
 .sbss._linkUpdTick._linkUpdTick
                0xa00000f0        0x4 build/default/production/_ext/1340694758/ETHPIC32IntMac.o
 .sbss._linkPrev._linkPrev
                0xa00000f4        0x4 build/default/production/_ext/1340694758/ETHPIC32IntMac.o
 .sbss._linkPresent._linkPresent
                0xa00000f8        0x4 build/default/production/_ext/1340694758/ETHPIC32IntMac.o
 .sbss._linkNegotiation._linkNegotiation
                0xa00000fc        0x4 build/default/production/_ext/1340694758/ETHPIC32IntMac.o
 .sbss._stackMgrRxOkPkts._stackMgrRxOkPkts
                0xa0000100        0x4 build/default/production/_ext/1340694758/ETHPIC32IntMac.o
                0xa0000100                _stackMgrRxOkPkts
 .sbss._stackMgrRxBadPkts._stackMgrRxBadPkts
                0xa0000104        0x4 build/default/production/_ext/1340694758/ETHPIC32IntMac.o
                0xa0000104                _stackMgrRxBadPkts
 .sbss._stackMgrInGetHdr._stackMgrInGetHdr
                0xa0000108        0x4 build/default/production/_ext/1340694758/ETHPIC32IntMac.o
                0xa0000108                _stackMgrInGetHdr
 .sbss._stackMgrRxDiscarded._stackMgrRxDiscarded
                0xa000010c        0x4 build/default/production/_ext/1340694758/ETHPIC32IntMac.o
                0xa000010c                _stackMgrRxDiscarded
 .sbss._stackMgrTxNotReady._stackMgrTxNotReady
                0xa0000110        0x4 build/default/production/_ext/1340694758/ETHPIC32IntMac.o
                0xa0000110                _stackMgrTxNotReady
 .sbss.wICMPSequenceNumber.wICMPSequenceNumber
                0xa0000114        0x2 build/default/production/_ext/1340694758/ICMP.o
 *fill*         0xa0000116        0x2 
 .sbss.ICMPTimer.ICMPTimer
                0xa0000118        0x4 build/default/production/_ext/1340694758/ICMP.o
 .sbss.ICMPFlags.ICMPFlags
                0xa000011c        0x4 build/default/production/_ext/1340694758/ICMP.o
 .sbss._Identifier._Identifier
                0xa0000120        0x2 build/default/production/_ext/1340694758/IP.o
 .sbss.IPHeaderLen.IPHeaderLen
                0xa0000122        0x1 build/default/production/_ext/1340694758/IP.o
 *fill*         0xa0000123        0x1 
 .sbss.smStack.smStack
                0xa0000124        0x4 build/default/production/_ext/1340694758/StackTsk.o
 .sbss.bLastLinkState.22068.bLastLinkState
                0xa0000128        0x4 build/default/production/_ext/1340694758/StackTsk.o
 .sbss.once.22060.once
                0xa000012c        0x4 build/default/production/_ext/1340694758/StackTsk.o
 .sbss.dwInternalTicks.dwInternalTicks
                0xa0000130        0x4 build/default/production/_ext/1340694758/Tick.o
 *fill*         0xa0000134        0x4 
 .sbss.vTickReading.vTickReading
                0xa0000138        0x8 build/default/production/_ext/1340694758/Tick.o
 .sbss.wPutOffset.wPutOffset
                0xa0000140        0x2 build/default/production/_ext/1340694758/UDP.o
 .sbss.wGetOffset.wGetOffset
                0xa0000142        0x2 build/default/production/_ext/1340694758/UDP.o
 .sbss.Flags.Flags
                0xa0000144        0x4 build/default/production/_ext/1340694758/UDP.o
 .sbss.zcll_state.zcll_state
                0xa0000148        0x4 build/default/production/_ext/1340694758/ZeroconfLinkLocal.o
                0xa0000148                zcll_state
 .sbss.zcll_dhcp_substate.zcll_dhcp_substate
                0xa000014c        0x4 build/default/production/_ext/1340694758/ZeroconfLinkLocal.o
                0xa000014c                zcll_dhcp_substate
 .sbss.zcll_flags.zcll_flags
                0xa0000150        0x4 build/default/production/_ext/1340694758/ZeroconfLinkLocal.o
 .sbss.temp_IP_addr.temp_IP_addr
                0xa0000154        0x4 build/default/production/_ext/1340694758/ZeroconfLinkLocal.o
 .sbss.temp_MAC_addr.temp_MAC_addr
                0xa0000158        0x8 build/default/production/_ext/1340694758/ZeroconfLinkLocal.o
 .sbss.probe_count.probe_count
                0xa0000160        0x1 build/default/production/_ext/1340694758/ZeroconfLinkLocal.o
 .sbss.conflict_count.conflict_count
                0xa0000161        0x1 build/default/production/_ext/1340694758/ZeroconfLinkLocal.o
 .sbss.announce_count.announce_count
                0xa0000162        0x1 build/default/production/_ext/1340694758/ZeroconfLinkLocal.o
 *fill*         0xa0000163        0x1 
 .sbss.bDefaultIPTried.bDefaultIPTried
                0xa0000164        0x4 build/default/production/_ext/1340694758/ZeroconfLinkLocal.o
 .sbss.arp_reg_id.arp_reg_id
                0xa0000168        0x1 build/default/production/_ext/1340694758/ZeroconfLinkLocal.o
 .sbss.time_recorded.22159.time_recorded
                0xa0000169        0x1 build/default/production/_ext/1340694758/ZeroconfLinkLocal.o
 *fill*         0xa000016a        0x2 
 .sbss.event_time.22158.event_time
                0xa000016c        0x4 build/default/production/_ext/1340694758/ZeroconfLinkLocal.o
 .sbss.defended.22160.defended
                0xa0000170        0x1 build/default/production/_ext/1340694758/ZeroconfLinkLocal.o
 *fill*         0xa0000171        0x3 
 .sbss.random_delay.22161.random_delay
                0xa0000174        0x4 build/default/production/_ext/1340694758/ZeroconfLinkLocal.o
 .sbss.mDNS_responder_state.mDNS_responder_state
                0xa0000178        0x4 build/default/production/_ext/1340694758/ZeroconfMulticastDNS.o
                0xa0000178                mDNS_responder_state
 .sbss.g_mDNS_offset.g_mDNS_offset
                0xa000017c        0x2 build/default/production/_ext/1340694758/ZeroconfMulticastDNS.o
 .sbss.countConfigurations.countConfigurations
                0xa000017e        0x1 build/default/production/_ext/1798056102/usb_host.o
 .sbss.numCommandTries.numCommandTries
                0xa000017f        0x1 build/default/production/_ext/1798056102/usb_host.o
 .sbss.numEnumerationTries.numEnumerationTries
                0xa0000180        0x1 build/default/production/_ext/1798056102/usb_host.o
 *fill*         0xa0000181        0x1 
 .sbss.numTimerInterrupts.numTimerInterrupts
                0xa0000182        0x2 build/default/production/_ext/1798056102/usb_host.o
 .sbss.pCurrentEndpoint.pCurrentEndpoint
                0xa0000184        0x4 build/default/production/_ext/1798056102/usb_host.o
 .sbss.pCurrentConfigurationDescriptor.pCurrentConfigurationDescriptor
                0xa0000188        0x4 build/default/production/_ext/1798056102/usb_host.o
                0xa0000188                pCurrentConfigurationDescriptor
 .sbss.pDeviceDescriptor.pDeviceDescriptor
                0xa000018c        0x4 build/default/production/_ext/1798056102/usb_host.o
                0xa000018c                pDeviceDescriptor
 .sbss.pEP0Data.pEP0Data
                0xa0000190        0x4 build/default/production/_ext/1798056102/usb_host.o
 .sbss.usbHostState.usbHostState
                0xa0000194        0x2 build/default/production/_ext/1798056102/usb_host.o
 *fill*         0xa0000196        0x2 
 .sbss.usbBusInfo.usbBusInfo
                0xa0000198        0x4 build/default/production/_ext/1798056102/usb_host.o
 .sbss.usbRootHubInfo.usbRootHubInfo
                0xa000019c        0x4 build/default/production/_ext/1798056102/usb_host.o
 .sbss.pCurrentConfigurationNode.22569.pCurrentConfigurationNode
                0xa00001a0        0x4 build/default/production/_ext/1798056102/usb_host.o
 .sbss.CDCdeviceAddress.CDCdeviceAddress
                0xa00001a4        0x1 build/default/production/_ext/1798056102/usb_host_cdc.o
                0xa00001a4                CDCdeviceAddress
 *fill*         0xa00001a5        0x3 
 .sbss.devices.devices
                0xa00001a8        0x8 build/default/production/_ext/1798056102/usb_host_midi.o
 .sbss.MIDITxHandle.MIDITxHandle
                0xa00001b0        0x4 build/default/production/picrouter.o
                0xa00001b0                MIDITxHandle
 .sbss.MIDIRxHandle.MIDIRxHandle
                0xa00001b4        0x4 build/default/production/picrouter.o
                0xa00001b4                MIDIRxHandle
 .sbss.HIDTxHandle.HIDTxHandle
                0xa00001b8        0x4 build/default/production/picrouter.o
                0xa00001b8                HIDTxHandle
 .sbss.HIDRxHandle.HIDRxHandle
                0xa00001bc        0x4 build/default/production/picrouter.o
                0xa00001bc                HIDRxHandle
 .sbss.device_mode.device_mode
                0xa00001c0        0x4 build/default/production/picrouter.o
 .sbss.cdcSendFlag.cdcSendFlag
                0xa00001c4        0x4 build/default/production/picrouter.o
                0xa00001c4                cdcSendFlag
 .sbss.cdcReceiveInterval.cdcReceiveInterval
                0xa00001c8        0x2 build/default/production/picrouter.o
                0xa00001c8                cdcReceiveInterval
 .sbss.midiType.midiType
                0xa00001ca        0x1 build/default/production/picrouter.o
                0xa00001ca                midiType
 .sbss.midiCh.midiCh
                0xa00001cb        0x1 build/default/production/picrouter.o
                0xa00001cb                midiCh
 .sbss.midiNum.midiNum
                0xa00001cc        0x1 build/default/production/picrouter.o
                0xa00001cc                midiNum
 .sbss.midiVal.midiVal
                0xa00001cd        0x1 build/default/production/picrouter.o
                0xa00001cd                midiVal
 *fill*         0xa00001ce        0x2 
 .sbss.onTimer2.onTimer2
                0xa00001d0        0x4 build/default/production/picrouter.o
                0xa00001d0                onTimer2
 .sbss.dwLastIP.dwLastIP
                0xa00001d4        0x4 build/default/production/picrouter.o
                0xa00001d4                dwLastIP
 .sbss.sendOSCTaskIndex.sendOSCTaskIndex
                0xa00001d8        0x1 build/default/production/picrouter.o
 .sbss.swState0.swState0
                0xa00001d9        0x1 build/default/production/picrouter.o
 .sbss.swState1.swState1
                0xa00001da        0x1 build/default/production/picrouter.o
 *fill*         0xa00001db        0x1 
 .sbss          0xa00001dc       0x20 c:/program files (x86)/microchip/xc32/v1.22/bin/../lib/gcc/pic32mx/4.5.2/../../../../pic32mx/lib\libmchp_peripheral_32MX795F512H.a(eth_descriptors_add_lib.o)
                0xa00001dc                _EthTxFreeList
                0xa00001e4                _EthTxBusyList
                0xa00001ec                _EthRxFreeList
                0xa00001f4                _EthRxBusyList
 .sbss          0xa00001fc        0x4 c:/program files (x86)/microchip/xc32/v1.22/bin/../lib/gcc/pic32mx/4.5.2/../../../../pic32mx/lib\libpic32.a(errno.o)
                0xa00001fc                errno
 .sbss          0xa0000200        0x1 c:/program files (x86)/microchip/xc32/v1.22/bin/../lib/gcc/pic32mx/4.5.2/../../../../pic32mx/lib\libc.a(_iob.o)
                0xa0000200                _outdone
 *fill*         0xa0000201        0x3 
 .sbss          0xa0000204       0x10 c:/program files (x86)/microchip/xc32/v1.22/bin/../lib/gcc/pic32mx/4.5.2/../../../../pic32mx/lib\libc.a(malloc.o)
                0xa0000204                __allocp
                0xa0000208                __alloct
                0xa000020c                __allocx
 .sbss          0xa0000214        0x8 c:/program files (x86)/microchip/xc32/v1.22/bin/../lib/gcc/pic32mx/4.5.2/../../../../pic32mx/lib\libpic32.a(sbrk.o)
                0xa0000214                _minbrk
                0xa0000218                _maxbrk
 *(.scommon)
 .scommon       0xa000021c        0x4 build/default/production/_ext/1340694758/ETHPIC32ExtPhy.o
                0xa000021c                _PhyAdd
 .scommon       0xa0000220        0x5 build/default/production/_ext/1340694758/UDP.o
                0xa0000220                UDPRxCount
                0xa0000222                UDPTxCount
                0xa0000224                activeUDPSocket
 *fill*         0xa0000225        0x3 
 .scommon       0xa0000228       0x69 build/default/production/_ext/1798056102/usb_device.o
                0xa0000228                BothEP0OutUOWNsSet
                0xa000022c                USBDeferStatusStagePacket
                0xa0000230                USBStatusStageEnabledFlag1
                0xa0000234                USBActiveConfiguration
                0xa0000238                USBStatusStageEnabledFlag2
                0xa000023c                shortPacketStatus
                0xa0000240                USTATcopy
                0xa0000244                SetupPkt
                0xa000024c                USBBusIsSuspended
                0xa0000250                ep_data_out
                0xa0000258                pBDTEntryEP0OutNext
                0xa000025c                controlTransferState
                0xa0000260                pBDTEntryEP0OutCurrent
                0xa0000264                pDst
                0xa0000268                endpoint_number
                0xa000026c                USBDeferINDataStagePackets
                0xa0000270                USBDeferOUTDataStagePackets
                0xa0000274                USBDeviceState
                0xa0000278                CtrlTrfData
                0xa0000280                USBStatusStageTimeoutCounter
                0xa0000284                RemoteWakeup
                0xa0000288                USBAlternateInterface
                0xa000028c                ep_data_in
 .scommon       0xa0000291        0x2 build/default/production/_ext/1798056102/usb_function_hid.o
                0xa0000291                idle_rate
                0xa0000292                active_protocol
 *fill*         0xa0000293        0x1 
 .scommon       0xa0000294        0x2 build/default/production/_ext/1798056102/usb_host.o
                0xa0000294                usbOverrideHostState
 *fill*         0xa0000296        0x2 
 .scommon       0xa0000298       0x14 build/default/production/_ext/1798056102/usb_host_cdc.o
                0xa0000298                CDC_DEV_LINE_CODING_Buffer
                0xa00002a0                CDC_LINE_CODING_Buffer
                0xa00002a8                CDC_CONTROL_SIGNAL_Buffer
 .scommon       0xa00002ac       0x40 build/default/production/picrouter.o
                0xa00002ac                width
                0xa00002b0                currentState
                0xa00002b1                msCounter
                0xa00002b2                ErrorDriver
                0xa00002b4                OSCTranslatedToUSB
                0xa00002b8                TxHostMidiDataBuffer
                0xa00002bc                deviceHandle
                0xa00002c0                endpointBuffers
                0xa00002c4                midiData
                0xa00002c8                RxHostMidiDataBuffer
                0xa00002cc                NumOfBytesRcvd
                0xa00002d0                freq
                0xa00002d4                cdcOutDataLength
                0xa00002d5                prevState
                0xa00002d8                ProcState
                0xa00002dc                mrb
                0xa00002e0                duty
                0xa00002e8                APPL_CDC_State
 .scommon       0xa00002ec        0x4 c:/program files (x86)/microchip/xc32/v1.22/bin/../lib/gcc/pic32mx/4.5.2/../../../../pic32mx/lib\libpic32.a(setjmp.o)
                0xa00002ec                _nofpu
                0xa00002f0                _sbss_end = .
                0xa00002f0                . = ALIGN (0x4)

.bss            0xa0000400      0x690
 *(.dynbss)
 *(COMMON)
 COMMON         0xa0000400       0x33 build/default/production/_ext/454704213/analog.o
                0xa0000400                AppConfig
 *fill*         0xa0000433        0x1 
 COMMON         0xa0000434       0x78 build/default/production/_ext/1340694758/DHCPs.o
                0xa0000434                DhcpIpPool
 COMMON         0xa00004ac        0xa build/default/production/_ext/1340694758/StackTsk.o
                0xa00004ac                remoteNode
 *fill*         0xa00004b6        0x2 
 COMMON         0xa00004b8       0xe0 build/default/production/_ext/1340694758/UDP.o
                0xa00004b8                UDPSocketInfo
 *fill*         0xa0000598       0x68 
 COMMON         0xa0000600      0x2bb build/default/production/_ext/1798056102/usb_device.o
                0xa0000600                pBDTEntryOut
                0xa0000614                pBDTEntryIn
                0xa0000800                BDT
                0xa00008a0                inPipes
                0xa00008b0                outPipes
 *fill*         0xa00008bb        0x5 
 COMMON         0xa00008c0       0x40 build/default/production/_ext/1798056102/usb_host_cdc.o
                0xa00008c0                deviceInfoCDC
 COMMON         0xa0000900      0x190 build/default/production/picrouter.o
                0xa0000900                USB_CDC_IN_Data_Array
                0xa0000940                ReceivedMidiDataBuffer
                0xa0000980                onSquare
                0xa0000990                ReceivedHidDataBuffer
                0xa00009d0                ToSendHidDataBuffer
                0xa0000a10                ToSendMidiDataBuffer
                0xa0000a50                USB_CDC_OUT_Data_Array
                0xa0000a90                . = ALIGN ((. != 0x0)?0x4:0x1)
                0xa0000a90                . = ALIGN (0x4)
                0xa0000a90                _end = .
                0xa0000a90                _bss_end = .
                0x00020000                _bmxdudba_address = 0x20000
                0x00020000                _bmxdupba_address = 0x20000

/DISCARD/
 *(.pdr)
 *(.rel.dyn)
 *(.note.GNU-stack)
 *(.note.GNU-stack)
 *(.gnu_debuglink)
 *(.gnu.lto_*)
 *(.discard)

.gptab.sdata
 *(.gptab.data)
 *(.gptab.sdata)

.gptab.sbss
 *(.gptab.bss)
 *(.gptab.sbss)

.mdebug.abi32   0xa0000a90        0x0
 *(.mdebug.abi32)
 .mdebug.abi32  0xa0000a90        0x0 build/default/production/_ext/454704213/analog.o
 .mdebug.abi32  0xa0000a90        0x0 build/default/production/_ext/454704213/iosetting.o
 .mdebug.abi32  0xa0000a90        0x0 build/default/production/_ext/454704213/TimeDelay.o
 .mdebug.abi32  0xa0000a90        0x0 build/default/production/_ext/454704213/usb_config.o
 .mdebug.abi32  0xa0000a90        0x0 build/default/production/_ext/454704213/usb_descriptors.o
 .mdebug.abi32  0xa0000a90        0x0 build/default/production/_ext/454704213/osc.o
 .mdebug.abi32  0xa0000a90        0x0 build/default/production/_ext/454704213/sram.o
 .mdebug.abi32  0xa0000a90        0x0 build/default/production/_ext/1340694758/ARP.o
 .mdebug.abi32  0xa0000a90        0x0 build/default/production/_ext/1340694758/DHCP.o
 .mdebug.abi32  0xa0000a90        0x0 build/default/production/_ext/1340694758/DHCPs.o
 .mdebug.abi32  0xa0000a90        0x0 build/default/production/_ext/1340694758/ETHPIC32ExtPhy.o
 .mdebug.abi32  0xa0000a90        0x0 build/default/production/_ext/1340694758/ETHPIC32ExtPhyDP83848.o
 .mdebug.abi32  0xa0000a90        0x0 build/default/production/_ext/1340694758/ETHPIC32IntMac.o
 .mdebug.abi32  0xa0000a90        0x0 build/default/production/_ext/1340694758/Helpers.o
 .mdebug.abi32  0xa0000a90        0x0 build/default/production/_ext/1340694758/ICMP.o
 .mdebug.abi32  0xa0000a90        0x0 build/default/production/_ext/1340694758/IP.o
 .mdebug.abi32  0xa0000a90        0x0 build/default/production/_ext/1340694758/NBNS.o
 .mdebug.abi32  0xa0000a90        0x0 build/default/production/_ext/1340694758/StackTsk.o
 .mdebug.abi32  0xa0000a90        0x0 build/default/production/_ext/1340694758/Tick.o
 .mdebug.abi32  0xa0000a90        0x0 build/default/production/_ext/1340694758/UDP.o
 .mdebug.abi32  0xa0000a90        0x0 build/default/production/_ext/1340694758/ZeroconfHelper.o
 .mdebug.abi32  0xa0000a90        0x0 build/default/production/_ext/1340694758/ZeroconfLinkLocal.o
 .mdebug.abi32  0xa0000a90        0x0 build/default/production/_ext/1340694758/ZeroconfMulticastDNS.o
 .mdebug.abi32  0xa0000a90        0x0 build/default/production/_ext/1798056102/usb_device.o
 .mdebug.abi32  0xa0000a90        0x0 build/default/production/_ext/1798056102/usb_function_hid.o
 .mdebug.abi32  0xa0000a90        0x0 build/default/production/_ext/1798056102/usb_host.o
 .mdebug.abi32  0xa0000a90        0x0 build/default/production/_ext/1798056102/usb_host_cdc.o
 .mdebug.abi32  0xa0000a90        0x0 build/default/production/_ext/1798056102/usb_host_cdc_interface.o
 .mdebug.abi32  0xa0000a90        0x0 build/default/production/_ext/1798056102/usb_host_hid.o
 .mdebug.abi32  0xa0000a90        0x0 build/default/production/_ext/1798056102/usb_host_hid_parser.o
 .mdebug.abi32  0xa0000a90        0x0 build/default/production/_ext/1798056102/usb_host_midi.o
 .mdebug.abi32  0xa0000a90        0x0 build/default/production/picrouter.o
 .mdebug.abi32  0xa0000a90        0x0 build/default/production/mrb_picrouter.o
 .mdebug.abi32  0xa0000a90        0x0 ..\mruby-master\build\PICrouter\lib\libmruby.a(class.o)
 .mdebug.abi32  0xa0000a90        0x0 ..\mruby-master\build\PICrouter\lib\libmruby.a(error.o)
 .mdebug.abi32  0xa0000a90        0x0 ..\mruby-master\build\PICrouter\lib\libmruby.a(gc.o)
 .mdebug.abi32  0xa0000a90        0x0 ..\mruby-master\build\PICrouter\lib\libmruby.a(hash.o)
 .mdebug.abi32  0xa0000a90        0x0 ..\mruby-master\build\PICrouter\lib\libmruby.a(kernel.o)
 .mdebug.abi32  0xa0000a90        0x0 ..\mruby-master\build\PICrouter\lib\libmruby.a(load.o)
 .mdebug.abi32  0xa0000a90        0x0 ..\mruby-master\build\PICrouter\lib\libmruby.a(object.o)
 .mdebug.abi32  0xa0000a90        0x0 ..\mruby-master\build\PICrouter\lib\libmruby.a(print.o)
 .mdebug.abi32  0xa0000a90        0x0 ..\mruby-master\build\PICrouter\lib\libmruby.a(proc.o)
 .mdebug.abi32  0xa0000a90        0x0 ..\mruby-master\build\PICrouter\lib\libmruby.a(state.o)
 .mdebug.abi32  0xa0000a90        0x0 ..\mruby-master\build\PICrouter\lib\libmruby.a(string.o)
 .mdebug.abi32  0xa0000a90        0x0 ..\mruby-master\build\PICrouter\lib\libmruby.a(symbol.o)
 .mdebug.abi32  0xa0000a90        0x0 ..\mruby-master\build\PICrouter\lib\libmruby.a(variable.o)
 .mdebug.abi32  0xa0000a90        0x0 ..\mruby-master\build\PICrouter\lib\libmruby.a(vm.o)
 .mdebug.abi32  0xa0000a90        0x0 ..\mruby-master\build\PICrouter\lib\libmruby.a(array.o)
 .mdebug.abi32  0xa0000a90        0x0 ..\mruby-master\build\PICrouter\lib\libmruby.a(backtrace.o)
 .mdebug.abi32  0xa0000a90        0x0 ..\mruby-master\build\PICrouter\lib\libmruby.a(crc.o)
 .mdebug.abi32  0xa0000a90        0x0 ..\mruby-master\build\PICrouter\lib\libmruby.a(debug.o)
 .mdebug.abi32  0xa0000a90        0x0 ..\mruby-master\build\PICrouter\lib\libmruby.a(etc.o)
 .mdebug.abi32  0xa0000a90        0x0 ..\mruby-master\build\PICrouter\lib\libmruby.a(init.o)
 .mdebug.abi32  0xa0000a90        0x0 ..\mruby-master\build\PICrouter\lib\libmruby.a(numeric.o)
 .mdebug.abi32  0xa0000a90        0x0 ..\mruby-master\build\PICrouter\lib\libmruby.a(range.o)
 .mdebug.abi32  0xa0000a90        0x0 ..\mruby-master\build\PICrouter\lib\libmruby.a(mrblib.o)
 .mdebug.abi32  0xa0000a90        0x0 ..\mruby-master\build\PICrouter\lib\libmruby.a(compar.o)
 .mdebug.abi32  0xa0000a90        0x0 ..\mruby-master\build\PICrouter\lib\libmruby.a(enum.o)
 .mdebug.abi32  0xa0000a90        0x0 c:/program files (x86)/microchip/xc32/v1.22/bin/../lib/gcc/pic32mx/4.5.2/../../../../pic32mx/lib\libmchp_peripheral.a(read_core_timer_lib.o)
 .mdebug.abi32  0xa0000a90        0x0 c:/program files (x86)/microchip/xc32/v1.22/bin/../lib/gcc/pic32mx/4.5.2/../../../../pic32mx/lib\libmchp_peripheral_32MX795F512H.a(eth_ack_packet_lib.o)
 .mdebug.abi32  0xa0000a90        0x0 c:/program files (x86)/microchip/xc32/v1.22/bin/../lib/gcc/pic32mx/4.5.2/../../../../pic32mx/lib\libmchp_peripheral_32MX795F512H.a(eth_descriptors_add_lib.o)
 .mdebug.abi32  0xa0000a90        0x0 c:/program files (x86)/microchip/xc32/v1.22/bin/../lib/gcc/pic32mx/4.5.2/../../../../pic32mx/lib\libmchp_peripheral_32MX795F512H.a(eth_init_lib.o)
 .mdebug.abi32  0xa0000a90        0x0 c:/program files (x86)/microchip/xc32/v1.22/bin/../lib/gcc/pic32mx/4.5.2/../../../../pic32mx/lib\libmchp_peripheral_32MX795F512H.a(eth_mac_open_lib.o)
 .mdebug.abi32  0xa0000a90        0x0 c:/program files (x86)/microchip/xc32/v1.22/bin/../lib/gcc/pic32mx/4.5.2/../../../../pic32mx/lib\libmchp_peripheral_32MX795F512H.a(eth_mac_set_address_max_lib.o)
 .mdebug.abi32  0xa0000a90        0x0 c:/program files (x86)/microchip/xc32/v1.22/bin/../lib/gcc/pic32mx/4.5.2/../../../../pic32mx/lib\libmchp_peripheral_32MX795F512H.a(eth_rx_buffers_append_lib.o)
 .mdebug.abi32  0xa0000a90        0x0 c:/program files (x86)/microchip/xc32/v1.22/bin/../lib/gcc/pic32mx/4.5.2/../../../../pic32mx/lib\libmchp_peripheral_32MX795F512H.a(eth_rx_filters_lib.o)
 .mdebug.abi32  0xa0000a90        0x0 c:/program files (x86)/microchip/xc32/v1.22/bin/../lib/gcc/pic32mx/4.5.2/../../../../pic32mx/lib\libmchp_peripheral_32MX795F512H.a(eth_rx_get_packet_lib.o)
 .mdebug.abi32  0xa0000a90        0x0 c:/program files (x86)/microchip/xc32/v1.22/bin/../lib/gcc/pic32mx/4.5.2/../../../../pic32mx/lib\libmchp_peripheral_32MX795F512H.a(eth_rx_set_buffer_size_lib.o)
 .mdebug.abi32  0xa0000a90        0x0 c:/program files (x86)/microchip/xc32/v1.22/bin/../lib/gcc/pic32mx/4.5.2/../../../../pic32mx/lib\libmchp_peripheral_32MX795F512H.a(eth_tx_packet_lib.o)
 .mdebug.abi32  0xa0000a90        0x0 c:/program files (x86)/microchip/xc32/v1.22/bin/../lib/gcc/pic32mx/4.5.2/../../../../pic32mx/lib\libmchp_peripheral_32MX795F512H.a(_eth_append_busy_list_lib.o)
 .mdebug.abi32  0xa0000a90        0x0 c:/program files (x86)/microchip/xc32/v1.22/bin/../lib/gcc/pic32mx/4.5.2/../../../../pic32mx/lib\libmchp_peripheral_32MX795F512H.a(eth_miim_access.o)
 .mdebug.abi32  0xa0000a90        0x0 c:/program files (x86)/microchip/xc32/v1.22/bin/../lib/gcc/pic32mx/4.5.2/../../../../pic32mx/lib\libmchp_peripheral_32MX795F512H.a(soft_reset_lib.o)
 .mdebug.abi32  0xa0000a90        0x0 c:/program files (x86)/microchip/xc32/v1.22/bin/../lib/gcc/pic32mx/4.5.2/../../../../pic32mx/lib\libmchp_peripheral_32MX795F512H.a(pcache.o)
 .mdebug.abi32  0xa0000a90        0x0 c:/program files (x86)/microchip/xc32/v1.22/bin/../lib/gcc/pic32mx/4.5.2/../../../../pic32mx/lib\libmchp_peripheral_32MX795F512H.a(int_disable_interrupts_lib.o)
 .mdebug.abi32  0xa0000a90        0x0 c:/program files (x86)/microchip/xc32/v1.22/bin/../lib/gcc/pic32mx/4.5.2/../../../../pic32mx/lib\libmchp_peripheral_32MX795F512H.a(int_restore_interrupts_lib.o)
 .mdebug.abi32  0xa0000a90        0x0 c:/program files (x86)/microchip/xc32/v1.22/bin/../lib/gcc/pic32mx/4.5.2/../../../../pic32mx/lib\libmchp_peripheral_32MX795F512H.a(int_enable_mv_int_lib.o)
 .mdebug.abi32  0xa0000a90        0x0 c:/program files (x86)/microchip/xc32/v1.22/bin/../lib/gcc/pic32mx/4.5.2/../../../../pic32mx/lib\libmchp_peripheral_32MX795F512H.a(int_tbl_lib.o)
 .mdebug.abi32  0xa0000a90        0x0 c:/program files (x86)/microchip/xc32/v1.22/bin/../lib/gcc/pic32mx/4.5.2/../../../../pic32mx/lib\libmchp_peripheral_32MX795F512H.a(spi_chn_close_lib.o)
 .mdebug.abi32  0xa0000a90        0x0 c:/program files (x86)/microchip/xc32/v1.22/bin/../lib/gcc/pic32mx/4.5.2/../../../../pic32mx/lib\libmchp_peripheral_32MX795F512H.a(spi_chn_open_lib.o)
 .mdebug.abi32  0xa0000a90        0x0 c:/program files (x86)/microchip/xc32/v1.22/bin/../lib/gcc/pic32mx/4.5.2/../../../../pic32mx/lib\libmchp_peripheral_32MX795F512H.a(spi_io_tbl_libp.o)
 .mdebug.abi32  0xa0000a90        0x0 c:/program files (x86)/microchip/xc32/v1.22/bin/../lib/gcc/pic32mx/4.5.2/../../../../pic32mx/lib\libmchp_peripheral_32MX795F512H.a(spi_map_tbl_libp.o)
 .mdebug.abi32  0xa0000a90        0x0 c:/program files (x86)/microchip/xc32/v1.22/bin/../lib/gcc/pic32mx/4.5.2/../../../../pic32mx/lib\libmchp_peripheral_32MX795F512H.a(spi_getc_spi2_lib_legacy.o)
 .mdebug.abi32  0xa0000a90        0x0 c:/program files (x86)/microchip/xc32/v1.22/bin/../lib/gcc/pic32mx/4.5.2/../../../../pic32mx/lib\libmchp_peripheral_32MX795F512H.a(nvm_erase_page_lib.o)
 .mdebug.abi32  0xa0000a90        0x0 c:/program files (x86)/microchip/xc32/v1.22/bin/../lib/gcc/pic32mx/4.5.2/../../../../pic32mx/lib\libmchp_peripheral_32MX795F512H.a(nvm_operation_lib.o)
 .mdebug.abi32  0xa0000a90        0x0 c:/program files (x86)/microchip/xc32/v1.22/bin/../lib/gcc/pic32mx/4.5.2/../../../../pic32mx/lib\libmchp_peripheral_32MX795F512H.a(nvm_write_word_lib.o)
 .mdebug.abi32  0xa0000a90        0x0 c:/program files (x86)/microchip/xc32/v1.22/bin/../lib/gcc/pic32mx/4.5.2/../../../../pic32mx/lib\libmchp_peripheral_32MX795F512H.a(port_reset_pins_lib.o)
 .mdebug.abi32  0xa0000a90        0x0 c:/program files (x86)/microchip/xc32/v1.22/bin/../lib/gcc/pic32mx/4.5.2/../../../../pic32mx/lib\libmchp_peripheral_32MX795F512H.a(port_set_pins_digital_in_lib.o)
 .mdebug.abi32  0xa0000a90        0x0 c:/program files (x86)/microchip/xc32/v1.22/bin/../lib/gcc/pic32mx/4.5.2/../../../../pic32mx/lib\libmchp_peripheral_32MX795F512H.a(port_set_pins_digital_out_lib.o)
 .mdebug.abi32  0xa0000a90        0x0 c:/program files (x86)/microchip/xc32/v1.22/bin/../lib/gcc/pic32mx/4.5.2/../../../../pic32mx/lib\libmchp_peripheral_32MX795F512H.a(_ports_tbl_libp.o)
 .mdebug.abi32  0xa0000a90        0x0 c:/program files (x86)/microchip/xc32/v1.22/bin/../lib/gcc/pic32mx/4.5.2/../../../../pic32mx/lib\libmchp_peripheral_32MX795F512H.a(I2CConfigure.o)
 .mdebug.abi32  0xa0000a90        0x0 c:/program files (x86)/microchip/xc32/v1.22/bin/../lib/gcc/pic32mx/4.5.2/../../../../pic32mx/lib\libmchp_peripheral_32MX795F512H.a(I2CEnable.o)
 .mdebug.abi32  0xa0000a90        0x0 c:/program files (x86)/microchip/xc32/v1.22/bin/../lib/gcc/pic32mx/4.5.2/../../../../pic32mx/lib\libmchp_peripheral_32MX795F512H.a(I2CSetFrequency.o)
 .mdebug.abi32  0xa0000a90        0x0 c:/program files (x86)/microchip/xc32/v1.22/bin/../lib/gcc/pic32mx/4.5.2/../../../../pic32mx/lib\libmchp_peripheral_32MX795F512H.a(I2CSetSlaveAddress.o)
 .mdebug.abi32  0xa0000a90        0x0 c:/program files (x86)/microchip/xc32/v1.22/bin/../lib/gcc/pic32mx/4.5.2/../../../../pic32mx/lib\libmchp_peripheral_32MX795F512H.a(int_enable_interrupts_lib.o)
 .mdebug.abi32  0xa0000a90        0x0 c:/program files (x86)/microchip/xc32/v1.22/bin/../lib/gcc/pic32mx/4.5.2/../../../../pic32mx/lib\libmchp_peripheral_32MX795F512H.a(I2CPrivate.o)
 .mdebug.abi32  0xa0000a90        0x0 c:/program files (x86)/microchip/xc32/v1.22/bin/../lib/gcc/pic32mx/4.5.2\libgcc.a(_floatdisf.o)
 .mdebug.abi32  0xa0000a90        0x0 c:/program files (x86)/microchip/xc32/v1.22/bin/../lib/gcc/pic32mx/4.5.2\libgcc.a(_udivdi3.o)
 .mdebug.abi32  0xa0000a90        0x0 c:/program files (x86)/microchip/xc32/v1.22/bin/../lib/gcc/pic32mx/4.5.2\libgcc.a(_umoddi3.o)
 .mdebug.abi32  0xa0000a90        0x0 c:/program files (x86)/microchip/xc32/v1.22/bin/../lib/gcc/pic32mx/4.5.2/../../../../pic32mx/lib\libpic32.a(default-bootstrap-exception-handler.o)
 .mdebug.abi32  0xa0000a90        0x0 c:/program files (x86)/microchip/xc32/v1.22/bin/../lib/gcc/pic32mx/4.5.2/../../../../pic32mx/lib\libpic32.a(default-on-reset.o)
 .mdebug.abi32  0xa0000a90        0x0 c:/program files (x86)/microchip/xc32/v1.22/bin/../lib/gcc/pic32mx/4.5.2/../../../../pic32mx/lib\libpic32.a(default-on-bootstrap.o)
 .mdebug.abi32  0xa0000a90        0x0 c:/program files (x86)/microchip/xc32/v1.22/bin/../lib/gcc/pic32mx/4.5.2/../../../../pic32mx/lib\libpic32.a(errno.o)
 .mdebug.abi32  0xa0000a90        0x0 c:/program files (x86)/microchip/xc32/v1.22/bin/../lib/gcc/pic32mx/4.5.2/../../../../pic32mx/lib\libm.a(w_powf.o)
 .mdebug.abi32  0xa0000a90        0x0 c:/program files (x86)/microchip/xc32/v1.22/bin/../lib/gcc/pic32mx/4.5.2/../../../../pic32mx/lib\libm.a(w_log10f.o)
 .mdebug.abi32  0xa0000a90        0x0 c:/program files (x86)/microchip/xc32/v1.22/bin/../lib/gcc/pic32mx/4.5.2/../../../../pic32mx/lib\libm.a(s_lib_ver.o)
 .mdebug.abi32  0xa0000a90        0x0 c:/program files (x86)/microchip/xc32/v1.22/bin/../lib/gcc/pic32mx/4.5.2/../../../../pic32mx/lib\libe.a(_unordsf2.o)
 .mdebug.abi32  0xa0000a90        0x0 c:/program files (x86)/microchip/xc32/v1.22/bin/../lib/gcc/pic32mx/4.5.2/../../../../pic32mx/lib\libpic32.a(isinf.o)
 .mdebug.abi32  0xa0000a90        0x0 c:/program files (x86)/microchip/xc32/v1.22/bin/../lib/gcc/pic32mx/4.5.2/../../../../pic32mx/lib\libc.a(_iob.o)
 .mdebug.abi32  0xa0000a90        0x0 c:/program files (x86)/microchip/xc32/v1.22/bin/../lib/gcc/pic32mx/4.5.2/../../../../pic32mx/lib\libc.a(_fputc_simple.o)
 .mdebug.abi32  0xa0000a90        0x0 c:/program files (x86)/microchip/xc32/v1.22/bin/../lib/gcc/pic32mx/4.5.2/../../../../pic32mx/lib\libc.a(fread.o)
 .mdebug.abi32  0xa0000a90        0x0 c:/program files (x86)/microchip/xc32/v1.22/bin/../lib/gcc/pic32mx/4.5.2/../../../../pic32mx/lib\libc.a(fseek.o)
 .mdebug.abi32  0xa0000a90        0x0 c:/program files (x86)/microchip/xc32/v1.22/bin/../lib/gcc/pic32mx/4.5.2/../../../../pic32mx/lib\libc.a(fwrite.o)
 .mdebug.abi32  0xa0000a90        0x0 c:/program files (x86)/microchip/xc32/v1.22/bin/../lib/gcc/pic32mx/4.5.2/../../../../pic32mx/lib\libc.a(atoi.o)
 .mdebug.abi32  0xa0000a90        0x0 c:/program files (x86)/microchip/xc32/v1.22/bin/../lib/gcc/pic32mx/4.5.2/../../../../pic32mx/lib\libc.a(calloc.o)
 .mdebug.abi32  0xa0000a90        0x0 c:/program files (x86)/microchip/xc32/v1.22/bin/../lib/gcc/pic32mx/4.5.2/../../../../pic32mx/lib\libc.a(ctype.o)
 .mdebug.abi32  0xa0000a90        0x0 c:/program files (x86)/microchip/xc32/v1.22/bin/../lib/gcc/pic32mx/4.5.2/../../../../pic32mx/lib\libc.a(ctypef.o)
 .mdebug.abi32  0xa0000a90        0x0 c:/program files (x86)/microchip/xc32/v1.22/bin/../lib/gcc/pic32mx/4.5.2/../../../../pic32mx/lib\libc.a(malloc.o)
 .mdebug.abi32  0xa0000a90        0x0 c:/program files (x86)/microchip/xc32/v1.22/bin/../lib/gcc/pic32mx/4.5.2/../../../../pic32mx/lib\libc.a(memchr.o)
 .mdebug.abi32  0xa0000a90        0x0 c:/program files (x86)/microchip/xc32/v1.22/bin/../lib/gcc/pic32mx/4.5.2/../../../../pic32mx/lib\libc.a(memmove.o)
 .mdebug.abi32  0xa0000a90        0x0 c:/program files (x86)/microchip/xc32/v1.22/bin/../lib/gcc/pic32mx/4.5.2/../../../../pic32mx/lib\libc.a(signal.o)
 .mdebug.abi32  0xa0000a90        0x0 c:/program files (x86)/microchip/xc32/v1.22/bin/../lib/gcc/pic32mx/4.5.2/../../../../pic32mx/lib\libc.a(strchr.o)
 .mdebug.abi32  0xa0000a90        0x0 c:/program files (x86)/microchip/xc32/v1.22/bin/../lib/gcc/pic32mx/4.5.2/../../../../pic32mx/lib\libc.a(strncpy.o)
 .mdebug.abi32  0xa0000a90        0x0 c:/program files (x86)/microchip/xc32/v1.22/bin/../lib/gcc/pic32mx/4.5.2/../../../../pic32mx/lib\libc.a(strtod.o)
 .mdebug.abi32  0xa0000a90        0x0 c:/program files (x86)/microchip/xc32/v1.22/bin/../lib/gcc/pic32mx/4.5.2/../../../../pic32mx/lib\libc.a(strstr.o)
 .mdebug.abi32  0xa0000a90        0x0 c:/program files (x86)/microchip/xc32/v1.22/bin/../lib/gcc/pic32mx/4.5.2/../../../../pic32mx/lib\libc.a(strtok.o)
 .mdebug.abi32  0xa0000a90        0x0 c:/program files (x86)/microchip/xc32/v1.22/bin/../lib/gcc/pic32mx/4.5.2/../../../../pic32mx/lib\libc.a(strtol.o)
 .mdebug.abi32  0xa0000a90        0x0 c:/program files (x86)/microchip/xc32/v1.22/bin/../lib/gcc/pic32mx/4.5.2/../../../../pic32mx/lib\libc.a(exit.o)
 .mdebug.abi32  0xa0000a90        0x0 c:/program files (x86)/microchip/xc32/v1.22/bin/../lib/gcc/pic32mx/4.5.2/../../../../pic32mx/lib\libc.a(doprnt.o)
 .mdebug.abi32  0xa0000a90        0x0 c:/program files (x86)/microchip/xc32/v1.22/bin/../lib/gcc/pic32mx/4.5.2/../../../../pic32mx/lib\libc.a(printf_cdnopuxX.eo)
 .mdebug.abi32  0xa0000a90        0x0 c:/program files (x86)/microchip/xc32/v1.22/bin/../lib/gcc/pic32mx/4.5.2/../../../../pic32mx/lib\libc.a(sprintf_cdnopsuxX.eo)
 .mdebug.abi32  0xa0000a90        0x0 c:/program files (x86)/microchip/xc32/v1.22/bin/../lib/gcc/pic32mx/4.5.2/../../../../pic32mx/lib\libc.a(vsnprintf.o)
 .mdebug.abi32  0xa0000a90        0x0 c:/program files (x86)/microchip/xc32/v1.22/bin/../lib/gcc/pic32mx/4.5.2/../../../../pic32mx/lib\libc.a(_flsbuf_simple.o)
 .mdebug.abi32  0xa0000a90        0x0 c:/program files (x86)/microchip/xc32/v1.22/bin/../lib/gcc/pic32mx/4.5.2/../../../../pic32mx/lib\libc.a(stdclean_simple.o)
 .mdebug.abi32  0xa0000a90        0x0 c:/program files (x86)/microchip/xc32/v1.22/bin/../lib/gcc/pic32mx/4.5.2/../../../../pic32mx/lib\libc.a(fflush.o)
 .mdebug.abi32  0xa0000a90        0x0 c:/program files (x86)/microchip/xc32/v1.22/bin/../lib/gcc/pic32mx/4.5.2/../../../../pic32mx/lib\libc.a(fgetc.o)
 .mdebug.abi32  0xa0000a90        0x0 c:/program files (x86)/microchip/xc32/v1.22/bin/../lib/gcc/pic32mx/4.5.2/../../../../pic32mx/lib\libc.a(powersf.o)
 .mdebug.abi32  0xa0000a90        0x0 c:/program files (x86)/microchip/xc32/v1.22/bin/../lib/gcc/pic32mx/4.5.2/../../../../pic32mx/lib\libc.a(strcspn.o)
 .mdebug.abi32  0xa0000a90        0x0 c:/program files (x86)/microchip/xc32/v1.22/bin/../lib/gcc/pic32mx/4.5.2/../../../../pic32mx/lib\libc.a(strncmp.o)
 .mdebug.abi32  0xa0000a90        0x0 c:/program files (x86)/microchip/xc32/v1.22/bin/../lib/gcc/pic32mx/4.5.2/../../../../pic32mx/lib\libc.a(strspn.o)
 .mdebug.abi32  0xa0000a90        0x0 c:/program files (x86)/microchip/xc32/v1.22/bin/../lib/gcc/pic32mx/4.5.2/../../../../pic32mx/lib\libc.a(doprnt_cdnopsuxX.eo)
 .mdebug.abi32  0xa0000a90        0x0 c:/program files (x86)/microchip/xc32/v1.22/bin/../lib/gcc/pic32mx/4.5.2/../../../../pic32mx/lib\libc.a(filbuf.o)
 .mdebug.abi32  0xa0000a90        0x0 c:/program files (x86)/microchip/xc32/v1.22/bin/../lib/gcc/pic32mx/4.5.2/../../../../pic32mx/lib\libpic32.a(sbrk.o)
 .mdebug.abi32  0xa0000a90        0x0 c:/program files (x86)/microchip/xc32/v1.22/bin/../lib/gcc/pic32mx/4.5.2/../../../../pic32mx/lib\libpic32.a(read.o)
 .mdebug.abi32  0xa0000a90        0x0 c:/program files (x86)/microchip/xc32/v1.22/bin/../lib/gcc/pic32mx/4.5.2/../../../../pic32mx/lib\libpic32.a(write.o)
 .mdebug.abi32  0xa0000a90        0x0 c:/program files (x86)/microchip/xc32/v1.22/bin/../lib/gcc/pic32mx/4.5.2/../../../../pic32mx/lib\libpic32.a(lseek.o)
 .mdebug.abi32  0xa0000a90        0x0 c:/program files (x86)/microchip/xc32/v1.22/bin/../lib/gcc/pic32mx/4.5.2/../../../../pic32mx/lib\libpic32.a(xc32_uart.o)
 .mdebug.abi32  0xa0000a90        0x0 c:/program files (x86)/microchip/xc32/v1.22/bin/../lib/gcc/pic32mx/4.5.2/../../../../pic32mx/lib\libpic32.a(_mon_putc.o)
 .mdebug.abi32  0xa0000a90        0x0 c:/program files (x86)/microchip/xc32/v1.22/bin/../lib/gcc/pic32mx/4.5.2/../../../../pic32mx/lib\libe.a(_unorddf2.o)
 .mdebug.abi32  0xa0000a90        0x0 c:/program files (x86)/microchip/xc32/v1.22/bin/../lib/gcc/pic32mx/4.5.2/../../../../pic32mx/lib\libe.a(_strtod.o)
 .mdebug.abi32  0xa0000a90        0x0 c:/program files (x86)/microchip/xc32/v1.22/bin/../lib/gcc/pic32mx/4.5.2/../../../../pic32mx/lib\libe.a(_ldexp.o)
 .mdebug.abi32  0xa0000a90        0x0 c:/program files (x86)/microchip/xc32/v1.22/bin/../lib/gcc/pic32mx/4.5.2\libgcc.a(_lshrdi3.o)
 .mdebug.abi32  0xa0000a90        0x0 c:/program files (x86)/microchip/xc32/v1.22/bin/../lib/gcc/pic32mx/4.5.2\libgcc.a(_ashldi3.o)
 .mdebug.abi32  0xa0000a90        0x0 c:/program files (x86)/microchip/xc32/v1.22/bin/../lib/gcc/pic32mx/4.5.2\libgcc.a(_floatundisf.o)
 .mdebug.abi32  0xa0000a90        0x0 c:/program files (x86)/microchip/xc32/v1.22/bin/../lib/gcc/pic32mx/4.5.2\libgcc.a(floatunsisf.o)

.mdebug.abiN32
 *(.mdebug.abiN32)

.mdebug.abi64
 *(.mdebug.abi64)

.mdebug.abiO64
 *(.mdebug.abiO64)

.mdebug.eabi32
 *(.mdebug.eabi32)

.mdebug.eabi64
 *(.mdebug.eabi64)

.gcc_compiled_long32
 *(.gcc_compiled_long32)

.gcc_compiled_long64
 *(.gcc_compiled_long64)

.stab
 *(.stab)

.stabstr
 *(.stabstr)

.stab.excl
 *(.stab.excl)

.stab.exclstr
 *(.stab.exclstr)

.stab.index
 *(.stab.index)

.stab.indexstr
 *(.stab.indexstr)

.comment        0x00000000      0x303
 *(.comment)
 .comment       0x00000000       0x3c build/default/production/_ext/454704213/analog.o
                                 0x3d (size before relaxing)
 .comment       0x00000000       0x3d build/default/production/_ext/454704213/iosetting.o
 .comment       0x00000000       0x3d build/default/production/_ext/454704213/TimeDelay.o
 .comment       0x00000000       0x3d build/default/production/_ext/454704213/usb_config.o
 .comment       0x00000000       0x3d build/default/production/_ext/454704213/usb_descriptors.o
 .comment       0x00000000       0x3d build/default/production/_ext/454704213/osc.o
 .comment       0x00000000       0x3d build/default/production/_ext/454704213/sram.o
 .comment       0x00000000       0x3d build/default/production/_ext/1340694758/ARP.o
 .comment       0x00000000       0x3d build/default/production/_ext/1340694758/DHCP.o
 .comment       0x00000000       0x3d build/default/production/_ext/1340694758/DHCPs.o
 .comment       0x00000000       0x3d build/default/production/_ext/1340694758/ETHPIC32ExtPhy.o
 .comment       0x00000000       0x3d build/default/production/_ext/1340694758/ETHPIC32ExtPhyDP83848.o
 .comment       0x00000000       0x3d build/default/production/_ext/1340694758/ETHPIC32IntMac.o
 .comment       0x00000000       0x3d build/default/production/_ext/1340694758/Helpers.o
 .comment       0x00000000       0x3d build/default/production/_ext/1340694758/ICMP.o
 .comment       0x00000000       0x3d build/default/production/_ext/1340694758/IP.o
 .comment       0x00000000       0x3d build/default/production/_ext/1340694758/NBNS.o
 .comment       0x00000000       0x3d build/default/production/_ext/1340694758/StackTsk.o
 .comment       0x00000000       0x3d build/default/production/_ext/1340694758/Tick.o
 .comment       0x00000000       0x3d build/default/production/_ext/1340694758/UDP.o
 .comment       0x00000000       0x3d build/default/production/_ext/1340694758/ZeroconfHelper.o
 .comment       0x00000000       0x3d build/default/production/_ext/1340694758/ZeroconfLinkLocal.o
 .comment       0x00000000       0x3d build/default/production/_ext/1340694758/ZeroconfMulticastDNS.o
 .comment       0x00000000       0x3d build/default/production/_ext/1798056102/usb_device.o
 .comment       0x00000000       0x3d build/default/production/_ext/1798056102/usb_function_hid.o
 .comment       0x00000000       0x3d build/default/production/_ext/1798056102/usb_host.o
 .comment       0x00000000       0x3d build/default/production/_ext/1798056102/usb_host_cdc.o
 .comment       0x00000000       0x3d build/default/production/_ext/1798056102/usb_host_cdc_interface.o
 .comment       0x00000000       0x3d build/default/production/_ext/1798056102/usb_host_hid.o
 .comment       0x00000000       0x3d build/default/production/_ext/1798056102/usb_host_hid_parser.o
 .comment       0x00000000       0x3d build/default/production/_ext/1798056102/usb_host_midi.o
 .comment       0x00000000       0x3d build/default/production/picrouter.o
 .comment       0x00000000       0x3d build/default/production/mrb_picrouter.o
 .comment       0x00000000       0x3d ..\mruby-master\build\PICrouter\lib\libmruby.a(class.o)
 .comment       0x00000000       0x3d ..\mruby-master\build\PICrouter\lib\libmruby.a(error.o)
 .comment       0x00000000       0x3d ..\mruby-master\build\PICrouter\lib\libmruby.a(gc.o)
 .comment       0x00000000       0x3d ..\mruby-master\build\PICrouter\lib\libmruby.a(hash.o)
 .comment       0x00000000       0x3d ..\mruby-master\build\PICrouter\lib\libmruby.a(kernel.o)
 .comment       0x00000000       0x3d ..\mruby-master\build\PICrouter\lib\libmruby.a(load.o)
 .comment       0x00000000       0x3d ..\mruby-master\build\PICrouter\lib\libmruby.a(object.o)
 .comment       0x00000000       0x3d ..\mruby-master\build\PICrouter\lib\libmruby.a(print.o)
 .comment       0x00000000       0x3d ..\mruby-master\build\PICrouter\lib\libmruby.a(proc.o)
 .comment       0x00000000       0x3d ..\mruby-master\build\PICrouter\lib\libmruby.a(state.o)
 .comment       0x00000000       0x3d ..\mruby-master\build\PICrouter\lib\libmruby.a(string.o)
 .comment       0x00000000       0x3d ..\mruby-master\build\PICrouter\lib\libmruby.a(symbol.o)
 .comment       0x00000000       0x3d ..\mruby-master\build\PICrouter\lib\libmruby.a(variable.o)
 .comment       0x00000000       0x3d ..\mruby-master\build\PICrouter\lib\libmruby.a(vm.o)
 .comment       0x00000000       0x3d ..\mruby-master\build\PICrouter\lib\libmruby.a(array.o)
 .comment       0x00000000       0x3d ..\mruby-master\build\PICrouter\lib\libmruby.a(backtrace.o)
 .comment       0x00000000       0x3d ..\mruby-master\build\PICrouter\lib\libmruby.a(crc.o)
 .comment       0x00000000       0x3d ..\mruby-master\build\PICrouter\lib\libmruby.a(debug.o)
 .comment       0x00000000       0x3d ..\mruby-master\build\PICrouter\lib\libmruby.a(etc.o)
 .comment       0x00000000       0x3d ..\mruby-master\build\PICrouter\lib\libmruby.a(init.o)
 .comment       0x00000000       0x3d ..\mruby-master\build\PICrouter\lib\libmruby.a(numeric.o)
 .comment       0x00000000       0x3d ..\mruby-master\build\PICrouter\lib\libmruby.a(range.o)
 .comment       0x00000000       0x3d ..\mruby-master\build\PICrouter\lib\libmruby.a(mrblib.o)
 .comment       0x00000000       0x3d ..\mruby-master\build\PICrouter\lib\libmruby.a(compar.o)
 .comment       0x00000000       0x3d ..\mruby-master\build\PICrouter\lib\libmruby.a(enum.o)
 .comment       0x0000003c       0x3c c:/program files (x86)/microchip/xc32/v1.22/bin/../lib/gcc/pic32mx/4.5.2/../../../../pic32mx/lib\libmchp_peripheral.a(read_core_timer_lib.o)
                                 0x3d (size before relaxing)
 .comment       0x00000000       0x3d c:/program files (x86)/microchip/xc32/v1.22/bin/../lib/gcc/pic32mx/4.5.2/../../../../pic32mx/lib\libmchp_peripheral_32MX795F512H.a(eth_ack_packet_lib.o)
 .comment       0x00000000       0x3d c:/program files (x86)/microchip/xc32/v1.22/bin/../lib/gcc/pic32mx/4.5.2/../../../../pic32mx/lib\libmchp_peripheral_32MX795F512H.a(eth_descriptors_add_lib.o)
 .comment       0x00000000       0x3d c:/program files (x86)/microchip/xc32/v1.22/bin/../lib/gcc/pic32mx/4.5.2/../../../../pic32mx/lib\libmchp_peripheral_32MX795F512H.a(eth_init_lib.o)
 .comment       0x00000000       0x3d c:/program files (x86)/microchip/xc32/v1.22/bin/../lib/gcc/pic32mx/4.5.2/../../../../pic32mx/lib\libmchp_peripheral_32MX795F512H.a(eth_mac_open_lib.o)
 .comment       0x00000000       0x3d c:/program files (x86)/microchip/xc32/v1.22/bin/../lib/gcc/pic32mx/4.5.2/../../../../pic32mx/lib\libmchp_peripheral_32MX795F512H.a(eth_mac_set_address_max_lib.o)
 .comment       0x00000000       0x3d c:/program files (x86)/microchip/xc32/v1.22/bin/../lib/gcc/pic32mx/4.5.2/../../../../pic32mx/lib\libmchp_peripheral_32MX795F512H.a(eth_rx_buffers_append_lib.o)
 .comment       0x00000000       0x3d c:/program files (x86)/microchip/xc32/v1.22/bin/../lib/gcc/pic32mx/4.5.2/../../../../pic32mx/lib\libmchp_peripheral_32MX795F512H.a(eth_rx_filters_lib.o)
 .comment       0x00000000       0x3d c:/program files (x86)/microchip/xc32/v1.22/bin/../lib/gcc/pic32mx/4.5.2/../../../../pic32mx/lib\libmchp_peripheral_32MX795F512H.a(eth_rx_get_packet_lib.o)
 .comment       0x00000000       0x3d c:/program files (x86)/microchip/xc32/v1.22/bin/../lib/gcc/pic32mx/4.5.2/../../../../pic32mx/lib\libmchp_peripheral_32MX795F512H.a(eth_rx_set_buffer_size_lib.o)
 .comment       0x00000000       0x3d c:/program files (x86)/microchip/xc32/v1.22/bin/../lib/gcc/pic32mx/4.5.2/../../../../pic32mx/lib\libmchp_peripheral_32MX795F512H.a(eth_tx_packet_lib.o)
 .comment       0x00000000       0x3d c:/program files (x86)/microchip/xc32/v1.22/bin/../lib/gcc/pic32mx/4.5.2/../../../../pic32mx/lib\libmchp_peripheral_32MX795F512H.a(_eth_append_busy_list_lib.o)
 .comment       0x00000000       0x3d c:/program files (x86)/microchip/xc32/v1.22/bin/../lib/gcc/pic32mx/4.5.2/../../../../pic32mx/lib\libmchp_peripheral_32MX795F512H.a(eth_miim_access.o)
 .comment       0x00000000       0x3d c:/program files (x86)/microchip/xc32/v1.22/bin/../lib/gcc/pic32mx/4.5.2/../../../../pic32mx/lib\libmchp_peripheral_32MX795F512H.a(soft_reset_lib.o)
 .comment       0x00000000       0x3d c:/program files (x86)/microchip/xc32/v1.22/bin/../lib/gcc/pic32mx/4.5.2/../../../../pic32mx/lib\libmchp_peripheral_32MX795F512H.a(pcache.o)
 .comment       0x00000000       0x3d c:/program files (x86)/microchip/xc32/v1.22/bin/../lib/gcc/pic32mx/4.5.2/../../../../pic32mx/lib\libmchp_peripheral_32MX795F512H.a(int_disable_interrupts_lib.o)
 .comment       0x00000000       0x3d c:/program files (x86)/microchip/xc32/v1.22/bin/../lib/gcc/pic32mx/4.5.2/../../../../pic32mx/lib\libmchp_peripheral_32MX795F512H.a(int_restore_interrupts_lib.o)
 .comment       0x00000000       0x3d c:/program files (x86)/microchip/xc32/v1.22/bin/../lib/gcc/pic32mx/4.5.2/../../../../pic32mx/lib\libmchp_peripheral_32MX795F512H.a(int_enable_mv_int_lib.o)
 .comment       0x00000000       0x3d c:/program files (x86)/microchip/xc32/v1.22/bin/../lib/gcc/pic32mx/4.5.2/../../../../pic32mx/lib\libmchp_peripheral_32MX795F512H.a(int_tbl_lib.o)
 .comment       0x00000000       0x3d c:/program files (x86)/microchip/xc32/v1.22/bin/../lib/gcc/pic32mx/4.5.2/../../../../pic32mx/lib\libmchp_peripheral_32MX795F512H.a(spi_chn_close_lib.o)
 .comment       0x00000000       0x3d c:/program files (x86)/microchip/xc32/v1.22/bin/../lib/gcc/pic32mx/4.5.2/../../../../pic32mx/lib\libmchp_peripheral_32MX795F512H.a(spi_chn_open_lib.o)
 .comment       0x00000000       0x3d c:/program files (x86)/microchip/xc32/v1.22/bin/../lib/gcc/pic32mx/4.5.2/../../../../pic32mx/lib\libmchp_peripheral_32MX795F512H.a(spi_io_tbl_libp.o)
 .comment       0x00000000       0x3d c:/program files (x86)/microchip/xc32/v1.22/bin/../lib/gcc/pic32mx/4.5.2/../../../../pic32mx/lib\libmchp_peripheral_32MX795F512H.a(spi_map_tbl_libp.o)
 .comment       0x00000000       0x3d c:/program files (x86)/microchip/xc32/v1.22/bin/../lib/gcc/pic32mx/4.5.2/../../../../pic32mx/lib\libmchp_peripheral_32MX795F512H.a(spi_getc_spi2_lib_legacy.o)
 .comment       0x00000000       0x3d c:/program files (x86)/microchip/xc32/v1.22/bin/../lib/gcc/pic32mx/4.5.2/../../../../pic32mx/lib\libmchp_peripheral_32MX795F512H.a(nvm_erase_page_lib.o)
 .comment       0x00000000       0x3d c:/program files (x86)/microchip/xc32/v1.22/bin/../lib/gcc/pic32mx/4.5.2/../../../../pic32mx/lib\libmchp_peripheral_32MX795F512H.a(nvm_operation_lib.o)
 .comment       0x00000000       0x3d c:/program files (x86)/microchip/xc32/v1.22/bin/../lib/gcc/pic32mx/4.5.2/../../../../pic32mx/lib\libmchp_peripheral_32MX795F512H.a(nvm_write_word_lib.o)
 .comment       0x00000000       0x3d c:/program files (x86)/microchip/xc32/v1.22/bin/../lib/gcc/pic32mx/4.5.2/../../../../pic32mx/lib\libmchp_peripheral_32MX795F512H.a(port_reset_pins_lib.o)
 .comment       0x00000000       0x3d c:/program files (x86)/microchip/xc32/v1.22/bin/../lib/gcc/pic32mx/4.5.2/../../../../pic32mx/lib\libmchp_peripheral_32MX795F512H.a(port_set_pins_digital_in_lib.o)
 .comment       0x00000000       0x3d c:/program files (x86)/microchip/xc32/v1.22/bin/../lib/gcc/pic32mx/4.5.2/../../../../pic32mx/lib\libmchp_peripheral_32MX795F512H.a(port_set_pins_digital_out_lib.o)
 .comment       0x00000000       0x3d c:/program files (x86)/microchip/xc32/v1.22/bin/../lib/gcc/pic32mx/4.5.2/../../../../pic32mx/lib\libmchp_peripheral_32MX795F512H.a(_ports_tbl_libp.o)
 .comment       0x00000000       0x3d c:/program files (x86)/microchip/xc32/v1.22/bin/../lib/gcc/pic32mx/4.5.2/../../../../pic32mx/lib\libmchp_peripheral_32MX795F512H.a(I2CConfigure.o)
 .comment       0x00000000       0x3d c:/program files (x86)/microchip/xc32/v1.22/bin/../lib/gcc/pic32mx/4.5.2/../../../../pic32mx/lib\libmchp_peripheral_32MX795F512H.a(I2CEnable.o)
 .comment       0x00000000       0x3d c:/program files (x86)/microchip/xc32/v1.22/bin/../lib/gcc/pic32mx/4.5.2/../../../../pic32mx/lib\libmchp_peripheral_32MX795F512H.a(I2CSetFrequency.o)
 .comment       0x00000000       0x3d c:/program files (x86)/microchip/xc32/v1.22/bin/../lib/gcc/pic32mx/4.5.2/../../../../pic32mx/lib\libmchp_peripheral_32MX795F512H.a(I2CSetSlaveAddress.o)
 .comment       0x00000000       0x3d c:/program files (x86)/microchip/xc32/v1.22/bin/../lib/gcc/pic32mx/4.5.2/../../../../pic32mx/lib\libmchp_peripheral_32MX795F512H.a(int_enable_interrupts_lib.o)
 .comment       0x00000000       0x3d c:/program files (x86)/microchip/xc32/v1.22/bin/../lib/gcc/pic32mx/4.5.2/../../../../pic32mx/lib\libmchp_peripheral_32MX795F512H.a(I2CPrivate.o)
 .comment       0x00000000       0x3d c:/program files (x86)/microchip/xc32/v1.22/bin/../lib/gcc/pic32mx/4.5.2\libgcc.a(_floatdisf.o)
 .comment       0x00000000       0x3d c:/program files (x86)/microchip/xc32/v1.22/bin/../lib/gcc/pic32mx/4.5.2\libgcc.a(_udivdi3.o)
 .comment       0x00000000       0x3d c:/program files (x86)/microchip/xc32/v1.22/bin/../lib/gcc/pic32mx/4.5.2\libgcc.a(_umoddi3.o)
 .comment       0x00000078       0x18 c:/program files (x86)/microchip/xc32/v1.22/bin/../lib/gcc/pic32mx/4.5.2/../../../../pic32mx/lib\libpic32.a(setjmp.o)
                                 0x19 (size before relaxing)
 .comment       0x00000090       0x18 c:/program files (x86)/microchip/xc32/v1.22/bin/../lib/gcc/pic32mx/4.5.2/../../../../pic32mx/lib\libpic32.a(memcmp.o)
                                 0x19 (size before relaxing)
 .comment       0x000000a8       0x18 c:/program files (x86)/microchip/xc32/v1.22/bin/../lib/gcc/pic32mx/4.5.2/../../../../pic32mx/lib\libpic32.a(memset.o)
                                 0x19 (size before relaxing)
 .comment       0x000000c0       0x55 c:/program files (x86)/microchip/xc32/v1.22/bin/../lib/gcc/pic32mx/4.5.2/../../../../pic32mx/lib\libpic32.a(strcmp.o)
                                 0x56 (size before relaxing)
 .comment       0x00000115       0x19 c:/program files (x86)/microchip/xc32/v1.22/bin/../lib/gcc/pic32mx/4.5.2/../../../../pic32mx/lib\libpic32.a(strlen.o)
                                 0x1a (size before relaxing)
 .comment       0x00000000       0x3d c:/program files (x86)/microchip/xc32/v1.22/bin/../lib/gcc/pic32mx/4.5.2/../../../../pic32mx/lib\libpic32.a(default-bootstrap-exception-handler.o)
 .comment       0x00000000       0x3d c:/program files (x86)/microchip/xc32/v1.22/bin/../lib/gcc/pic32mx/4.5.2/../../../../pic32mx/lib\libpic32.a(default-on-reset.o)
 .comment       0x00000000       0x3d c:/program files (x86)/microchip/xc32/v1.22/bin/../lib/gcc/pic32mx/4.5.2/../../../../pic32mx/lib\libpic32.a(default-on-bootstrap.o)
 .comment       0x00000000       0x3d c:/program files (x86)/microchip/xc32/v1.22/bin/../lib/gcc/pic32mx/4.5.2/../../../../pic32mx/lib\libpic32.a(errno.o)
 .comment       0x00000000       0x3d c:/program files (x86)/microchip/xc32/v1.22/bin/../lib/gcc/pic32mx/4.5.2/../../../../pic32mx/lib\libm.a(w_powf.o)
 .comment       0x00000000       0x3d c:/program files (x86)/microchip/xc32/v1.22/bin/../lib/gcc/pic32mx/4.5.2/../../../../pic32mx/lib\libm.a(w_log10f.o)
 .comment       0x00000000       0x3d c:/program files (x86)/microchip/xc32/v1.22/bin/../lib/gcc/pic32mx/4.5.2/../../../../pic32mx/lib\libm.a(s_lib_ver.o)
 .comment       0x0000012e       0x4e c:/program files (x86)/microchip/xc32/v1.22/bin/../lib/gcc/pic32mx/4.5.2/../../../../pic32mx/lib\libe.a(_unordsf2.o)
                                 0x8b (size before relaxing)
 .comment       0x00000000       0x3d c:/program files (x86)/microchip/xc32/v1.22/bin/../lib/gcc/pic32mx/4.5.2/../../../../pic32mx/lib\libpic32.a(isinf.o)
 .comment       0x00000000       0x3d c:/program files (x86)/microchip/xc32/v1.22/bin/../lib/gcc/pic32mx/4.5.2/../../../../pic32mx/lib\libc.a(_iob.o)
 .comment       0x00000000       0x3d c:/program files (x86)/microchip/xc32/v1.22/bin/../lib/gcc/pic32mx/4.5.2/../../../../pic32mx/lib\libc.a(_fputc_simple.o)
 .comment       0x00000000       0x3d c:/program files (x86)/microchip/xc32/v1.22/bin/../lib/gcc/pic32mx/4.5.2/../../../../pic32mx/lib\libc.a(fread.o)
 .comment       0x00000000       0x3d c:/program files (x86)/microchip/xc32/v1.22/bin/../lib/gcc/pic32mx/4.5.2/../../../../pic32mx/lib\libc.a(fseek.o)
 .comment       0x00000000       0x3d c:/program files (x86)/microchip/xc32/v1.22/bin/../lib/gcc/pic32mx/4.5.2/../../../../pic32mx/lib\libc.a(fwrite.o)
 .comment       0x00000000       0x3d c:/program files (x86)/microchip/xc32/v1.22/bin/../lib/gcc/pic32mx/4.5.2/../../../../pic32mx/lib\libc.a(atoi.o)
 .comment       0x00000000       0x3d c:/program files (x86)/microchip/xc32/v1.22/bin/../lib/gcc/pic32mx/4.5.2/../../../../pic32mx/lib\libc.a(calloc.o)
 .comment       0x0000017c       0x4e c:/program files (x86)/microchip/xc32/v1.22/bin/../lib/gcc/pic32mx/4.5.2/../../../../pic32mx/lib\libc.a(ctype.o)
                                 0x8b (size before relaxing)
 .comment       0x000001ca       0x4f c:/program files (x86)/microchip/xc32/v1.22/bin/../lib/gcc/pic32mx/4.5.2/../../../../pic32mx/lib\libc.a(ctypef.o)
                                 0x8c (size before relaxing)
 .comment       0x00000000       0x3d c:/program files (x86)/microchip/xc32/v1.22/bin/../lib/gcc/pic32mx/4.5.2/../../../../pic32mx/lib\libc.a(malloc.o)
 .comment       0x00000000       0x3d c:/program files (x86)/microchip/xc32/v1.22/bin/../lib/gcc/pic32mx/4.5.2/../../../../pic32mx/lib\libc.a(memchr.o)
 .comment       0x00000000       0x3d c:/program files (x86)/microchip/xc32/v1.22/bin/../lib/gcc/pic32mx/4.5.2/../../../../pic32mx/lib\libc.a(memmove.o)
 .comment       0x00000000       0x3d c:/program files (x86)/microchip/xc32/v1.22/bin/../lib/gcc/pic32mx/4.5.2/../../../../pic32mx/lib\libc.a(signal.o)
 .comment       0x00000000       0x3d c:/program files (x86)/microchip/xc32/v1.22/bin/../lib/gcc/pic32mx/4.5.2/../../../../pic32mx/lib\libc.a(strchr.o)
 .comment       0x00000000       0x3d c:/program files (x86)/microchip/xc32/v1.22/bin/../lib/gcc/pic32mx/4.5.2/../../../../pic32mx/lib\libc.a(strncpy.o)
 .comment       0x00000000       0x3d c:/program files (x86)/microchip/xc32/v1.22/bin/../lib/gcc/pic32mx/4.5.2/../../../../pic32mx/lib\libc.a(strtod.o)
 .comment       0x00000000       0x3d c:/program files (x86)/microchip/xc32/v1.22/bin/../lib/gcc/pic32mx/4.5.2/../../../../pic32mx/lib\libc.a(strstr.o)
 .comment       0x00000000       0x3d c:/program files (x86)/microchip/xc32/v1.22/bin/../lib/gcc/pic32mx/4.5.2/../../../../pic32mx/lib\libc.a(strtok.o)
 .comment       0x00000000       0x3d c:/program files (x86)/microchip/xc32/v1.22/bin/../lib/gcc/pic32mx/4.5.2/../../../../pic32mx/lib\libc.a(strtol.o)
 .comment       0x00000000       0x3d c:/program files (x86)/microchip/xc32/v1.22/bin/../lib/gcc/pic32mx/4.5.2/../../../../pic32mx/lib\libc.a(exit.o)
 .comment       0x00000000       0x3d c:/program files (x86)/microchip/xc32/v1.22/bin/../lib/gcc/pic32mx/4.5.2/../../../../pic32mx/lib\libc.a(doprnt.o)
 .comment       0x00000000       0x3d c:/program files (x86)/microchip/xc32/v1.22/bin/../lib/gcc/pic32mx/4.5.2/../../../../pic32mx/lib\libc.a(printf_cdnopuxX.eo)
 .comment       0x00000000       0x3d c:/program files (x86)/microchip/xc32/v1.22/bin/../lib/gcc/pic32mx/4.5.2/../../../../pic32mx/lib\libc.a(sprintf_cdnopsuxX.eo)
 .comment       0x00000000       0x3d c:/program files (x86)/microchip/xc32/v1.22/bin/../lib/gcc/pic32mx/4.5.2/../../../../pic32mx/lib\libc.a(vsnprintf.o)
 .comment       0x00000000       0x3d c:/program files (x86)/microchip/xc32/v1.22/bin/../lib/gcc/pic32mx/4.5.2/../../../../pic32mx/lib\libc.a(_flsbuf_simple.o)
 .comment       0x00000000       0x3d c:/program files (x86)/microchip/xc32/v1.22/bin/../lib/gcc/pic32mx/4.5.2/../../../../pic32mx/lib\libc.a(stdclean_simple.o)
 .comment       0x00000000       0x3d c:/program files (x86)/microchip/xc32/v1.22/bin/../lib/gcc/pic32mx/4.5.2/../../../../pic32mx/lib\libc.a(fflush.o)
 .comment       0x00000000       0x3d c:/program files (x86)/microchip/xc32/v1.22/bin/../lib/gcc/pic32mx/4.5.2/../../../../pic32mx/lib\libc.a(fgetc.o)
 .comment       0x00000000       0x3d c:/program files (x86)/microchip/xc32/v1.22/bin/../lib/gcc/pic32mx/4.5.2/../../../../pic32mx/lib\libc.a(powersf.o)
 .comment       0x00000000       0x3d c:/program files (x86)/microchip/xc32/v1.22/bin/../lib/gcc/pic32mx/4.5.2/../../../../pic32mx/lib\libc.a(strcspn.o)
 .comment       0x00000000       0x3d c:/program files (x86)/microchip/xc32/v1.22/bin/../lib/gcc/pic32mx/4.5.2/../../../../pic32mx/lib\libc.a(strncmp.o)
 .comment       0x00000000       0x3d c:/program files (x86)/microchip/xc32/v1.22/bin/../lib/gcc/pic32mx/4.5.2/../../../../pic32mx/lib\libc.a(strspn.o)
 .comment       0x00000000       0x3d c:/program files (x86)/microchip/xc32/v1.22/bin/../lib/gcc/pic32mx/4.5.2/../../../../pic32mx/lib\libc.a(doprnt_cdnopsuxX.eo)
 .comment       0x00000000       0x3d c:/program files (x86)/microchip/xc32/v1.22/bin/../lib/gcc/pic32mx/4.5.2/../../../../pic32mx/lib\libc.a(filbuf.o)
 .comment       0x00000219       0x4b c:/program files (x86)/microchip/xc32/v1.22/bin/../lib/gcc/pic32mx/4.5.2/../../../../pic32mx/lib\libpic32.a(sbrk.o)
                                 0x88 (size before relaxing)
 .comment       0x00000000       0x3d c:/program files (x86)/microchip/xc32/v1.22/bin/../lib/gcc/pic32mx/4.5.2/../../../../pic32mx/lib\libpic32.a(read.o)
 .comment       0x00000000       0x3d c:/program files (x86)/microchip/xc32/v1.22/bin/../lib/gcc/pic32mx/4.5.2/../../../../pic32mx/lib\libpic32.a(write.o)
 .comment       0x00000000       0x3d c:/program files (x86)/microchip/xc32/v1.22/bin/../lib/gcc/pic32mx/4.5.2/../../../../pic32mx/lib\libpic32.a(lseek.o)
 .comment       0x00000000       0x3d c:/program files (x86)/microchip/xc32/v1.22/bin/../lib/gcc/pic32mx/4.5.2/../../../../pic32mx/lib\libpic32.a(xc32_uart.o)
 .comment       0x00000000       0x3d c:/program files (x86)/microchip/xc32/v1.22/bin/../lib/gcc/pic32mx/4.5.2/../../../../pic32mx/lib\libpic32.a(_mon_putc.o)
 .comment       0x00000000       0x8b c:/program files (x86)/microchip/xc32/v1.22/bin/../lib/gcc/pic32mx/4.5.2/../../../../pic32mx/lib\libe.a(_unorddf2.o)